
=== worker start 2026-10-09T20:35:19 foci
Warp 1.17.0 initialized:
   CUDA Toolkit 12.9, Driver 13.3
   Devices:
     "cpu"      : "CPU"
     "cuda:0"   : "NVIDIA L40S" (44 GiB, sm_89, mempool enabled)
   Kernel cache:
     /scratch/wg2381/.cache/warp/1.17.0
m_t_to_s (1, 1)
CasADi - 2026-10-09 20:35:32 WARNING("CasADi was not compiled with WITH_OPENMP=ON. Falling back to serial evaluation.") [.../casadi/core/map.cpp:429]
CasADi - 2026-10-09 20:35:32 WARNING("CasADi was not compiled with WITH_OPENMP=ON. Falling back to serial evaluation.") [.../casadi/core/map.cpp:429]

******************************************************************************
This program contains Ipopt, a library for large-scale nonlinear optimization.
 Ipopt is released as open source code under the Eclipse Public License (EPL).
         For more information visit https://github.com/coin-or/Ipopt
******************************************************************************

This is Ipopt version 3.14.19, running with linear solver MUMPS 5.8.2.

Number of nonzeros in equality constraint Jacobian...:        0
Number of nonzeros in inequality constraint Jacobian.:      488
Number of nonzeros in Lagrangian Hessian.............:        0

Module foci.convolution.gaussian_robot_warp bcbe703 load on device 'cuda:0' took 25.05 ms  (cached)
Total number of variables............................:       40
                     variables with only lower bounds:        0
                variables with lower and upper bounds:        0
                     variables with only upper bounds:        0
Total number of equality constraints.................:        0
Total number of inequality constraints...............:       57
        inequality constraints with only lower bounds:        0
   inequality constraints with lower and upper bounds:       57
        inequality constraints with only upper bounds:        0

iter    objective    inf_pr   inf_du lg(mu)  ||d||  lg(rg) alpha_du alpha_pr  ls
   0  7.1275676e+07 9.23e+00 2.66e+01   0.0 0.00e+00    -  0.00e+00 0.00e+00   0
   1  2.8095175e+06 9.18e+00 6.69e+01   0.9 2.56e+01    -  3.68e-01 6.36e-03f  1
   2  1.8573650e+06 2.31e+00 1.47e+02  -0.1 1.94e+00    -  7.18e-01 1.00e+00f  1
   3  1.4793669e+06 1.30e+00 8.87e+01   0.0 1.55e+00    -  9.33e-01 4.42e-01f  1
   4  1.0064883e+06 1.21e+00 2.09e+01  -0.5 7.50e-01    -  9.98e-01 1.00e+00f  1
   5  3.3564898e+05 6.72e-02 5.11e+00  -1.3 3.53e-01    -  1.00e+00 1.00e+00h  1
   6  1.7782307e+05 8.31e-03 9.47e-01  -2.1 3.13e-01    -  9.99e-01 1.00e+00h  1
   7  1.1941974e+05 0.00e+00 3.69e-01  -2.8 1.02e-01    -  9.99e-01 1.00e+00h  1
   8  3.7052097e+04 0.00e+00 1.18e-01  -2.8 3.47e-01    -  9.99e-01 1.00e+00h  1
   9  1.7585773e+04 0.00e+00 5.05e-02  -2.9 1.67e-01    -  9.93e-01 1.00e+00h  1
iter    objective    inf_pr   inf_du lg(mu)  ||d||  lg(rg) alpha_du alpha_pr  ls
  10  1.0103512e+04 0.00e+00 1.81e-02  -3.9 1.48e-01    -  9.99e-01 1.00e+00h  1
  11  6.1797069e+03 0.00e+00 1.16e-02  -4.6 7.01e-02    -  1.00e+00 1.00e+00h  1
  12  4.1811587e+03 0.00e+00 5.18e-03  -5.8 5.00e-02    -  1.00e+00 1.00e+00h  1
  13  3.2271283e+03 0.00e+00 2.53e-03  -6.9 5.49e-02    -  1.00e+00 1.00e+00h  1
  14  2.7257492e+03 0.00e+00 1.24e-03  -7.9 9.51e-02    -  1.00e+00 1.00e+00h  1
  15  2.3847255e+03 0.00e+00 5.58e-04  -8.5 3.46e-01    -  1.00e+00 1.00e+00h  1
  16  2.0239580e+03 0.00e+00 3.19e-04  -9.1 5.25e-01    -  1.00e+00 1.00e+00h  1
  17  1.8126551e+03 2.08e-03 2.99e-04  -7.1 8.46e-01    -  1.00e+00 2.47e-01h  1
  18  8.1724840e+02 1.04e+00 1.51e-04  -6.6 5.68e-01    -  1.00e+00 1.00e+00h  1
  19  3.9075651e+02 0.00e+00 5.48e-04  -7.6 6.12e-01    -  1.71e-01 1.00e+00h  1
iter    objective    inf_pr   inf_du lg(mu)  ||d||  lg(rg) alpha_du alpha_pr  ls
  20  2.2682991e+02 0.00e+00 6.02e-05  -6.6 5.41e-01    -  1.00e+00 1.00e+00h  1
  21  1.6296267e+02 1.71e-02 5.05e-05  -6.3 5.16e-01    -  1.00e+00 7.23e-01H  1
  22  1.6827044e+02 0.00e+00 7.06e-05  -6.4 2.94e-01    -  9.93e-01 1.00e+00h  1
  23  1.0524382e+02 0.00e+00 1.67e-05  -6.5 1.38e-01    -  1.00e+00 1.00e+00h  1
  24  8.8636752e+01 0.00e+00 1.05e-05  -7.3 1.10e-01    -  1.00e+00 1.00e+00h  1
  25  7.0277113e+01 2.06e-02 8.64e-05  -6.6 8.77e-01    -  1.00e+00 3.76e-01h  2
  26  7.9039231e+01 0.00e+00 4.47e-05  -6.2 1.99e+00    -  2.82e-01 4.10e-01H  1
  27  8.1815700e+01 0.00e+00 3.38e-05  -6.5 8.71e-01    -  1.00e+00 2.50e-01h  3
  28  3.0679358e+01 0.00e+00 1.26e-05  -6.6 4.01e-01    -  1.00e+00 8.68e-01h  1
  29  2.8425307e+01 0.00e+00 1.18e-05  -6.7 4.57e-01    -  9.97e-01 2.50e-01h  3
iter    objective    inf_pr   inf_du lg(mu)  ||d||  lg(rg) alpha_du alpha_pr  ls
  30  2.1834776e+01 0.00e+00 1.72e-05  -7.2 2.37e-01    -  1.00e+00 1.00e+00h  1
  31  1.9532317e+01 0.00e+00 1.71e-05  -7.2 2.08e-01    -  9.99e-01 1.00e+00h  1
  32  1.5420976e+01 0.00e+00 2.98e-06  -7.3 1.99e-01    -  1.00e+00 1.00e+00h  1
  33  1.4731025e+01 0.00e+00 5.70e-06  -7.8 7.91e-02    -  9.99e-01 1.00e+00h  1
  34  1.3504690e+01 0.00e+00 2.53e-06  -8.6 6.75e-02    -  1.00e+00 1.00e+00h  1
  35  1.2751035e+01 0.00e+00 4.92e-06  -7.4 2.36e-01    -  1.00e+00 1.00e+00H  1
  36  1.1632213e+01 0.00e+00 6.65e-06  -7.9 1.55e-01    -  9.99e-01 1.00e+00h  1
  37  9.2827306e+00 0.00e+00 6.44e-06  -7.6 2.14e-01    -  1.00e+00 1.00e+00h  1
  38  1.2485693e+01 0.00e+00 1.42e-05  -7.4 4.23e-01    -  1.00e+00 1.00e+00H  1
  39  7.5043633e+00 0.00e+00 3.39e-06  -7.5 3.19e-01    -  1.00e+00 1.00e+00h  1
iter    objective    inf_pr   inf_du lg(mu)  ||d||  lg(rg) alpha_du alpha_pr  ls
  40  6.1841450e+00 0.00e+00 3.80e-06  -7.8 2.17e-01    -  1.00e+00 1.00e+00h  1
  41  9.2275905e+00 2.54e-05 1.37e-05  -7.4 3.20e-01    -  1.00e+00 9.62e-01H  1
  42  7.3189543e+00 0.00e+00 1.24e-05  -7.8 1.79e-01    -  1.00e+00 1.00e+00h  1
  43  5.1459422e+00 0.00e+00 7.32e-06  -7.9 4.31e-01    -  3.76e-01 2.61e-01h  2
  44  3.6395724e+00 0.00e+00 2.35e-06  -8.0 1.88e-01    -  1.00e+00 1.00e+00h  1
  45  3.1458968e+00 0.00e+00 2.87e-06  -9.2 2.81e-02    -  1.00e+00 1.00e+00h  1
  46  2.9673672e+00 0.00e+00 2.89e-06  -8.1 2.00e-01    -  1.00e+00 2.50e-01h  3
  47  5.9313241e+00 0.00e+00 9.74e-06  -7.6 2.43e-01    -  1.00e+00 1.00e+00H  1
  48  4.2406285e+00 0.00e+00 6.33e-06  -7.6 2.60e-01    -  8.54e-01 5.00e-01h  2
  49  3.1854190e+00 0.00e+00 2.66e-06  -7.6 2.43e-01    -  1.00e+00 4.52e-01h  2
iter    objective    inf_pr   inf_du lg(mu)  ||d||  lg(rg) alpha_du alpha_pr  ls
  50  2.9201514e+00 0.00e+00 2.12e-06  -7.6 7.78e-02    -  1.00e+00 5.00e-01h  2
  51  2.3407264e+00 0.00e+00 3.40e-06  -8.4 6.17e-02    -  1.00e+00 1.00e+00h  1
  52  4.1835347e+00 1.87e-03 1.01e-05  -8.4 1.43e-01    -  8.00e-01 8.31e-01H  1
  53  2.6172514e+00 0.00e+00 7.24e-06  -8.6 2.96e-01    -  3.28e-01 6.35e-01h  1
  54  2.1399131e+00 0.00e+00 4.85e-06  -8.6 7.74e-02    -  5.84e-01 2.18e-01h  1
  55  2.8987685e+00 0.00e+00 4.02e-06  -7.9 1.33e-01    -  1.00e+00 1.00e+00f  1
  56  2.8873719e+00 0.00e+00 5.30e-06  -7.9 1.75e-01    -  8.36e-01 1.25e-01h  4
  57  2.1063584e+00 0.00e+00 2.03e-06  -7.9 9.97e-02    -  1.00e+00 1.00e+00h  1
  58  1.9701029e+00 0.00e+00 1.75e-06  -8.8 8.96e-02    -  1.00e+00 1.25e-01h  4
  59  1.9414693e+00 0.00e+00 3.58e-06  -9.3 9.23e-02    -  1.00e+00 1.00e+00h  1
iter    objective    inf_pr   inf_du lg(mu)  ||d||  lg(rg) alpha_du alpha_pr  ls
  60  2.2640346e+00 4.25e-05 6.03e-06  -8.9 2.79e-01    -  1.00e+00 9.88e-01H  1

Number of Iterations....: 60

                                   (scaled)                 (unscaled)
Objective...............:   4.4056346881723777e-07    2.2640345519815557e+00
Dual infeasibility......:   6.0280939476846628e-06    3.0978085897109633e+01
Constraint violation....:   4.2467194123263496e-05    4.2467194123263496e-05
Variable bound violation:   0.0000000000000000e+00    0.0000000000000000e+00
Complementarity.........:   1.5635821906796194e-09    8.0351739422820766e-03
Overall NLP error.......:   4.2467194123263496e-05    3.0978085897109633e+01


Number of objective function evaluations             = 109
Number of objective gradient evaluations             = 61
Number of equality constraint evaluations            = 0
Number of inequality constraint evaluations          = 109
Number of equality constraint Jacobian evaluations   = 0
Number of inequality constraint Jacobian evaluations = 61
Number of Lagrangian Hessian evaluations             = 0
Total seconds in IPOPT                               = 0.274

EXIT: Solved To Acceptable Level.
This is Ipopt version 3.14.19, running with linear solver MUMPS 5.8.2.

Number of nonzeros in equality constraint Jacobian...:        0
Number of nonzeros in inequality constraint Jacobian.:      488
Number of nonzeros in Lagrangian Hessian.............:        0

Total number of variables............................:       40
                     variables with only lower bounds:        0
                variables with lower and upper bounds:        0
                     variables with only upper bounds:        0
Total number of equality constraints.................:        0
Total number of inequality constraints...............:       57
        inequality constraints with only lower bounds:        0
   inequality constraints with lower and upper bounds:       57
        inequality constraints with only upper bounds:        0

iter    objective    inf_pr   inf_du lg(mu)  ||d||  lg(rg) alpha_du alpha_pr  ls
   0  5.6662164e+07 6.75e+00 1.17e+01   0.0 0.00e+00    -  0.00e+00 0.00e+00   0
   1  1.2173462e+06 6.77e+00 2.18e+02   0.3 1.11e+01    -  1.92e-01 4.10e-02f  1
   2  1.5026063e+05 1.67e+00 5.98e+00  -2.0 3.72e-01    -  7.19e-01 1.00e+00h  1
   3  8.4750022e+04 4.69e-02 6.63e-01  -1.3 1.70e-01    -  9.06e-01 1.00e+00h  1
   4  1.7465804e+04 0.00e+00 1.47e-01  -2.5 6.19e-02    -  9.33e-01 1.00e+00h  1
   5  1.4385843e+04 0.00e+00 5.09e-02  -3.2 7.88e-02    -  9.89e-01 1.00e+00h  1
   6  6.5729708e+03 0.00e+00 2.51e-02  -4.8 5.17e-02    -  8.83e-01 1.00e+00h  1
   7  3.3077795e+03 0.00e+00 1.45e-02  -4.8 2.98e-01    -  1.00e+00 1.00e+00h  1
   8  1.9467885e+03 0.00e+00 9.06e-03  -5.7 8.81e-02    -  1.00e+00 1.00e+00h  1
   9  1.6266341e+03 0.00e+00 1.07e-02  -5.0 1.97e-01    -  1.00e+00 9.90e-01H  1
iter    objective    inf_pr   inf_du lg(mu)  ||d||  lg(rg) alpha_du alpha_pr  ls
  10  5.5620526e+02 0.00e+00 2.64e-03  -4.8 8.80e-01    -  1.00e+00 1.00e+00h  1
  11  3.9446756e+02 0.00e+00 1.76e-03  -5.7 4.87e-02    -  1.00e+00 1.00e+00h  1
  12  2.0812765e+02 0.00e+00 7.85e-04  -6.1 1.70e-01    -  1.00e+00 1.00e+00h  1
  13  1.3328714e+02 0.00e+00 3.97e-04  -7.0 1.97e-01    -  1.00e+00 1.00e+00h  1
  14  9.0384996e+01 0.00e+00 1.84e-04  -7.7 2.02e-01    -  1.00e+00 1.00e+00h  1
  15  7.3045180e+01 0.00e+00 9.72e-05  -6.6 2.28e-01    -  1.00e+00 1.00e+00h  1
  16  5.8834766e+01 0.00e+00 3.98e-05  -6.8 1.40e-01    -  1.00e+00 1.00e+00h  1
  17  4.7467399e+01 0.00e+00 2.21e-05  -7.1 4.56e-01    -  1.00e+00 1.00e+00h  1
  18  4.3354981e+01 0.00e+00 7.63e-06  -6.9 1.09e-01    -  7.51e-01 1.00e+00h  1
  19  7.3884132e+01 0.00e+00 2.32e-04  -6.4 2.97e-01    -  9.30e-01 1.00e+00H  1
iter    objective    inf_pr   inf_du lg(mu)  ||d||  lg(rg) alpha_du alpha_pr  ls
  20  4.4071657e+01 0.00e+00 2.86e-05  -6.8 2.31e-01    -  1.00e+00 1.00e+00h  1
  21  4.1967515e+01 0.00e+00 2.50e-05  -6.9 1.88e-01    -  1.00e+00 1.00e+00h  1
  22  3.9101193e+01 0.00e+00 5.97e-06  -7.7 8.90e-02    -  1.00e+00 1.00e+00h  1
  23  3.5789287e+01 0.00e+00 1.11e-05  -7.4 1.15e-01    -  1.00e+00 1.00e+00h  1
  24  3.3435185e+01 0.00e+00 1.65e-05  -7.8 3.11e-01    -  9.50e-01 4.16e-01h  2
  25  3.5644705e+01 0.00e+00 2.34e-05  -7.3 2.21e-01    -  1.00e+00 1.00e+00h  1
  26  2.7182654e+01 0.00e+00 6.69e-06  -7.8 1.41e-01    -  1.00e+00 1.00e+00h  1
  27  2.5619369e+01 0.00e+00 5.12e-06  -7.9 1.92e-01    -  8.18e-01 1.00e+00h  1
  28  2.3774936e+01 1.55e-03 4.71e-06  -8.0 1.67e-01    -  1.00e+00 1.00e+00h  1
  29  2.2248131e+01 0.00e+00 5.85e-06  -7.5 1.27e+00    -  2.07e-01 1.88e-01h  2
iter    objective    inf_pr   inf_du lg(mu)  ||d||  lg(rg) alpha_du alpha_pr  ls
  30  2.4870751e+01 0.00e+00 2.13e-05  -7.1 8.23e-01    -  1.76e-01 2.60e-01h  2
  31  1.9953982e+01 3.21e-03 1.40e-05  -7.6 1.98e-01    -  1.00e+00 6.86e-01H  1
  32  2.0248031e+01 0.00e+00 2.18e-05  -7.7 6.17e-01    -  3.66e-01 3.36e-01H  1
  33  1.6984602e+01 0.00e+00 1.33e-05  -7.8 1.80e-01    -  5.69e-01 4.18e-01h  1
  34  1.3382880e+01 0.00e+00 6.90e-06  -8.4 4.78e-02    -  1.00e+00 1.00e+00h  1
  35  1.2667603e+01 0.00e+00 6.53e-06  -8.1 1.14e-01    -  1.00e+00 1.00e+00h  1
  36  1.8304445e+01 0.00e+00 2.84e-05  -7.1 5.90e-01    -  2.38e-01 2.12e-01h  2
  37  1.2344515e+01 3.18e-03 5.18e-06  -7.7 1.44e-01    -  1.00e+00 9.16e-01h  1
  38  1.4056723e+01 0.00e+00 9.24e-06  -7.4 9.66e-02    -  1.00e+00 1.00e+00f  1
  39  1.4295920e+01 0.00e+00 8.48e-06  -7.2 1.18e-01    -  1.00e+00 1.00e+00h  1
iter    objective    inf_pr   inf_du lg(mu)  ||d||  lg(rg) alpha_du alpha_pr  ls
  40  1.8717882e+01 0.00e+00 2.54e-05  -7.7 1.17e-01    -  3.96e-01 9.53e-01H  1
  41  1.0744538e+01 0.00e+00 8.57e-06  -7.6 2.21e-01    -  1.00e+00 1.00e+00h  1
  42  9.3987577e+00 0.00e+00 3.80e-06  -8.2 5.51e-02    -  1.00e+00 1.00e+00h  1
  43  9.0350691e+00 0.00e+00 1.48e-05  -7.9 1.80e-01    -  1.00e+00 1.00e+00h  1
  44  1.1579133e+01 0.00e+00 1.47e-05  -7.2 3.14e-01    -  5.52e-01 2.28e-01h  2
  45  9.1822584e+00 0.00e+00 5.33e-06  -7.6 1.82e-01    -  1.00e+00 1.00e+00h  1
  46  8.7969143e+00 0.00e+00 7.60e-06  -7.7 1.39e-01    -  1.00e+00 1.00e+00h  1
  47  9.1664765e+00 0.00e+00 1.53e-06  -7.5 1.04e-01    -  1.00e+00 1.00e+00h  1
  48  7.9683905e+00 0.00e+00 4.41e-06  -8.1 7.44e-02    -  1.00e+00 1.00e+00h  1
  49  7.8252106e+00 0.00e+00 7.15e-06  -8.1 2.35e-01    -  1.00e+00 2.50e-01h  3
iter    objective    inf_pr   inf_du lg(mu)  ||d||  lg(rg) alpha_du alpha_pr  ls
  50  7.7840669e+00 0.00e+00 5.55e-06  -8.2 1.97e-02    -  7.65e-01 1.00e+00H  1
  51  7.4194627e+00 0.00e+00 1.93e-06  -8.3 6.99e-02    -  1.00e+00 1.00e+00h  1
  52  7.1205220e+00 0.00e+00 1.04e-06  -9.1 5.01e-02    -  1.00e+00 1.00e+00h  1

Number of Iterations....: 52

                                   (scaled)                 (unscaled)
Objective...............:   1.7852379371187220e-06    7.1205220091023822e+00
Dual infeasibility......:   1.0366385977972307e-06    4.1346914031041759e+00
Constraint violation....:   0.0000000000000000e+00    0.0000000000000000e+00
Variable bound violation:   0.0000000000000000e+00    0.0000000000000000e+00
Complementarity.........:   1.7253747586355572e-09    6.8817543518274338e-03
Overall NLP error.......:   1.0366385977972307e-06    4.1346914031041759e+00


Number of objective function evaluations             = 78
Number of objective gradient evaluations             = 53
Number of equality constraint evaluations            = 0
Number of inequality constraint evaluations          = 78
Number of equality constraint Jacobian evaluations   = 0
Number of inequality constraint Jacobian evaluations = 53
Number of Lagrangian Hessian evaluations             = 0
Total seconds in IPOPT                               = 0.179

EXIT: Solved To Acceptable Level.
This is Ipopt version 3.14.19, running with linear solver MUMPS 5.8.2.

Number of nonzeros in equality constraint Jacobian...:        0
Number of nonzeros in inequality constraint Jacobian.:      488
Number of nonzeros in Lagrangian Hessian.............:        0

Total number of variables............................:       40
                     variables with only lower bounds:        0
                variables with lower and upper bounds:        0
                     variables with only upper bounds:        0
Total number of equality constraints.................:        0
Total number of inequality constraints...............:       57
        inequality constraints with only lower bounds:        0
   inequality constraints with lower and upper bounds:       57
        inequality constraints with only upper bounds:        0

iter    objective    inf_pr   inf_du lg(mu)  ||d||  lg(rg) alpha_du alpha_pr  ls
   0  1.4890433e+08 7.03e+00 3.31e+01   0.0 0.00e+00    -  0.00e+00 0.00e+00   0
   1  3.3561430e+07 2.94e+01 1.70e+02   0.6 3.02e+01    -  1.17e-02 8.22e-02f  1
   2  9.4157048e+06 2.65e+01 1.62e+02   0.1 1.30e+00    -  1.00e+00 1.07e-01f  1
   3  1.8516341e+05 8.73e+00 5.87e+01  -5.9 1.22e+00    -  5.86e-01 1.00e+00h  1
   4  8.8083793e+04 3.91e+00 5.72e+00  -0.1 6.50e-01    -  9.87e-01 1.00e+00f  1
   5  1.9384410e+05 2.18e+00 3.53e+00  -1.0 3.94e-01    -  9.59e-01 5.00e-01h  2
   6  3.6768447e+05 9.79e-01 2.29e+00  -1.7 2.48e-01    -  1.00e+00 5.00e-01h  2
   7  1.0650159e+05 1.05e+00 2.43e+00  -1.7 1.67e+00    -  1.00e+00 2.45e-01h  3
   8  2.8144264e+04 1.07e+00 1.21e+00  -2.2 4.53e-01    -  1.00e+00 5.00e-01h  2
   9  3.4550813e+04 3.88e-01 4.69e-01  -1.9 6.04e-01    -  1.00e+00 1.00e+00h  1
iter    objective    inf_pr   inf_du lg(mu)  ||d||  lg(rg) alpha_du alpha_pr  ls
  10  1.2626998e+04 0.00e+00 5.02e-02  -3.0 1.19e-01    -  9.99e-01 1.00e+00h  1
  11  6.3122787e+03 0.00e+00 9.19e-03  -3.8 5.12e-02    -  9.98e-01 1.00e+00h  1
  12  3.1237560e+03 0.00e+00 4.75e-03  -4.2 1.77e-01    -  9.97e-01 1.00e+00h  1
  13  1.4452503e+03 0.00e+00 2.14e-03  -5.4 1.83e-01    -  9.99e-01 1.00e+00h  1
  14  7.5903013e+02 0.00e+00 1.07e-03  -6.3 1.29e-01    -  1.00e+00 1.00e+00h  1
  15  4.1666567e+02 0.00e+00 5.12e-04  -6.9 1.40e-01    -  1.00e+00 1.00e+00h  1
  16  2.5682489e+02 0.00e+00 2.49e-04  -8.0 1.18e-01    -  1.00e+00 1.00e+00h  1
  17  1.7457655e+02 0.00e+00 1.32e-04  -9.1 2.18e-01    -  1.00e+00 1.00e+00h  1
  18  1.2527121e+02 0.00e+00 7.26e-05  -8.2 5.11e-01    -  1.00e+00 1.00e+00h  1
  19  8.8194756e+01 0.00e+00 4.72e-05 -11.0 1.03e+00    -  4.13e-01 8.72e-01h  1
iter    objective    inf_pr   inf_du lg(mu)  ||d||  lg(rg) alpha_du alpha_pr  ls
  20  6.9373650e+01 7.43e-03 2.60e-05  -8.2 8.74e-01    -  1.00e+00 5.78e-01h  1
  21  6.2924626e+01 5.41e-02 4.49e-05  -7.9 6.88e-01    -  2.13e-01 1.00e+00h  1
  22  6.9437972e+01 0.00e+00 4.93e-05  -6.4 1.04e+01    -  1.00e+00 2.15e-02h  3
  23  6.4088010e+01 0.00e+00 3.04e-05  -6.4 4.99e-01    -  1.00e+00 5.00e-01h  2
  24  6.2050040e+01 0.00e+00 2.90e-05  -6.4 3.82e-01    -  1.00e+00 2.50e-01h  3
  25  5.8997883e+01 0.00e+00 2.20e-05  -6.7 5.05e-01    -  9.98e-01 1.25e-01h  4
  26  4.8432622e+01 1.66e-03 2.54e-05  -7.0 1.24e+00    -  5.32e-01 1.85e-01h  3
  27  1.0109225e+02 0.00e+00 5.17e-04  -6.0 7.22e-01    -  1.00e+00 2.50e-01h  3
  28  7.0460790e+01 0.00e+00 2.22e-05  -6.1 2.00e-01    -  1.00e+00 1.00e+00h  1
  29  5.8114830e+01 0.00e+00 2.85e-05  -6.1 1.71e+00    -  1.00e+00 1.45e-01h  2
iter    objective    inf_pr   inf_du lg(mu)  ||d||  lg(rg) alpha_du alpha_pr  ls
  30  3.6331501e+01 0.00e+00 9.89e-06  -6.9 1.29e-01    -  1.00e+00 1.00e+00h  1
  31  4.6788550e+01 0.00e+00 3.98e-05  -6.6 2.23e-01    -  1.00e+00 1.00e+00H  1
  32  4.3211669e+01 0.00e+00 9.58e-06  -6.3 2.79e-01    -  1.00e+00 1.00e+00h  1
  33  5.2973855e+01 3.78e-04 3.02e-05  -6.4 2.16e-01    -  9.27e-01 1.00e+00h  1
  34  3.3021458e+01 0.00e+00 5.56e-06  -6.4 9.75e-02    -  1.00e+00 1.00e+00h  1
  35  2.8041325e+01 0.00e+00 2.69e-06  -7.2 1.80e-01    -  9.92e-01 1.00e+00h  1
  36  2.1135393e+01 0.00e+00 4.34e-06  -7.5 2.05e-01    -  1.00e+00 1.00e+00h  1
  37  9.4032022e+02 4.16e-03 2.05e-03  -6.9 5.58e-01    -  1.00e+00 9.22e-01H  1
  38  2.5454277e+01 0.00e+00 4.14e-05  -6.9 6.34e-01    -  8.44e-02 1.00e+00h  1
  39  2.3593848e+01 0.00e+00 4.44e-06  -6.9 3.75e-01    -  1.00e+00 1.00e+00h  1
iter    objective    inf_pr   inf_du lg(mu)  ||d||  lg(rg) alpha_du alpha_pr  ls
  40  1.7004519e+01 0.00e+00 2.04e-06  -7.7 1.55e-01    -  9.97e-01 1.00e+00h  1
  41  1.5166531e+01 0.00e+00 8.72e-06  -7.4 4.34e-01    -  1.00e+00 2.50e-01h  3
  42  2.4226458e+01 0.00e+00 1.78e-05  -7.1 2.12e-01    -  1.00e+00 1.00e+00H  1
  43  1.4792343e+01 0.00e+00 4.52e-06  -7.2 2.74e-01    -  9.68e-01 1.00e+00h  1
  44  1.0716177e+01 0.00e+00 2.85e-06  -7.7 1.05e-01    -  1.00e+00 1.00e+00h  1
  45  7.6619471e+00 3.84e-03 3.38e-06  -8.3 2.30e-01    -  1.00e+00 1.00e+00h  1
  46  7.9100086e+00 2.60e-03 4.58e-06  -8.0 3.31e-01    -  1.00e+00 5.00e-01h  2
  47  7.1721141e+00 0.00e+00 5.25e-06  -8.1 1.55e-01    -  1.00e+00 1.00e+00h  1
  48  5.7002486e+00 0.00e+00 1.55e-06  -8.7 1.15e-01    -  1.00e+00 1.00e+00h  1
  49  5.8946758e+00 0.00e+00 7.26e-07  -8.2 2.28e-02    -  1.00e+00 1.00e+00h  1
iter    objective    inf_pr   inf_du lg(mu)  ||d||  lg(rg) alpha_du alpha_pr  ls
  50  5.1089242e+00 4.78e-04 8.72e-07  -9.0 6.61e-02    -  1.00e+00 1.00e+00h  1
  51  6.0474002e+00 0.00e+00 3.97e-06  -7.6 4.29e-01    -  1.66e-01 1.60e-01h  3
  52  4.7711766e+00 3.58e-03 1.98e-06  -8.4 1.54e-01    -  1.00e+00 6.12e-01h  1
  53  5.4440288e+00 9.53e-05 3.38e-06  -8.2 2.30e-01    -  1.00e+00 5.00e-01f  2
  54  4.5179005e+00 0.00e+00 7.75e-07  -8.3 8.87e-02    -  1.00e+00 1.00e+00h  1
  55  4.5747552e+00 0.00e+00 9.73e-07  -8.3 4.04e-02    -  9.98e-01 1.00e+00h  1
  56  4.0986468e+00 1.86e-04 4.62e-07  -9.1 3.38e-02    -  1.00e+00 1.00e+00h  1

Number of Iterations....: 56

                                   (scaled)                 (unscaled)
Objective...............:   8.1212527065790256e-07    4.0986468102491305e+00
Dual infeasibility......:   4.6211506516202205e-07    2.3322097048648964e+00
Constraint violation....:   1.8623839013520715e-04    1.8623839013520715e-04
Variable bound violation:   0.0000000000000000e+00    0.0000000000000000e+00
Complementarity.........:   1.7279799546808743e-09    8.7207968835765551e-03
Overall NLP error.......:   1.8623839013520715e-04    2.3322097048648964e+00


Number of objective function evaluations             = 108
Number of objective gradient evaluations             = 57
Number of equality constraint evaluations            = 0
Number of inequality constraint evaluations          = 108
Number of equality constraint Jacobian evaluations   = 0
Number of inequality constraint Jacobian evaluations = 57
Number of Lagrangian Hessian evaluations             = 0
Total seconds in IPOPT                               = 0.212

EXIT: Solved To Acceptable Level.
This is Ipopt version 3.14.19, running with linear solver MUMPS 5.8.2.

Number of nonzeros in equality constraint Jacobian...:        0
Number of nonzeros in inequality constraint Jacobian.:      488
Number of nonzeros in Lagrangian Hessian.............:        0

Total number of variables............................:       40
                     variables with only lower bounds:        0
                variables with lower and upper bounds:        0
                     variables with only upper bounds:        0
Total number of equality constraints.................:        0
Total number of inequality constraints...............:       57
        inequality constraints with only lower bounds:        0
   inequality constraints with lower and upper bounds:       57
        inequality constraints with only upper bounds:        0

iter    objective    inf_pr   inf_du lg(mu)  ||d||  lg(rg) alpha_du alpha_pr  ls
   0  2.7755647e+06 1.38e+02 3.12e+01   0.0 0.00e+00    -  0.00e+00 0.00e+00   0
   1  1.9294681e+05 1.37e+02 4.63e+02   0.6 2.35e+01    -  4.84e-01 1.26e-02f  1
   2  5.9065232e+04 7.23e+01 1.37e+02  -1.0 1.77e+00    -  6.46e-01 6.31e-01h  1
   3  1.6772732e+03 1.85e+01 4.10e+00  -6.1 1.16e+00    -  7.10e-01 1.00e+00h  1
   4  3.0790211e+03 4.38e+00 3.18e-01  -2.2 6.10e-01    -  9.57e-01 1.00e+00h  1
   5  1.1602950e+03 3.13e+00 1.46e-01  -2.6 3.48e-01    -  8.40e-01 1.00e+00h  1
   6  1.3226489e+03 6.19e-01 4.96e-02  -2.7 4.26e-01    -  1.00e+00 1.00e+00h  1
   7  1.2020453e+03 0.00e+00 1.86e-02  -3.7 8.87e-02    -  9.81e-01 1.00e+00h  1
   8  1.1459886e+03 0.00e+00 2.78e-03  -4.7 1.42e-01    -  1.00e+00 1.00e+00h  1
   9  4.3840897e+02 1.52e-02 1.96e-03  -5.3 3.49e+00    -  7.91e-01 6.12e-01h  1
iter    objective    inf_pr   inf_du lg(mu)  ||d||  lg(rg) alpha_du alpha_pr  ls
  10  2.6005951e+02 2.98e-04 4.95e-04  -5.5 3.63e-01    -  1.00e+00 1.00e+00h  1
  11  1.9692272e+02 6.21e-01 7.34e-04  -5.5 3.38e-01    -  1.00e+00 1.00e+00h  1
  12  1.1376292e+02 9.13e-03 3.77e-04  -6.1 2.42e-01    -  1.00e+00 1.00e+00h  1
  13  8.8222265e+01 4.87e-03 1.44e-04  -6.7 2.59e-01    -  1.00e+00 1.00e+00h  1
  14  6.8416159e+01 1.60e-03 2.00e-04  -6.3 2.19e-01    -  1.00e+00 1.00e+00h  1
  15  6.3413747e+01 3.27e-02 4.05e-04  -6.3 1.26e+00    -  1.54e-01 2.63e-01H  1
  16  5.2124993e+01 4.94e-01 3.90e-04  -5.7 2.24e+00    -  9.48e-01 3.50e-01h  1
  17  6.3284572e+01 6.38e-01 2.31e-04  -5.4 7.16e-01    -  1.00e+00 1.00e+00h  1
  18  8.1017782e+01 1.20e+00 5.82e-04  -5.5 2.85e-01    -  1.00e+00 1.00e+00h  1
  19  6.6719080e+01 1.11e-02 6.27e-04  -5.5 2.94e-01    -  1.00e+00 1.00e+00h  1
iter    objective    inf_pr   inf_du lg(mu)  ||d||  lg(rg) alpha_du alpha_pr  ls
  20  1.0357202e+02 2.22e-04 6.73e-04  -6.0 5.12e-01    -  1.00e+00 1.00e+00H  1
  21  2.5567842e+01 4.91e-03 2.66e-04  -6.1 4.39e-01    -  1.00e+00 7.29e-01h  1
  22  9.6103290e+01 1.32e-01 9.97e-04  -5.1 6.44e-01    -  1.00e+00 1.00e+00f  1
  23  3.5571093e+01 1.44e-01 3.25e-04  -5.2 3.59e-01    -  1.00e+00 8.77e-01h  1
  24  3.0373735e+01 0.00e+00 2.69e-04  -5.2 1.56e-01    -  1.00e+00 1.00e+00h  1
  25  2.0558363e+01 1.27e-03 1.28e-04  -5.4 6.86e-02    -  1.00e+00 1.00e+00h  1
  26  1.7586164e+01 0.00e+00 4.59e-05  -6.2 1.31e-01    -  9.97e-01 1.00e+00h  1
  27  1.5448633e+01 0.00e+00 3.39e-05  -6.4 7.18e-02    -  9.97e-01 1.00e+00h  1
  28  1.4674797e+01 2.87e-04 1.28e-04  -6.8 1.15e-01    -  9.99e-01 1.00e+00h  1
  29  1.3328505e+01 0.00e+00 4.09e-05  -6.8 7.54e-02    -  1.00e+00 1.00e+00h  1
iter    objective    inf_pr   inf_du lg(mu)  ||d||  lg(rg) alpha_du alpha_pr  ls
  30  1.2555375e+01 0.00e+00 3.86e-05  -7.4 5.57e-02    -  1.00e+00 1.00e+00h  1
  31  1.1770967e+01 0.00e+00 3.53e-05  -7.1 6.11e-02    -  1.00e+00 1.00e+00h  1
  32  1.0775053e+01 1.53e-03 8.92e-05  -6.9 1.28e-01    -  1.00e+00 1.00e+00h  1
  33  1.2433737e+01 0.00e+00 1.37e-04  -6.6 3.33e-01    -  1.00e+00 1.00e+00H  1
  34  9.5591021e+00 0.00e+00 7.57e-05  -6.6 5.84e-01    -  1.00e+00 3.25e-01h  1
  35  7.2609777e+00 2.09e-05 3.74e-05  -7.4 1.92e-01    -  8.01e-01 1.00e+00h  1
  36  7.1161167e+00 1.13e-04 4.86e-05  -7.4 1.10e-01    -  1.00e+00 1.00e+00h  1
  37  6.4099003e+00 5.71e-05 3.19e-05  -7.8 4.80e-02    -  1.00e+00 1.00e+00h  1

Number of Iterations....: 37

                                   (scaled)                 (unscaled)
Objective...............:   1.8197485924449992e-05    6.4099003184397398e+00
Dual infeasibility......:   3.1882011158099019e-05    1.1230150929817242e+01
Constraint violation....:   5.7072530627921836e-05    5.7072530627921836e-05
Variable bound violation:   0.0000000000000000e+00    0.0000000000000000e+00
Complementarity.........:   1.9289466624276201e-08    6.7945406728604357e-03
Overall NLP error.......:   5.7072530627921836e-05    1.1230150929817242e+01


Number of objective function evaluations             = 41
Number of objective gradient evaluations             = 38
Number of equality constraint evaluations            = 0
Number of inequality constraint evaluations          = 41
Number of equality constraint Jacobian evaluations   = 0
Number of inequality constraint Jacobian evaluations = 38
Number of Lagrangian Hessian evaluations             = 0
Total seconds in IPOPT                               = 0.126

EXIT: Solved To Acceptable Level.
