
=== worker start 2026-10-09T20:34:36 foci
Warp 1.17.0 initialized:
   CUDA Toolkit 12.9, Driver 13.3
   Devices:
     "cpu"      : "CPU"
     "cuda:0"   : "NVIDIA L40S" (44 GiB, sm_89, mempool enabled)
   Kernel cache:
     /scratch/wg2381/.cache/warp/1.17.0
m_t_to_s (1, 1)
CasADi - 2026-10-09 20:34:50 WARNING("CasADi was not compiled with WITH_OPENMP=ON. Falling back to serial evaluation.") [.../casadi/core/map.cpp:429]
CasADi - 2026-10-09 20:34:50 WARNING("CasADi was not compiled with WITH_OPENMP=ON. Falling back to serial evaluation.") [.../casadi/core/map.cpp:429]

******************************************************************************
This program contains Ipopt, a library for large-scale nonlinear optimization.
 Ipopt is released as open source code under the Eclipse Public License (EPL).
         For more information visit https://github.com/coin-or/Ipopt
******************************************************************************

This is Ipopt version 3.14.19, running with linear solver MUMPS 5.8.2.

Number of nonzeros in equality constraint Jacobian...:        0
Number of nonzeros in inequality constraint Jacobian.:      488
Number of nonzeros in Lagrangian Hessian.............:        0

Module foci.convolution.gaussian_robot_warp bcbe703 load on device 'cuda:0' took 23.13 ms  (cached)
Total number of variables............................:       40
                     variables with only lower bounds:        0
                variables with lower and upper bounds:        0
                     variables with only upper bounds:        0
Total number of equality constraints.................:        0
Total number of inequality constraints...............:       57
        inequality constraints with only lower bounds:        0
   inequality constraints with lower and upper bounds:       57
        inequality constraints with only upper bounds:        0

iter    objective    inf_pr   inf_du lg(mu)  ||d||  lg(rg) alpha_du alpha_pr  ls
   0  4.5185104e+04 9.08e+00 7.66e+01   0.0 0.00e+00    -  0.00e+00 0.00e+00   0
   1  9.4392586e+03 9.02e+00 1.93e+02   1.7 1.37e+02    -  2.70e-02 9.84e-04f  1
   2  1.1239927e+04 7.59e+00 2.19e+02   0.5 1.99e+00    -  1.95e-01 1.66e-01f  1
   3  8.6476000e+03 6.89e+00 1.97e+02   1.1 5.20e+00    -  6.22e-01 9.93e-02f  1
   4  1.0953847e+03 1.78e+00 1.10e+02   0.5 1.76e+00    -  9.80e-01 1.00e+00f  1
   5  2.0249232e+03 3.01e+00 3.17e+01  -0.1 9.01e-01    -  9.95e-01 1.00e+00h  1
   6  2.3654442e+03 1.18e+00 4.86e+00  -0.2 1.15e+00    -  1.00e+00 1.00e+00f  1
   7  2.2115932e+03 7.83e-01 1.94e+00  -1.2 3.15e-01    -  9.94e-01 5.00e-01h  2
   8  1.8953220e+03 1.07e+00 1.81e+00  -1.6 3.19e-01    -  9.95e-01 1.00e+00h  1
   9  1.6333464e+03 5.91e-03 3.15e-01  -2.2 1.83e-01    -  1.00e+00 1.00e+00h  1
iter    objective    inf_pr   inf_du lg(mu)  ||d||  lg(rg) alpha_du alpha_pr  ls
  10  7.8350359e+02 5.79e-01 3.42e-01  -2.3 1.31e+00    -  6.11e-01 4.12e-01h  2
  11  5.0475251e+02 2.10e-01 1.09e-01  -2.6 3.33e-01    -  9.96e-01 1.00e+00h  1
  12  3.6800202e+02 5.13e-01 1.39e-01  -2.7 5.41e-01    -  9.95e-01 5.00e-01h  2
  13  2.8725596e+02 1.68e+00 7.67e-02  -2.9 5.24e-01    -  9.97e-01 5.00e-01h  2
  14  1.8152864e+02 7.00e-02 8.22e-02  -3.1 2.82e-01    -  1.00e+00 1.00e+00h  1
  15  1.6622662e+02 7.34e-02 4.28e-02  -2.9 7.19e-01    -  1.00e+00 5.00e-01h  2
  16  1.3170195e+02 1.47e-01 2.84e-02  -3.5 2.32e-01    -  9.95e-01 1.00e+00h  1
  17  9.7787424e+01 0.00e+00 1.15e-02  -3.9 3.05e-01    -  1.00e+00 1.00e+00h  1
  18  7.5464647e+01 0.00e+00 1.06e-02  -4.3 1.82e-01    -  1.00e+00 1.00e+00h  1
  19  9.6372343e+01 0.00e+00 1.39e-01  -3.2 9.27e-01    -  1.00e+00 5.00e-01h  2
iter    objective    inf_pr   inf_du lg(mu)  ||d||  lg(rg) alpha_du alpha_pr  ls
  20  8.7463109e+01 4.30e-01 1.26e-01  -3.3 9.75e-01    -  1.00e+00 3.63e-01h  2
  21  5.4329324e+01 4.26e-01 3.53e-02  -3.3 1.68e+00    -  7.87e-01 2.05e-01h  2
  22  8.1338744e+01 0.00e+00 7.00e-02  -3.4 3.82e-01    -  9.87e-01 1.00e+00h  1
  23  2.5935944e+01 0.00e+00 1.33e-02  -3.5 1.46e-01    -  1.00e+00 1.00e+00h  1
  24  1.8992813e+01 0.00e+00 6.38e-03  -4.1 1.08e-01    -  9.98e-01 1.00e+00h  1
  25  1.7060164e+01 0.00e+00 9.57e-03  -4.8 1.52e-01    -  9.98e-01 5.00e-01h  2
  26  1.4978930e+01 0.00e+00 4.65e-03  -4.1 2.66e-01    -  1.00e+00 1.00e+00h  1
  27  1.2596351e+01 0.00e+00 5.32e-03  -4.8 2.01e-01    -  1.00e+00 1.00e+00h  1
  28  1.1286061e+01 0.00e+00 6.64e-03  -5.1 2.51e-01    -  9.99e-01 1.00e+00h  1
  29  1.0424001e+01 0.00e+00 1.42e-02  -5.2 2.24e-01    -  1.00e+00 1.00e+00h  1
iter    objective    inf_pr   inf_du lg(mu)  ||d||  lg(rg) alpha_du alpha_pr  ls
  30  1.1533457e+01 0.00e+00 1.15e-02  -5.5 2.81e-01    -  5.22e-01 1.00e+00h  1
  31  9.1132117e+00 0.00e+00 4.67e-03  -5.6 2.53e-01    -  1.00e+00 1.00e+00h  1
  32  7.9429350e+00 0.00e+00 2.35e-03  -6.4 4.27e-02    -  1.00e+00 1.00e+00h  1

Number of Iterations....: 32

                                   (scaled)                 (unscaled)
Objective...............:   1.6544174425590634e-03    7.9429350399766552e+00
Dual infeasibility......:   2.3476252130313824e-03    1.1271057766700208e+01
Constraint violation....:   0.0000000000000000e+00    0.0000000000000000e+00
Variable bound violation:   0.0000000000000000e+00    0.0000000000000000e+00
Complementarity.........:   6.3787130566132389e-07    3.0624497870960460e-03
Overall NLP error.......:   2.3476252130313824e-03    1.1271057766700208e+01


Number of objective function evaluations             = 58
Number of objective gradient evaluations             = 33
Number of equality constraint evaluations            = 0
Number of inequality constraint evaluations          = 58
Number of equality constraint Jacobian evaluations   = 0
Number of inequality constraint Jacobian evaluations = 33
Number of Lagrangian Hessian evaluations             = 0
Total seconds in IPOPT                               = 0.141

EXIT: Solved To Acceptable Level.
This is Ipopt version 3.14.19, running with linear solver MUMPS 5.8.2.

Number of nonzeros in equality constraint Jacobian...:        0
Number of nonzeros in inequality constraint Jacobian.:      488
Number of nonzeros in Lagrangian Hessian.............:        0

Total number of variables............................:       40
                     variables with only lower bounds:        0
                variables with lower and upper bounds:        0
                     variables with only upper bounds:        0
Total number of equality constraints.................:        0
Total number of inequality constraints...............:       57
        inequality constraints with only lower bounds:        0
   inequality constraints with lower and upper bounds:       57
        inequality constraints with only upper bounds:        0

iter    objective    inf_pr   inf_du lg(mu)  ||d||  lg(rg) alpha_du alpha_pr  ls
   0  1.3170857e+02 9.58e+00 1.00e+02   0.0 0.00e+00    -  0.00e+00 0.00e+00   0
   1  1.4446047e+01 9.57e+00 2.19e+01  -0.3 1.01e+02    -  7.05e-01 1.56e-03f  7
   2  1.6381007e+03 2.37e+00 2.70e+03  -0.0 2.06e+00    -  1.00e+00 1.00e+00h  1
   3  1.1829873e+03 2.10e+00 6.82e+02  -0.3 1.07e+00    -  3.47e-01 1.15e-01f  1
   4  1.4392723e+03 5.55e-01 8.96e+02   0.4 9.56e-01    -  1.00e+00 9.67e-01f  1
   5  9.7960574e+02 1.33e+01 2.11e+03   0.3 3.11e+00    -  2.23e-01 1.95e-01f  1
   6  4.9392869e+02 2.91e+00 4.90e+01   0.3 9.46e-01    -  7.60e-01 1.00e+00f  1
   7  4.6337725e+02 3.15e-01 1.96e+02   0.3 7.09e-01    -  1.00e+00 1.00e+00f  1
   8  4.1841849e+02 2.47e-01 6.06e+01   0.3 8.49e-01    -  9.97e-01 1.25e-01f  4
   9  2.8794367e+02 0.00e+00 3.34e+01  -0.0 3.25e-01    -  9.64e-01 1.00e+00f  1
iter    objective    inf_pr   inf_du lg(mu)  ||d||  lg(rg) alpha_du alpha_pr  ls
  10  2.0228410e+02 1.99e-03 1.45e+01  -0.5 2.06e-01    -  9.93e-01 1.00e+00f  1
  11  1.5351033e+02 0.00e+00 3.31e+01  -1.2 6.83e-01    -  9.90e-01 5.00e-01f  2
  12  1.0831976e+02 2.71e-03 1.30e+01  -1.6 2.80e-01    -  1.00e+00 5.17e-01f  1
  13  7.3363035e+01 0.00e+00 5.69e+00  -1.3 6.75e-01    -  1.00e+00 8.39e-01f  1
  14  5.4671049e+01 0.00e+00 1.43e+01  -1.8 4.39e-01    -  1.00e+00 4.45e-01f  2
  15  3.3210668e+01 1.88e-03 8.74e+00  -1.4 4.82e-01    -  1.00e+00 5.89e-01f  1
  16  2.9924033e+01 2.07e-03 1.08e+01  -0.9 1.00e+00    -  1.00e+00 2.11e-01f  2
  17  1.8274406e+01 0.00e+00 7.07e+00  -1.3 1.20e-01    -  9.99e-01 1.00e+00f  1
  18  1.4529649e+01 0.00e+00 3.13e+00  -1.4 1.10e-01    -  9.99e-01 1.00e+00h  1
  19  1.2965053e+01 0.00e+00 1.18e+00  -1.6 1.97e-01    -  1.00e+00 1.00e+00h  1
iter    objective    inf_pr   inf_du lg(mu)  ||d||  lg(rg) alpha_du alpha_pr  ls
  20  1.1816754e+01 0.00e+00 1.30e+00  -2.7 5.94e-02    -  1.00e+00 1.00e+00h  1
  21  1.4123862e+01 0.00e+00 5.10e+00  -3.3 4.26e-01    -  1.00e+00 1.00e+00H  1
  22  1.0585659e+01 0.00e+00 2.41e+00  -3.0 1.62e-01    -  1.00e+00 1.00e+00f  1
  23  1.0685118e+01 0.00e+00 2.13e+00  -2.3 1.84e-01    -  1.00e+00 1.00e+00h  1
  24  9.4870243e+00 0.00e+00 9.64e-01  -2.4 1.11e-01    -  1.00e+00 1.00e+00h  1
  25  9.1257907e+00 0.00e+00 2.04e+00  -2.7 6.66e-02    -  9.99e-01 1.00e+00h  1
  26  7.8283007e+00 0.00e+00 2.48e+00  -3.8 7.03e-02    -  1.00e+00 1.00e+00h  1
  27  6.7579989e+00 0.00e+00 1.50e+00  -2.0 2.17e+00    -  1.00e+00 7.84e-02f  1
  28  6.7346635e+00 0.00e+00 2.75e+00  -2.4 2.68e-01    -  1.00e+00 2.50e-01h  3
  29  6.1646639e+00 0.00e+00 4.01e+00  -2.7 9.39e-02    -  1.00e+00 1.00e+00h  1
iter    objective    inf_pr   inf_du lg(mu)  ||d||  lg(rg) alpha_du alpha_pr  ls
  30  5.9092710e+00 0.00e+00 3.02e+00  -2.0 5.48e-01    -  1.00e+00 4.93e-01f  1
  31  4.9922052e+00 0.00e+00 1.62e+00  -2.1 1.69e-01    -  1.00e+00 1.00e+00f  1
  32  6.2985996e+00 0.00e+00 3.07e+00  -1.8 7.89e-02    -  1.00e+00 1.00e+00h  1
  33  4.3803901e+00 0.00e+00 2.48e+00  -1.9 7.69e-02    -  1.00e+00 1.00e+00h  1
  34  3.9765213e+00 0.00e+00 2.17e+00  -2.2 1.82e-01    -  1.00e+00 2.25e-01h  3
  35  5.1081382e+00 0.00e+00 4.22e+00  -2.5 1.43e-01    -  9.64e-01 1.00e+00H  1
  36  3.3293017e+00 0.00e+00 8.20e-01  -2.2 3.28e-01    -  1.00e+00 8.74e-01h  1
  37  3.8989326e+00 0.00e+00 2.24e+00  -2.3 7.25e-02    -  1.00e+00 1.00e+00h  1
  38  3.0278738e+00 0.00e+00 3.54e-01  -2.6 5.25e-02    -  1.00e+00 1.00e+00h  1
  39  2.8323753e+00 0.00e+00 1.04e+00  -3.5 4.98e-02    -  1.00e+00 1.00e+00h  1
iter    objective    inf_pr   inf_du lg(mu)  ||d||  lg(rg) alpha_du alpha_pr  ls
  40  2.6272789e+00 2.30e-04 9.59e-01  -3.6 3.50e-01    -  1.00e+00 1.88e-01h  1
  41  2.5822984e+00 1.86e-04 1.54e+00  -3.2 4.79e-01    -  1.00e+00 8.92e-02h  3
  42  2.4893985e+00 7.46e-05 6.80e-01  -2.9 1.56e-01    -  1.00e+00 1.52e-01h  3
  43  3.0156095e+00 0.00e+00 1.21e+00  -2.3 9.24e-02    -  1.00e+00 1.00e+00h  1
  44  2.9963661e+00 0.00e+00 6.72e-01  -2.4 3.85e-01    -  5.28e-01 6.25e-02h  5
  45  2.8464574e+00 0.00e+00 1.77e+00  -2.4 4.64e-02    -  1.00e+00 1.00e+00h  1
  46  3.0880295e+00 0.00e+00 1.92e+00  -2.4 1.06e-01    -  1.00e+00 1.00e+00H  1
  47  2.7703654e+00 0.00e+00 1.91e+00  -2.5 1.05e-01    -  9.99e-01 1.75e-01h  3
  48  2.9162819e+00 0.00e+00 9.38e-01  -2.0 1.26e-01    -  1.00e+00 1.00e+00f  1
  49  1.1029074e+02 0.00e+00 4.14e+01  -2.0 1.92e-01    -  9.07e-01 1.00e+00H  1
iter    objective    inf_pr   inf_du lg(mu)  ||d||  lg(rg) alpha_du alpha_pr  ls
  50  2.5493883e+00 0.00e+00 6.26e-01  -2.0 2.17e-01    -  1.00e+00 1.00e+00F  1
  51  2.3023393e+00 0.00e+00 3.80e-01  -3.4 3.78e-02    -  1.00e+00 1.00e+00h  1
  52  2.2489676e+00 0.00e+00 5.97e-01  -3.7 2.72e-01    -  1.00e+00 8.67e-02h  3
  53  2.1807682e+00 0.00e+00 3.66e-01  -3.6 1.46e-01    -  1.00e+00 2.24e-01h  3
  54  2.1512974e+00 0.00e+00 3.24e-01  -2.9 9.51e-02    -  1.00e+00 1.25e-01h  4
  55  2.9160577e+00 0.00e+00 2.08e+00  -3.3 3.10e-02    -  1.00e+00 1.00e+00H  1
  56  2.0909641e+00 0.00e+00 1.17e-01  -3.6 4.43e-02    -  1.00e+00 1.00e+00f  1
  57  2.0787269e+00 0.00e+00 3.94e-01  -3.8 1.59e-02    -  1.00e+00 1.00e+00h  1
  58  2.1248044e+00 0.00e+00 6.95e-01  -4.3 3.75e-02    -  1.00e+00 1.00e+00H  1
  59  2.0982602e+00 0.00e+00 5.79e-01  -4.0 5.93e-02    -  1.00e+00 2.67e-01h  2
iter    objective    inf_pr   inf_du lg(mu)  ||d||  lg(rg) alpha_du alpha_pr  ls
  60  2.0823994e+00 0.00e+00 6.83e-01  -4.1 4.95e-02    -  4.68e-01 1.00e+00h  1
  61  2.4301461e+00 0.00e+00 1.33e+00  -4.1 1.57e-01    -  6.50e-01 1.00e+00H  1
  62  2.0120099e+00 0.00e+00 3.16e-01  -4.1 6.84e-02    -  1.00e+00 8.58e-01h  1
  63  2.1734521e+00 0.00e+00 1.20e+00  -3.8 8.69e-02    -  1.44e-01 9.65e-01H  1
  64  2.0588758e+00 0.00e+00 8.23e-01  -4.1 3.29e-02    -  1.00e+00 1.00e+00h  1
  65  1.9828097e+00 0.00e+00 4.72e-01  -3.4 3.40e-02    -  1.00e+00 1.00e+00h  1
  66  1.9850219e+00 0.00e+00 4.54e-01  -3.0 6.82e-02    -  1.00e+00 2.50e-01h  3
  67  1.9832731e+00 0.00e+00 3.07e-01  -3.1 1.35e-02    -  1.00e+00 1.00e+00h  1
  68  1.9581528e+00 0.00e+00 2.59e-01  -4.0 1.69e-02    -  1.00e+00 1.00e+00h  1
  69  2.1339897e+00 0.00e+00 1.05e+00  -4.5 2.79e-02    -  1.00e+00 1.00e+00H  1
iter    objective    inf_pr   inf_du lg(mu)  ||d||  lg(rg) alpha_du alpha_pr  ls
  70  1.9516009e+00 0.00e+00 2.38e-01  -3.5 5.04e-02    -  1.00e+00 1.00e+00h  1
  71  2.0846597e+00 0.00e+00 1.05e+00  -3.7 2.76e-02    -  1.00e+00 1.00e+00h  1
  72  1.9365109e+00 0.00e+00 9.86e-02  -3.8 1.74e-02    -  1.00e+00 1.00e+00h  1

Number of Iterations....: 72

                                   (scaled)                 (unscaled)
Objective...............:   1.8030226120401571e-01    1.9365108608185777e+00
Dual infeasibility......:   9.8636174270134075e-02    1.0593878383343003e+00
Constraint violation....:   0.0000000000000000e+00    0.0000000000000000e+00
Variable bound violation:   0.0000000000000000e+00    0.0000000000000000e+00
Complementarity.........:   1.4990327276041203e-04    1.6100148374973470e-03
Overall NLP error.......:   9.8636174270134075e-02    1.0593878383343003e+00


Number of objective function evaluations             = 157
Number of objective gradient evaluations             = 73
Number of equality constraint evaluations            = 0
Number of inequality constraint evaluations          = 157
Number of equality constraint Jacobian evaluations   = 0
Number of inequality constraint Jacobian evaluations = 73
Number of Lagrangian Hessian evaluations             = 0
Total seconds in IPOPT                               = 0.262

EXIT: Solved To Acceptable Level.
This is Ipopt version 3.14.19, running with linear solver MUMPS 5.8.2.

Number of nonzeros in equality constraint Jacobian...:        0
Number of nonzeros in inequality constraint Jacobian.:      488
Number of nonzeros in Lagrangian Hessian.............:        0

Total number of variables............................:       40
                     variables with only lower bounds:        0
                variables with lower and upper bounds:        0
                     variables with only upper bounds:        0
Total number of equality constraints.................:        0
Total number of inequality constraints...............:       57
        inequality constraints with only lower bounds:        0
   inequality constraints with lower and upper bounds:       57
        inequality constraints with only upper bounds:        0

iter    objective    inf_pr   inf_du lg(mu)  ||d||  lg(rg) alpha_du alpha_pr  ls
   0  1.2295023e+01 0.00e+00 3.10e+01   0.0 0.00e+00    -  0.00e+00 0.00e+00   0
   1  6.1490791e+01 8.65e-01 3.11e+02   0.7 2.86e+01    -  6.96e-02 4.47e-03f  3
   2  4.4468917e+01 4.90e-01 1.99e+02  -0.2 1.84e+00    -  5.03e-01 5.20e-01f  1
   3  2.0734268e+01 0.00e+00 6.72e+01  -0.2 2.31e-01    -  1.00e+00 1.00e+00f  1
   4  1.6121403e+01 0.00e+00 3.88e+01  -0.2 2.64e-01    -  8.84e-01 1.00e+00f  1
   5  1.2325478e+01 0.00e+00 2.08e+01  -0.2 3.67e-01    -  1.00e+00 1.00e+00f  1
   6  1.0829520e+01 0.00e+00 2.09e+01  -0.2 4.57e-02    -  1.00e+00 1.00e+00f  1
   7  1.0584318e+01 0.00e+00 2.76e+01  -0.3 4.25e-01    -  9.87e-01 3.12e-02f  6
   8  9.5908051e+00 0.00e+00 2.97e+01  -0.7 1.71e-01    -  9.99e-01 2.50e-01f  3
   9  8.7400672e+00 0.00e+00 1.68e+01  -1.2 2.14e-01    -  1.00e+00 2.14e-01f  2
iter    objective    inf_pr   inf_du lg(mu)  ||d||  lg(rg) alpha_du alpha_pr  ls
  10  8.5780200e+00 0.00e+00 1.61e+01  -0.3 6.15e-01    -  9.55e-01 7.85e-02f  4
  11  8.0645215e+00 0.00e+00 1.79e+01  -0.9 5.40e-01    -  9.95e-01 1.25e-01f  4
  12  7.8612545e+00 0.00e+00 1.72e+01  -1.6 3.65e-01    -  1.00e+00 1.16e-01f  4
  13  7.5207889e+00 0.00e+00 2.07e+01  -1.9 4.76e-01    -  1.00e+00 5.69e-02f  4
  14  7.2247408e+00 0.00e+00 2.55e+01  -2.5 2.22e-01    -  1.00e+00 3.49e-01f  2
  15  6.2861860e+00 0.00e+00 1.98e+01  -1.2 1.91e-01    -  1.00e+00 1.99e-01f  3
  16  5.3997550e+00 0.00e+00 3.42e+01  -1.3 8.76e-02    -  1.00e+00 9.75e-01f  1
  17  3.1101186e+00 0.00e+00 1.08e+01  -1.3 1.04e-01    -  1.00e+00 1.00e+00f  1
  18  2.4491935e+00 0.00e+00 1.31e+01  -1.1 1.12e-01    -  1.00e+00 1.00e+00f  1
  19  2.6931592e+00 0.00e+00 3.33e+01  -1.8 3.58e-02    -  8.97e-01 1.00e+00H  1
iter    objective    inf_pr   inf_du lg(mu)  ||d||  lg(rg) alpha_du alpha_pr  ls
  20  2.0045589e+00 0.00e+00 1.30e+01  -2.2 5.08e-02    -  1.00e+00 1.00e+00f  1
  21  1.8493711e+00 0.00e+00 1.27e+01  -2.2 3.13e-02    -  1.00e+00 1.00e+00f  1
  22  1.6939373e+00 0.00e+00 9.31e+00  -2.3 1.26e-02    -  1.00e+00 1.00e+00f  1
  23  1.6181175e+00 0.00e+00 4.01e+00  -2.8 1.11e-02    -  1.00e+00 1.00e+00h  1
  24  1.5760181e+00 0.00e+00 3.29e+00  -3.8 3.05e-02    -  1.00e+00 1.00e+00h  1
  25  1.9209951e+00 0.00e+00 2.13e+01  -3.9 2.20e-01    -  3.94e-01 1.00e+00H  1
  26  3.9793881e+00 0.00e+00 3.82e+01  -4.2 1.12e-01    -  8.14e-01 1.00e+00H  1
  27  1.6693131e+00 0.00e+00 1.41e+01  -3.8 1.60e-01    -  1.00e+00 6.69e-01f  1
  28  2.6230738e+00 0.00e+00 2.94e+01  -4.0 7.15e-02    -  5.69e-01 8.37e-01h  1
  29  1.5326285e+00 0.00e+00 1.03e+01  -4.0 3.91e-02    -  1.00e+00 6.55e-01f  1
iter    objective    inf_pr   inf_du lg(mu)  ||d||  lg(rg) alpha_du alpha_pr  ls
  30  1.4430331e+00 0.00e+00 4.97e+00  -2.0 2.99e-02    -  1.00e+00 1.00e+00f  1
  31  1.3698604e+00 0.00e+00 3.62e+00  -2.5 2.25e-02    -  1.00e+00 1.00e+00h  1
  32  1.3585649e+00 0.00e+00 2.07e+00  -3.5 6.36e-03    -  1.00e+00 1.00e+00h  1
  33  1.3449187e+00 0.00e+00 1.53e+00  -4.7 5.12e-03    -  1.00e+00 1.00e+00h  1
  34  1.3797014e+00 0.00e+00 9.88e+00  -5.3 2.60e-02    -  1.00e+00 1.00e+00H  1
  35  1.3527219e+00 0.00e+00 8.92e+00  -4.6 9.82e-02    -  1.00e+00 1.45e-01f  2
  36  1.2888712e+00 0.00e+00 6.34e+00  -4.7 2.72e-02    -  1.00e+00 1.00e+00f  1
  37  1.3005824e+00 0.00e+00 1.01e+01  -4.0 1.47e-02    -  1.00e+00 1.00e+00h  1
  38  1.2227682e+00 0.00e+00 1.16e+00  -4.2 9.13e-03    -  1.00e+00 1.00e+00f  1
  39  1.2123351e+00 0.00e+00 9.99e-01  -5.5 6.36e-03    -  1.00e+00 1.00e+00h  1
iter    objective    inf_pr   inf_du lg(mu)  ||d||  lg(rg) alpha_du alpha_pr  ls
  40  1.2049318e+00 0.00e+00 5.75e+00  -4.5 3.99e-01    -  1.00e+00 8.67e-02f  2
  41  1.1881306e+00 0.00e+00 4.19e+00  -4.3 2.00e-01    -  1.00e+00 8.73e-02h  2
  42  1.1817513e+00 0.00e+00 5.60e+00  -4.4 1.20e-01    -  1.00e+00 2.52e-01h  1
  43  1.1698165e+00 0.00e+00 4.82e+00  -3.2 1.27e-01    -  1.00e+00 5.45e-02h  2
  44  1.2133063e+00 0.00e+00 8.07e+00  -2.4 3.28e-02    -  1.00e+00 8.81e-01h  1
  45  1.3605125e+00 0.00e+00 1.89e+01  -2.5 2.19e-02    -  7.50e-02 1.00e+00H  1
  46  1.2836071e+00 0.00e+00 1.27e+01  -2.5 3.73e-02    -  9.49e-01 1.00e+00F  1
  47  1.1811598e+00 0.00e+00 7.19e+00  -2.5 4.61e-02    -  5.38e-01 4.23e-01f  1
  48  1.1580744e+00 0.00e+00 6.16e+00  -2.8 1.64e-02    -  1.00e+00 1.00e+00f  1
  49  1.1230271e+00 0.00e+00 2.67e+00  -2.8 8.52e-03    -  1.00e+00 1.00e+00h  1
iter    objective    inf_pr   inf_du lg(mu)  ||d||  lg(rg) alpha_du alpha_pr  ls
  50  1.1168402e+00 0.00e+00 6.18e-01  -3.5 3.86e-03    -  1.00e+00 1.00e+00h  1
  51  1.1163106e+00 0.00e+00 4.87e-01  -4.9 1.07e-03    -  1.00e+00 1.00e+00h  1
  52  1.1154894e+00 0.00e+00 1.20e+00  -5.5 6.39e-03    -  1.00e+00 1.00e+00h  1
  53  1.1141612e+00 0.00e+00 1.38e+00  -5.2 7.16e-02    -  1.00e+00 4.95e-02h  3
  54  1.1133610e+00 0.00e+00 1.60e+00  -4.9 5.14e-02    -  1.00e+00 8.65e-02h  3
  55  1.1124345e+00 0.00e+00 2.24e+00  -4.6 3.22e-02    -  1.00e+00 1.84e-01h  2
  56  1.1114176e+00 0.00e+00 1.74e+00  -4.3 3.24e-02    -  1.00e+00 1.73e-01h  3
  57  1.1087541e+00 0.00e+00 9.28e-01  -4.4 4.92e-02    -  1.00e+00 7.96e-02h  2
  58  1.2551029e+00 0.00e+00 9.80e+00  -4.0 1.89e-02    -  5.13e-01 1.00e+00H  1
  59  1.1114741e+00 0.00e+00 1.91e+00  -4.2 1.69e-02    -  8.92e-01 1.00e+00f  1
iter    objective    inf_pr   inf_du lg(mu)  ||d||  lg(rg) alpha_du alpha_pr  ls
  60  1.1045068e+00 1.53e-05 1.06e+00  -4.2 5.73e-03    -  1.00e+00 7.05e-01h  1
  61  1.1042233e+00 0.00e+00 1.02e+00  -4.4 2.75e-03    -  1.00e+00 1.00e+00f  1
  62  1.1047976e+00 0.00e+00 1.76e+00  -3.6 5.05e-03    -  1.00e+00 1.00e+00H  1
  63  1.1031329e+00 0.00e+00 1.32e+00  -3.4 2.01e-02    -  1.00e+00 2.50e-01f  3
  64  1.1377190e+00 0.00e+00 5.64e+00  -3.5 6.98e-03    -  8.75e-01 1.00e+00H  1
  65  1.1003174e+00 0.00e+00 7.68e-01  -3.6 6.81e-03    -  1.00e+00 1.00e+00f  1
  66  1.1020561e+00 0.00e+00 1.51e+00  -4.1 4.53e-03    -  1.00e+00 1.00e+00h  1
  67  1.0995647e+00 0.00e+00 7.21e-01  -5.4 2.19e-03    -  1.00e+00 1.00e+00h  1
  68  1.0991658e+00 0.00e+00 3.80e-01  -6.8 7.51e-04    -  1.00e+00 1.00e+00h  1
  69  1.0988532e+00 0.00e+00 2.83e-01  -7.9 8.06e-04    -  1.00e+00 1.00e+00h  1
iter    objective    inf_pr   inf_du lg(mu)  ||d||  lg(rg) alpha_du alpha_pr  ls
  70  1.0987452e+00 0.00e+00 8.68e-01  -8.8 2.48e-03    -  1.00e+00 1.00e+00h  1
  71  1.1085913e+00 0.00e+00 1.72e+00  -9.4 7.13e-03    -  9.94e-01 1.00e+00H  1
  72  1.0986123e+00 0.00e+00 1.69e+00  -9.5 6.37e-03    -  1.00e+00 1.00e+00f  1
  73  1.0956611e+00 0.00e+00 6.98e-01 -10.1 2.51e-03    -  1.00e+00 1.00e+00h  1
  74  1.0948003e+00 0.00e+00 2.59e-01 -11.0 1.95e-03    -  1.00e+00 1.00e+00h  1
  75  1.0985010e+00 0.00e+00 7.98e-01 -11.0 3.69e-03    -  1.00e+00 1.00e+00H  1
  76  1.0942070e+00 0.00e+00 1.43e+00 -11.0 2.81e-03    -  1.00e+00 1.00e+00f  1
  77  1.0940619e+00 0.00e+00 1.27e+00 -11.0 4.18e-03    -  1.00e+00 1.00e+00h  1
  78  1.0922961e+00 0.00e+00 3.11e-01 -11.0 2.20e-03    -  1.00e+00 1.00e+00h  1
  79  1.0919932e+00 0.00e+00 7.94e-01 -11.0 1.77e-03    -  1.00e+00 1.00e+00h  1
iter    objective    inf_pr   inf_du lg(mu)  ||d||  lg(rg) alpha_du alpha_pr  ls
  80  1.1071127e+00 0.00e+00 2.63e+00 -11.0 3.01e-02    -  8.48e-01 1.00e+00H  1
  81  1.1062329e+00 0.00e+00 2.92e+00 -11.0 2.20e-01    -  1.15e-01 1.32e-02f  7
  82  1.4970825e+00 0.00e+00 6.20e+00 -11.0 6.07e-02    -  4.73e-01 1.00e+00H  1
  83  1.4875696e+00 0.00e+00 6.03e+00 -11.0 4.22e-01    -  9.12e-02 3.91e-03f  6
  84  1.4761559e+00 0.00e+00 6.16e+00 -11.0 2.72e+00    -  2.43e-02 7.54e-04f  6
  85  1.4714274e+00 0.00e+00 6.15e+00 -11.0 1.09e+02    -  9.57e-04 1.05e-05f  7
  86  1.4691008e+00 0.00e+00 6.15e+00 -11.0 1.08e+02    -  1.15e-03 5.30e-06f  8
  87  1.4667949e+00 0.00e+00 6.15e+00 -11.0 1.07e+02    -  1.89e-03 5.31e-06f  8
  88  1.2191628e+00 2.99e-05 2.04e+01 -11.0 8.04e+01    -  1.55e-03 4.20e-04f  1
  89  1.1359290e+00 0.00e+00 4.00e+00 -11.0 1.14e-02    -  7.62e-08 1.00e+00h  1
iter    objective    inf_pr   inf_du lg(mu)  ||d||  lg(rg) alpha_du alpha_pr  ls
  90  1.1328898e+00 1.76e-06 3.79e+00 -11.0 5.29e-03    -  9.24e-01 6.38e-02h  1
  91  1.0907000e+00 9.17e-06 1.28e+00 -11.0 8.84e-03    -  1.00e+00 1.00e+00f  1
  92  1.1149970e+00 0.00e+00 6.02e+00 -11.0 7.63e-03    -  1.00e+00 1.00e+00h  1
  93  1.0872518e+00 0.00e+00 5.92e-01  -8.1 4.47e-03    -  1.00e+00 1.00e+00h  1
  94  1.0866423e+00 0.00e+00 6.02e-01  -9.6 4.01e-04    -  1.00e+00 1.00e+00h  1
  95  1.0853604e+00 1.06e-06 5.33e-01  -7.9 1.64e-02    -  1.00e+00 4.82e-02f  1
  96  1.0816712e+00 1.83e-04 2.57e+00  -5.9 1.90e-02    -  9.12e-01 5.00e-01f  2
  97  1.8847887e+00 0.00e+00 3.60e+01  -5.6 7.16e-02    -  7.02e-01 1.00e+00H  1
  98  1.1789383e+00 1.28e-03 1.11e+01  -5.6 7.26e-02    -  7.19e-01 6.90e-01f  1
  99  1.1097618e+00 2.10e-03 7.12e+00  -5.6 8.21e-02    -  9.27e-02 1.71e-01f  1
iter    objective    inf_pr   inf_du lg(mu)  ||d||  lg(rg) alpha_du alpha_pr  ls
 100  1.2600087e+00 0.00e+00 1.47e+01  -5.6 6.10e-02    -  6.02e-02 4.66e-01h  1
 101  1.2489525e+00 0.00e+00 1.17e+01  -5.6 2.40e-01    -  7.90e-02 5.47e-02f  3
 102  1.0948867e+00 7.80e-04 4.55e+00  -5.6 3.73e-02    -  5.81e-01 5.34e-01h  1
 103  1.0863512e+00 0.00e+00 3.91e+00  -5.6 1.14e-02    -  1.00e+00 1.00e+00f  1
 104  1.1653354e+00 0.00e+00 9.11e+00  -5.6 1.56e-02    -  9.20e-01 1.00e+00H  1
 105  1.0690080e+00 0.00e+00 5.20e-01  -5.6 1.11e-02    -  1.00e+00 1.00e+00f  1
 106  1.0689406e+00 0.00e+00 6.55e-01  -6.3 3.21e-03    -  1.00e+00 1.00e+00h  1
 107  1.0682743e+00 0.00e+00 2.31e-01  -7.5 1.06e-03    -  1.00e+00 1.00e+00h  1
 108  1.0678982e+00 0.00e+00 2.53e-01  -9.2 6.83e-04    -  1.00e+00 1.00e+00h  1
 109  1.0670732e+00 0.00e+00 9.48e-01 -10.5 3.05e-03    -  1.00e+00 1.00e+00h  1
iter    objective    inf_pr   inf_du lg(mu)  ||d||  lg(rg) alpha_du alpha_pr  ls
 110  1.0658468e+00 0.00e+00 1.01e+00  -8.5 2.20e-02    -  1.00e+00 1.65e-01h  3
 111  1.0658390e+00 0.00e+00 1.68e+00  -6.5 2.53e-02    -  1.00e+00 1.45e-01h  2
 112  1.0812620e+00 0.00e+00 2.11e+00  -6.6 9.51e-03    -  1.00e+00 1.00e+00H  1
 113  1.0675618e+00 0.00e+00 2.09e+00  -7.3 7.95e-03    -  1.00e+00 1.00e+00f  1
 114  1.0964190e+00 0.00e+00 3.45e+00  -7.4 9.00e-03    -  8.73e-01 1.00e+00H  1
 115  1.0665594e+00 0.00e+00 1.53e+00  -7.4 1.59e-02    -  1.00e+00 1.00e+00f  1
 116  1.0647864e+00 1.55e-04 1.58e+00  -7.4 8.68e-03    -  1.00e+00 1.20e-01h  1
 117  1.0620836e+00 0.00e+00 3.00e-01  -6.8 5.27e-03    -  1.00e+00 1.00e+00f  1
 118  1.0718445e+00 0.00e+00 3.32e+00  -7.5 3.73e-03    -  9.98e-01 1.00e+00H  1
 119  1.0615064e+00 0.00e+00 3.49e-01  -8.2 3.65e-03    -  1.00e+00 1.00e+00f  1
iter    objective    inf_pr   inf_du lg(mu)  ||d||  lg(rg) alpha_du alpha_pr  ls
 120  1.0612938e+00 0.00e+00 1.87e-01  -6.2 5.14e-04    -  1.00e+00 8.24e-01h  1
 121  1.0609641e+00 1.84e-05 7.20e-01  -6.5 2.35e-03    -  1.00e+00 1.00e+00h  1
 122  1.0895255e+00 0.00e+00 6.19e+00  -6.8 1.42e-02    -  9.48e-01 1.00e+00H  1
 123  1.1355274e+00 0.00e+00 7.42e+00  -6.9 1.87e-02    -  8.16e-01 1.00e+00H  1
 124  1.1276607e+00 1.43e-06 7.09e+00  -6.9 4.51e-02    -  4.76e-01 3.27e-02f  5
 125  1.1276196e+00 2.52e-06 7.09e+00  -6.9 5.09e-02    -  7.37e-01 1.29e-04h  1
 126  1.0779669e+00 5.65e-04 4.16e+00  -6.9 2.99e-02    -  1.00e+00 5.00e-01f  2
 127  1.7058496e+00 0.00e+00 2.53e+01  -6.9 5.05e-02    -  3.00e-01 1.00e+00H  1
 128  1.0639399e+00 5.77e-04 2.15e+00  -6.9 7.27e-02    -  1.00e+00 9.07e-01f  1
 129  1.0703208e+00 4.81e-04 2.39e+00  -6.9 5.30e-02    -  1.00e+00 1.95e-01h  1
iter    objective    inf_pr   inf_du lg(mu)  ||d||  lg(rg) alpha_du alpha_pr  ls
 130  1.0737975e+00 3.01e-04 4.09e+00  -6.9 2.27e-02    -  1.03e-01 5.00e-01h  2
 131  1.0621823e+00 5.88e-05 1.84e+00  -6.9 1.01e-02    -  8.74e-01 1.00e+00h  1
 132  1.0609520e+00 0.00e+00 1.96e+00  -6.9 6.26e-03    -  6.33e-01 1.00e+00h  1
 133  1.0852389e+00 0.00e+00 4.36e+00  -5.7 7.21e-03    -  1.00e+00 1.00e+00H  1
 134  1.0583188e+00 0.00e+00 1.13e+00  -5.7 8.47e-03    -  1.00e+00 1.00e+00f  1
 135  1.0672807e+00 0.00e+00 3.24e+00  -6.3 8.42e-03    -  1.00e+00 1.00e+00h  1
 136  1.0569886e+00 0.00e+00 4.96e-01  -6.4 5.85e-03    -  7.49e-01 1.00e+00h  1
 137  1.0572979e+00 0.00e+00 9.02e-01  -7.4 2.14e-03    -  1.00e+00 1.00e+00h  1
 138  1.0567610e+00 0.00e+00 1.03e-01  -8.3 1.18e-03    -  1.00e+00 1.00e+00h  1
 139  1.0567407e+00 0.00e+00 5.16e-02 -10.1 1.53e-04    -  1.00e+00 1.00e+00h  1

Number of Iterations....: 139

                                   (scaled)                 (unscaled)
Objective...............:   1.0346796799352611e+00    1.0567406684402236e+00
Dual infeasibility......:   5.1603501502601096e-02    5.2703768837063417e-02
Constraint violation....:   0.0000000000000000e+00    0.0000000000000000e+00
Variable bound violation:   0.0000000000000000e+00    0.0000000000000000e+00
Complementarity.........:   5.8628098646664935e-10    5.9878141375244296e-10
Overall NLP error.......:   5.1603501502601096e-02    5.2703768837063417e-02


Number of objective function evaluations             = 324
Number of objective gradient evaluations             = 140
Number of equality constraint evaluations            = 0
Number of inequality constraint evaluations          = 324
Number of equality constraint Jacobian evaluations   = 0
Number of inequality constraint Jacobian evaluations = 140
Number of Lagrangian Hessian evaluations             = 0
Total seconds in IPOPT                               = 0.514

EXIT: Optimal Solution Found.
This is Ipopt version 3.14.19, running with linear solver MUMPS 5.8.2.

Number of nonzeros in equality constraint Jacobian...:        0
Number of nonzeros in inequality constraint Jacobian.:      488
Number of nonzeros in Lagrangian Hessian.............:        0

Total number of variables............................:       40
                     variables with only lower bounds:        0
                variables with lower and upper bounds:        0
                     variables with only upper bounds:        0
Total number of equality constraints.................:        0
Total number of inequality constraints...............:       57
        inequality constraints with only lower bounds:        0
   inequality constraints with lower and upper bounds:       57
        inequality constraints with only upper bounds:        0

iter    objective    inf_pr   inf_du lg(mu)  ||d||  lg(rg) alpha_du alpha_pr  ls
   0  6.4301700e+00 0.00e+00 1.88e+01   0.0 0.00e+00    -  0.00e+00 0.00e+00   0
   1  4.5480314e+00 0.00e+00 1.64e+02  -0.0 2.21e+01    -  9.50e-02 2.75e-03f  6
   2  1.4047368e+01 0.00e+00 9.12e+01  -0.0 3.82e-01    -  1.00e+00 5.00e-01f  2
   3  1.3165186e+01 0.00e+00 9.41e+01  -0.1 6.25e-02    -  8.50e-01 1.00e+00f  1
   4  1.0089855e+01 0.00e+00 4.19e+01  -0.1 4.65e-02    -  1.00e+00 1.00e+00f  1
   5  2.3270759e+01 0.00e+00 1.84e+02  -0.1 7.63e-02    -  8.12e-01 1.00e+00h  1
   6  8.7300812e+00 0.00e+00 1.68e+01  -0.1 4.87e-02    -  1.00e+00 1.00e+00f  1
   7  6.3479679e+00 0.00e+00 1.33e+01  -0.9 9.71e-02    -  1.00e+00 1.00e+00f  1
   8  5.4922326e+00 0.00e+00 2.06e+01  -1.6 1.07e-01    -  1.00e+00 1.00e+00f  1
   9  3.8416605e+00 0.00e+00 1.44e+01  -1.6 5.44e-02    -  1.00e+00 1.00e+00f  1
iter    objective    inf_pr   inf_du lg(mu)  ||d||  lg(rg) alpha_du alpha_pr  ls
  10  3.1513677e+00 0.00e+00 1.52e+01  -2.4 1.38e-01    -  1.00e+00 8.34e-01f  1
  11  2.6895786e+00 0.00e+00 8.08e+00  -3.2 4.76e-02    -  1.00e+00 6.94e-01f  1
  12  2.7051291e+00 0.00e+00 1.52e+01  -1.6 1.12e-01    -  1.00e+00 5.38e-01f  1
  13  2.8004823e+00 0.00e+00 2.90e+01  -1.7 3.43e-02    -  5.77e-01 5.78e-01H  1
  14  2.3114538e+00 0.00e+00 1.81e+01  -1.7 3.81e-02    -  1.00e+00 7.39e-01f  1
  15  2.0202014e+00 0.00e+00 8.23e+00  -2.2 2.02e-02    -  1.00e+00 1.00e+00f  1
  16  2.2611500e+00 0.00e+00 2.13e+01  -1.6 4.46e-02    -  6.72e-01 1.00e+00H  1
  17  1.8314117e+00 0.00e+00 1.54e+01  -2.5 4.04e-02    -  1.00e+00 8.49e-01f  1
  18  1.5705687e+00 0.00e+00 1.09e+01  -2.5 8.12e-02    -  1.00e+00 2.42e-01f  1
  19  1.6629411e+00 0.00e+00 2.30e+01  -1.6 1.32e-01    -  9.92e-01 9.34e-02f  2
iter    objective    inf_pr   inf_du lg(mu)  ||d||  lg(rg) alpha_du alpha_pr  ls
  20  1.6767841e+00 0.00e+00 1.02e+01  -1.7 7.43e-02    -  8.85e-01 2.50e-01f  3
  21  1.4717185e+00 0.00e+00 5.70e+00  -1.7 1.23e-02    -  1.00e+00 1.00e+00f  1
  22  1.4189815e+00 0.00e+00 1.28e+01  -2.8 2.71e-02    -  1.00e+00 1.00e+00f  1
  23  1.3939389e+00 0.00e+00 1.63e+01  -2.0 9.38e-02    -  9.30e-01 6.07e-01F  1
  24  1.4750229e+00 0.00e+00 1.67e+01  -1.5 7.48e-02    -  1.00e+00 2.29e-01f  1
  25  1.2309402e+00 0.00e+00 1.14e+01  -1.6 4.26e-02    -  7.48e-01 1.00e+00f  1
  26  1.3836482e+00 0.00e+00 1.90e+01  -2.0 2.96e-02    -  8.93e-01 9.48e-01H  1
  27  1.0245411e+00 0.00e+00 7.41e+00  -2.2 2.36e-02    -  1.00e+00 1.00e+00f  1
  28  9.9232879e-01 0.00e+00 4.07e+00  -1.9 3.62e-02    -  1.00e+00 3.42e-01f  1
  29  9.5462130e-01 0.00e+00 4.03e+00  -2.1 1.59e-02    -  1.00e+00 1.00e+00f  1
iter    objective    inf_pr   inf_du lg(mu)  ||d||  lg(rg) alpha_du alpha_pr  ls
  30  9.3682745e-01 0.00e+00 8.96e+00  -3.1 2.56e-02    -  1.00e+00 4.09e-01f  2
  31  9.2593332e-01 0.00e+00 4.90e+00  -3.1 2.77e-02    -  1.00e+00 3.78e-01h  2
  32  8.9190322e-01 0.00e+00 4.14e+00  -2.6 8.21e-03    -  1.00e+00 1.00e+00h  1
  33  8.8661187e-01 0.00e+00 2.64e+00  -2.8 1.26e-02    -  1.00e+00 1.00e+00h  1
  34  8.9519908e-01 0.00e+00 6.46e+00  -3.2 1.40e-02    -  9.95e-01 1.00e+00H  1
  35  8.7647527e-01 0.00e+00 2.67e+00  -3.2 1.14e-02    -  1.00e+00 1.00e+00f  1
  36  8.7048796e-01 0.00e+00 1.17e+00  -3.6 4.10e-03    -  1.00e+00 1.00e+00h  1
  37  8.6867995e-01 0.00e+00 1.72e+00  -4.1 3.44e-03    -  1.00e+00 1.00e+00h  1
  38  8.6398408e-01 0.00e+00 1.36e+00  -5.0 3.67e-03    -  1.00e+00 1.00e+00h  1
  39  8.8439870e-01 0.00e+00 6.58e+00  -5.6 1.11e-02    -  9.85e-01 1.00e+00H  1
iter    objective    inf_pr   inf_du lg(mu)  ||d||  lg(rg) alpha_du alpha_pr  ls
  40  8.6653102e-01 0.00e+00 5.17e+00  -5.6 9.98e-03    -  1.00e+00 7.66e-01f  1
  41  8.6540208e-01 1.44e-06 5.01e+00  -5.7 5.75e-03    -  1.00e+00 2.78e-02h  1
  42  8.4963332e-01 0.00e+00 1.74e+00  -5.7 4.88e-03    -  1.00e+00 1.00e+00f  1
  43  8.6307877e-01 0.00e+00 1.76e+00  -5.8 8.83e-03    -  1.00e+00 1.00e+00H  1
  44  8.4770994e-01 0.00e+00 2.35e+00  -6.4 9.28e-03    -  1.00e+00 1.00e+00f  1
  45  8.4338036e-01 0.00e+00 9.61e-01  -6.2 2.90e-03    -  1.00e+00 1.00e+00h  1
  46  8.4223986e-01 0.00e+00 9.40e-01  -6.8 2.59e-03    -  1.00e+00 1.00e+00h  1
  47  8.4013525e-01 2.62e-06 1.37e+00  -7.7 2.82e-03    -  1.00e+00 1.00e+00h  1
  48  8.7886094e-01 0.00e+00 3.25e+00  -5.7 1.63e-02    -  6.52e-01 1.00e+00H  1
  49  8.7106179e-01 3.75e-07 2.87e+00  -6.0 1.35e-02    -  1.00e+00 6.47e-02f  1
iter    objective    inf_pr   inf_du lg(mu)  ||d||  lg(rg) alpha_du alpha_pr  ls
  50  8.4059280e-01 1.63e-05 2.54e+00  -6.0 1.84e-02    -  1.00e+00 1.00e+00f  1
  51  8.5294347e-01 0.00e+00 5.22e+00  -6.0 1.23e-02    -  1.49e-01 1.00e+00h  1
  52  8.4854590e-01 1.25e-05 4.67e+00  -6.0 6.72e-03    -  1.00e+00 8.26e-02h  1
  53  8.4653871e-01 0.00e+00 4.22e+00  -6.0 9.04e-03    -  1.00e+00 1.00e+00f  1
  54  8.7791252e-01 0.00e+00 8.94e+00  -6.0 1.82e-02    -  4.72e-01 1.00e+00H  1
  55  8.2649442e-01 0.00e+00 1.17e+00  -6.0 1.26e-02    -  1.00e+00 1.00e+00f  1
  56  8.2585886e-01 0.00e+00 1.07e+00  -4.8 2.20e-03    -  1.00e+00 1.00e+00h  1
  57  8.2484735e-01 0.00e+00 4.02e-01  -5.9 6.89e-04    -  1.00e+00 1.00e+00h  1
  58  8.2430346e-01 0.00e+00 6.55e-01  -6.9 9.17e-04    -  1.00e+00 1.00e+00h  1
  59  8.2325793e-01 2.91e-06 2.01e+00  -6.5 1.50e-02    -  1.00e+00 5.00e-01h  2
iter    objective    inf_pr   inf_du lg(mu)  ||d||  lg(rg) alpha_du alpha_pr  ls
  60  8.2323271e-01 4.02e-06 3.29e+00  -6.0 9.46e-02    -  1.00e+00 5.37e-02h  3
  61  8.2235592e-01 2.91e-06 3.10e+00  -5.6 3.12e-02    -  1.00e+00 9.02e-02h  3
  62  8.7769045e-01 0.00e+00 9.84e+00  -3.7 1.52e-02    -  1.00e+00 1.00e+00H  1
  63  8.1648938e-01 0.00e+00 4.18e-01  -3.8 1.58e-02    -  1.00e+00 1.00e+00f  1
  64  8.1623320e-01 0.00e+00 8.75e-01  -3.8 5.68e-03    -  1.00e+00 1.00e+00h  1
  65  8.2269628e-01 0.00e+00 2.34e+00  -2.2 2.47e-01    -  9.96e-01 4.73e-02f  3
  66  8.2630390e-01 0.00e+00 2.03e+00  -2.4 3.30e-01    -  3.21e-01 6.25e-02f  5
  67  8.2817784e-01 0.00e+00 2.96e+00  -2.4 5.84e-02    -  7.18e-01 1.25e-01h  4
  68  8.3691417e-01 0.00e+00 5.12e+00  -2.4 7.55e-02    -  6.71e-01 1.25e-01h  4
  69  8.4324697e-01 0.00e+00 3.99e+00  -2.4 7.46e-02    -  1.00e+00 2.50e-01h  3
iter    objective    inf_pr   inf_du lg(mu)  ||d||  lg(rg) alpha_du alpha_pr  ls
  70  8.4610102e-01 0.00e+00 4.31e+00  -2.4 3.08e-02    -  8.01e-01 2.50e-01h  3
  71  9.1187996e-01 0.00e+00 8.84e+00  -2.4 2.57e-02    -  1.00e+00 1.00e+00H  1
  72  9.5983151e-01 0.00e+00 1.06e+01  -2.4 2.98e-02    -  1.00e+00 1.00e+00H  1
  73  8.3911698e-01 0.00e+00 3.42e+00  -2.4 1.50e-02    -  1.00e+00 1.00e+00f  1
  74  8.4417931e-01 0.00e+00 3.21e+00  -2.4 7.64e-03    -  1.00e+00 1.00e+00h  1
  75  8.3629002e-01 0.00e+00 1.17e+00  -2.4 3.57e-03    -  1.00e+00 1.00e+00h  1
  76  8.3715789e-01 0.00e+00 1.61e+00  -2.4 3.37e-03    -  1.00e+00 1.00e+00h  1
  77  8.3467511e-01 0.00e+00 3.43e-01  -2.4 1.99e-03    -  1.00e+00 1.00e+00h  1
  78  8.3453330e-01 0.00e+00 3.20e-01  -2.4 7.42e-04    -  1.00e+00 1.00e+00h  1
  79  8.3118383e-01 0.00e+00 1.63e+00  -3.9 4.97e-03    -  1.00e+00 1.00e+00h  1
iter    objective    inf_pr   inf_du lg(mu)  ||d||  lg(rg) alpha_du alpha_pr  ls
  80  9.2954655e-01 0.00e+00 1.26e+01  -3.9 2.20e-02    -  1.00e+00 1.00e+00H  1
  81  9.6368872e-01 0.00e+00 1.17e+01  -3.9 2.70e-02    -  5.77e-01 1.00e+00H  1
  82  9.2139584e-01 0.00e+00 9.18e+00  -3.9 3.42e-02    -  8.34e-01 9.18e-02f  3
  83  8.6729645e-01 0.00e+00 7.91e+00  -3.9 2.90e-02    -  4.49e-01 1.00e+00F  1
  84  8.5697106e-01 0.00e+00 6.17e+00  -3.9 4.51e-02    -  3.45e-01 4.09e-02f  4
  85  8.0535920e-01 0.00e+00 6.02e-01  -3.9 1.09e-02    -  1.00e+00 1.00e+00f  1
  86  9.3104296e-01 0.00e+00 1.50e+01  -4.1 1.96e-02    -  4.31e-01 1.00e+00H  1
  87  8.0433592e-01 0.00e+00 6.53e-01  -4.1 1.93e-02    -  1.00e+00 1.00e+00f  1
  88  8.0560845e-01 0.00e+00 1.34e+00  -4.2 4.56e-03    -  1.00e+00 1.00e+00h  1
  89  8.0359916e-01 0.00e+00 2.98e-01  -5.7 1.37e-03    -  1.00e+00 1.00e+00h  1
iter    objective    inf_pr   inf_du lg(mu)  ||d||  lg(rg) alpha_du alpha_pr  ls
  90  8.0342623e-01 0.00e+00 2.10e-01  -6.7 4.70e-04    -  1.00e+00 1.00e+00h  1
  91  8.0305122e-01 0.00e+00 9.57e-01  -6.8 2.58e-02    -  1.00e+00 8.97e-02f  4
  92  8.0266131e-01 0.00e+00 1.06e+00  -6.5 2.45e-02    -  1.00e+00 1.08e-01h  4
  93  8.0180601e-01 0.00e+00 8.57e-01  -6.8 3.41e-02    -  1.00e+00 1.39e-01h  3
  94  8.0139235e-01 0.00e+00 9.34e-01  -6.3 4.29e-02    -  1.00e+00 9.33e-02h  3
  95  8.0104775e-01 0.00e+00 6.65e-01  -5.8 1.54e-02    -  1.00e+00 9.78e-02h  4
  96  8.1017882e-01 0.00e+00 2.15e+00  -6.1 1.07e-02    -  9.18e-01 9.78e-01H  1
  97  8.0723521e-01 0.00e+00 1.76e+00  -6.2 1.36e-02    -  5.08e-02 2.50e-01f  3
  98  8.0789415e-01 0.00e+00 1.72e+00  -6.2 9.33e-03    -  1.00e+00 1.00e+00H  1
  99  8.0635888e-01 0.00e+00 1.92e+00  -6.2 1.22e-02    -  6.56e-01 9.30e-02f  4
iter    objective    inf_pr   inf_du lg(mu)  ||d||  lg(rg) alpha_du alpha_pr  ls
 100  7.9940326e-01 0.00e+00 7.23e-01  -6.2 7.39e-03    -  1.00e+00 1.00e+00h  1
 101  8.5676356e-01 0.00e+00 1.05e+01  -5.2 1.60e-02    -  1.00e+00 1.00e+00H  1
 102  8.1316191e-01 0.00e+00 3.73e+00  -5.3 9.29e-03    -  1.00e+00 1.00e+00f  1
 103  8.9329603e-01 4.72e-05 9.75e+00  -5.3 1.77e-02    -  1.19e-01 6.47e-01H  1
 104  7.9970537e-01 0.00e+00 1.33e+00  -5.3 1.19e-02    -  1.00e+00 1.00e+00f  1
 105  8.1528449e-01 0.00e+00 5.25e+00  -5.3 9.97e-03    -  1.00e+00 1.00e+00h  1
 106  7.9800571e-01 0.00e+00 1.94e-01  -5.3 7.76e-03    -  1.00e+00 1.00e+00h  1
 107  7.9800732e-01 0.00e+00 3.34e-01  -6.4 5.84e-04    -  1.00e+00 1.00e+00h  1
 108  7.9790429e-01 0.00e+00 1.09e-01  -7.6 3.57e-04    -  1.00e+00 1.00e+00h  1
 109  7.9785052e-01 0.00e+00 1.62e-01  -9.1 4.80e-04    -  1.00e+00 1.00e+00h  1
iter    objective    inf_pr   inf_du lg(mu)  ||d||  lg(rg) alpha_du alpha_pr  ls
 110  7.9778097e-01 0.00e+00 5.75e-01 -10.3 2.36e-03    -  1.00e+00 1.00e+00h  1
 111  7.9771126e-01 0.00e+00 7.06e-01  -8.4 9.53e-03    -  1.00e+00 8.99e-02h  4
 112  7.9787684e-01 0.00e+00 1.00e+00  -9.5 3.49e-03    -  1.00e+00 1.00e+00H  1
 113  7.9758013e-01 7.17e-06 6.88e-01  -9.6 1.15e-02    -  1.00e+00 2.95e-01f  1
 114  8.1474227e-01 0.00e+00 5.19e+00  -9.9 7.95e-03    -  1.00e+00 1.00e+00H  1
 115  7.9891287e-01 0.00e+00 1.52e+00  -7.6 8.45e-03    -  1.00e+00 1.00e+00f  1
 116  8.0481298e-01 0.00e+00 2.32e+00  -7.6 6.90e-03    -  6.64e-01 1.00e+00h  1
 117  8.0451153e-01 3.39e-06 2.28e+00  -7.6 6.71e-03    -  1.00e+00 1.71e-02h  1
 118  7.9768411e-01 0.00e+00 1.72e+00  -7.6 5.77e-03    -  1.00e+00 1.00e+00f  1
 119  8.0469137e-01 1.52e-06 3.57e+00  -7.6 9.23e-03    -  1.00e+00 8.50e-01H  1
iter    objective    inf_pr   inf_du lg(mu)  ||d||  lg(rg) alpha_du alpha_pr  ls
 120  7.9576161e-01 1.04e-06 2.56e-01  -7.6 5.67e-03    -  8.30e-01 1.00e+00h  1
 121  7.9572212e-01 0.00e+00 1.68e-01  -7.9 4.82e-04    -  1.00e+00 1.00e+00h  1
 122  7.9568171e-01 0.00e+00 1.70e-01  -9.5 2.10e-04    -  1.00e+00 1.00e+00h  1
 123  7.9552340e-01 0.00e+00 2.67e-01  -7.2 9.29e-04    -  4.54e-01 1.00e+00h  1
 124  8.0731785e-01 0.00e+00 4.03e+00  -6.7 1.01e-02    -  1.00e+00 1.00e+00H  1
 125  8.0315171e-01 1.04e-06 2.87e+00  -6.8 1.70e-02    -  7.89e-01 5.00e-01f  2
 126  8.0056287e-01 2.36e-05 2.41e+00  -6.8 4.81e-02    -  2.49e-01 7.50e-02f  3
 127  8.0791212e-01 0.00e+00 3.72e+00  -6.8 1.01e-02    -  1.00e+00 1.00e+00H  1
 128  8.0456861e-01 8.30e-06 2.65e+00  -6.8 4.21e-02    -  1.00e+00 1.35e-01f  3
 129  9.4038170e-01 0.00e+00 1.22e+01  -6.8 1.63e-02    -  3.39e-01 1.00e+00H  1
iter    objective    inf_pr   inf_du lg(mu)  ||d||  lg(rg) alpha_du alpha_pr  ls
 130  9.3474223e-01 7.60e-08 1.20e+01  -6.8 1.86e-02    -  1.00e+00 1.91e-02f  1
 131  7.9722339e-01 1.38e-04 2.22e+00  -6.8 2.21e-02    -  1.00e+00 1.00e+00f  1
 132  7.9387280e-01 1.50e-04 9.56e-01  -6.8 2.71e-02    -  4.51e-01 9.26e-02h  1
 133  8.1336160e-01 3.39e-06 3.76e+00  -7.0 6.56e-03    -  1.00e+00 1.00e+00h  1
 134  7.9270511e-01 1.23e-07 2.12e-01  -7.1 3.98e-03    -  1.00e+00 1.00e+00h  1
 135  7.9266389e-01 0.00e+00 1.24e-01  -8.3 4.34e-04    -  1.00e+00 1.00e+00h  1
 136  7.9244818e-01 1.12e-07 2.31e-01  -7.8 9.43e-04    -  1.00e+00 1.00e+00h  1
 137  7.9241269e-01 8.05e-07 7.08e-01  -7.5 2.81e-02    -  1.00e+00 6.25e-02h  5
 138  8.0537374e-01 0.00e+00 3.48e+00  -5.6 1.55e-02    -  3.78e-01 1.00e+00H  1
 139  8.0366515e-01 4.62e-07 3.13e+00  -6.1 3.43e-02    -  4.93e-01 5.87e-02f  1
iter    objective    inf_pr   inf_du lg(mu)  ||d||  lg(rg) alpha_du alpha_pr  ls
 140  8.1800650e-01 0.00e+00 4.94e+00  -6.1 2.43e-02    -  1.65e-01 1.00e+00H  1
 141  8.1431851e-01 0.00e+00 4.47e+00  -6.1 1.40e-02    -  1.00e+00 6.59e-02f  2
 142  8.0113987e-01 0.00e+00 4.04e+00  -6.1 3.89e-02    -  1.09e-01 2.50e-01f  3
 143  8.1471077e-01 0.00e+00 4.07e+00  -6.1 1.72e-02    -  1.00e+00 1.00e+00H  1
 144  8.1064384e-01 0.00e+00 3.85e+00  -6.1 2.19e-02    -  5.01e-01 3.68e-02f  5
 145  7.9335064e-01 0.00e+00 2.06e+00  -6.1 1.64e-02    -  1.00e+00 1.00e+00f  1
 146  8.2318967e-01 0.00e+00 6.03e+00  -6.1 1.78e-02    -  1.00e+00 1.00e+00H  1
 147  7.9040787e-01 0.00e+00 9.46e-01  -6.1 1.35e-02    -  1.00e+00 1.00e+00f  1
 148  7.9056920e-01 0.00e+00 1.26e+00  -6.7 2.48e-03    -  1.00e+00 1.00e+00h  1
 149  7.8928140e-01 0.00e+00 2.53e-01  -8.1 1.68e-03    -  1.00e+00 1.00e+00h  1
iter    objective    inf_pr   inf_du lg(mu)  ||d||  lg(rg) alpha_du alpha_pr  ls
 150  7.8919407e-01 0.00e+00 1.85e-01  -9.2 4.77e-04    -  1.00e+00 1.00e+00h  1
 151  7.8902978e-01 0.00e+00 1.65e-01 -10.5 8.87e-04    -  1.00e+00 1.00e+00h  1
 152  7.8873276e-01 0.00e+00 4.93e-01  -9.4 1.85e-01    -  1.00e+00 1.56e-02f  7
 153  1.2076353e+00 0.00e+00 1.03e+01  -8.8 1.20e-01    -  2.19e-01 1.00e+00H  1
 154  1.1591767e+00 0.00e+00 1.17e+01  -9.2 6.32e+00    -  7.09e-03 8.45e-03f  1
 155  1.1298261e+00 0.00e+00 1.49e+01  -9.2 1.24e+00    -  1.64e-06 2.72e-02f  1
 156  1.1241784e+00 0.00e+00 1.39e+01  -9.2 3.60e-01    -  1.25e-01 4.33e-02f  1
 157  9.3934727e-01 0.00e+00 7.62e+00  -9.2 6.57e-02    -  4.29e-07 3.44e-01f  1
 158  9.1024813e-01 0.00e+00 1.34e+01  -9.2 5.39e-01    -  3.63e-08 4.55e-02f  1
 159  8.7316523e-01 0.00e+00 9.28e+00  -9.2 2.61e-02    -  1.23e-06 4.66e-01f  1
iter    objective    inf_pr   inf_du lg(mu)  ||d||  lg(rg) alpha_du alpha_pr  ls
 160  8.0936267e-01 0.00e+00 2.79e+00  -9.2 4.61e-02    -  9.54e-02 1.00e+00h  1
 161  8.0352245e-01 0.00e+00 3.72e+00  -9.2 7.92e-01    -  3.43e-02 1.89e-02f  2
 162  7.9732113e-01 0.00e+00 3.54e+00  -9.2 1.78e-01    -  4.07e-02 8.43e-02h  3
 163  7.9522385e-01 0.00e+00 3.55e+00  -9.2 4.38e-01    -  2.02e-01 1.26e-02h  5
 164  7.9192830e-01 0.00e+00 2.93e+00  -9.2 1.94e-01    -  6.11e-01 8.97e-02h  4
 165  7.9063181e-01 0.00e+00 2.62e+00  -9.2 5.23e-01    -  5.88e-02 8.29e-03h  5
 166  9.4090955e-01 0.00e+00 1.77e+01  -9.2 3.87e-02    -  9.16e-01 1.00e+00h  1
 167  2.4613649e+00 0.00e+00 4.45e+01  -9.2 5.32e-02    -  2.30e-01 1.00e+00H  1
 168  2.1537973e+00 0.00e+00 4.32e+01  -9.2 9.13e-01    -  1.19e-01 1.75e-02f  3
 169  1.9312034e+00 0.00e+00 4.17e+01  -9.2 7.96e+02    -  1.53e-04 1.51e-05f  3
iter    objective    inf_pr   inf_du lg(mu)  ||d||  lg(rg) alpha_du alpha_pr  ls
 170  1.7622110e+00 0.00e+00 4.04e+01  -9.2 5.85e+02    -  2.08e-04 1.54e-05f  3
 171  1.6336404e+00 0.00e+00 3.93e+01  -9.2 4.26e+02    -  3.07e-04 1.59e-05f  3
 172  1.2863281e+00 0.00e+00 2.88e+01  -9.2 5.43e+01    -  1.08e-03 9.33e-05f  3
 173  8.8436050e-01 0.00e+00 9.38e+00  -9.2 2.49e-02    -  9.87e-01 6.09e-01f  1
 174  8.3953737e-01 0.00e+00 9.35e+00  -9.2 1.05e-02    -  7.35e-06 1.00e+00f  1
 175  7.8248771e-01 0.00e+00 1.65e+00  -9.2 1.05e-02    -  1.00e+00 1.00e+00h  1
 176  7.8000426e-01 0.00e+00 7.61e-01  -7.5 2.43e-03    -  1.00e+00 1.00e+00h  1
 177  7.7904537e-01 0.00e+00 4.21e-01  -8.9 1.19e-03    -  1.00e+00 1.00e+00h  1
 178  7.7818736e-01 0.00e+00 8.46e-01 -10.0 3.20e-03    -  1.00e+00 1.00e+00h  1
 179  7.8056057e-01 0.00e+00 1.32e+00 -10.5 3.92e-03    -  9.94e-01 1.00e+00H  1
iter    objective    inf_pr   inf_du lg(mu)  ||d||  lg(rg) alpha_du alpha_pr  ls
 180  7.7742514e-01 0.00e+00 6.30e-01 -11.0 2.54e-03    -  1.00e+00 1.00e+00f  1
 181  7.7710151e-01 0.00e+00 3.71e-01 -11.0 9.80e-04    -  1.00e+00 1.00e+00h  1
 182  7.7684507e-01 0.00e+00 2.83e-01 -11.0 7.79e-04    -  1.00e+00 1.00e+00h  1
 183  7.7628741e-01 0.00e+00 6.28e-01 -11.0 1.38e-02    -  1.00e+00 2.50e-01h  3
 184  7.9159233e-01 0.00e+00 4.55e+00 -11.0 1.66e-02    -  1.00e+00 1.00e+00H  1
 185  7.8107119e-01 0.00e+00 3.06e+00 -11.0 7.55e-03    -  1.00e+00 1.00e+00f  1
 186  7.7452223e-01 0.00e+00 6.18e-01 -11.0 4.98e-03    -  1.00e+00 1.00e+00h  1
 187  7.8066010e-01 0.00e+00 2.71e+00 -11.0 2.96e-03    -  1.00e+00 1.00e+00h  1
 188  7.7401389e-01 0.00e+00 1.72e-01 -11.0 2.09e-03    -  1.00e+00 1.00e+00h  1
 189  7.7392557e-01 0.00e+00 1.75e-01 -11.0 4.85e-04    -  1.00e+00 1.00e+00h  1
iter    objective    inf_pr   inf_du lg(mu)  ||d||  lg(rg) alpha_du alpha_pr  ls
 190  7.7344872e-01 0.00e+00 7.90e-01 -10.6 1.50e-01    -  1.00e+00 3.57e-02f  3
 191  7.7306155e-01 0.00e+00 1.04e+00  -8.6 6.07e-02    -  1.00e+00 8.55e-02h  3
 192  7.7292192e-01 0.00e+00 1.04e+00  -7.1 3.06e-02    -  1.00e+00 9.72e-02h  3
 193  7.7739152e-01 0.00e+00 3.01e+00  -7.5 1.14e-02    -  1.00e+00 9.56e-01H  1
 194  7.7645103e-01 0.00e+00 1.59e+00  -7.6 5.35e-03    -  1.00e+00 5.00e-01h  2
 195  7.7187057e-01 0.00e+00 5.23e-01  -7.6 6.57e-03    -  3.94e-02 1.00e+00h  1
 196  7.7775843e-01 0.00e+00 3.76e+00  -8.3 5.36e-03    -  1.00e+00 1.00e+00h  1
 197  7.7179753e-01 0.00e+00 4.39e-01  -8.4 3.45e-03    -  1.00e+00 1.00e+00h  1
 198  7.7179550e-01 0.00e+00 6.09e-01  -9.6 8.50e-04    -  1.00e+00 1.00e+00h  1
 199  7.7160730e-01 0.00e+00 2.42e-01 -10.7 4.52e-04    -  1.00e+00 1.00e+00h  1
iter    objective    inf_pr   inf_du lg(mu)  ||d||  lg(rg) alpha_du alpha_pr  ls
 200  7.7155465e-01 0.00e+00 8.52e-02 -11.0 1.60e-04    -  1.00e+00 1.00e+00h  1

Number of Iterations....: 200

                                   (scaled)                 (unscaled)
Objective...............:   7.7155464848763389e-01    7.7155464848763389e-01
Dual infeasibility......:   8.5151724344730395e-02    8.5151724344730395e-02
Constraint violation....:   0.0000000000000000e+00    0.0000000000000000e+00
Variable bound violation:   0.0000000000000000e+00    0.0000000000000000e+00
Complementarity.........:   1.0041720610812349e-11    1.0041720610812349e-11
Overall NLP error.......:   8.5151724344730395e-02    8.5151724344730395e-02


Number of objective function evaluations             = 472
Number of objective gradient evaluations             = 201
Number of equality constraint evaluations            = 0
Number of inequality constraint evaluations          = 472
Number of equality constraint Jacobian evaluations   = 0
Number of inequality constraint Jacobian evaluations = 201
Number of Lagrangian Hessian evaluations             = 0
Total seconds in IPOPT                               = 0.727

EXIT: Optimal Solution Found.
