+ PY=/scratch/wg2381/.conda/envs/gmc-venv/bin/python
+ cd /scratch/wg2381/splathjb/gmc
+ export PYTHONPATH=src:experiments MPLBACKEND=Agg
+ PYTHONPATH=src:experiments
+ MPLBACKEND=Agg
+ export OPENBLAS_NUM_THREADS=8 OMP_NUM_THREADS=1 MKL_NUM_THREADS=1
+ OPENBLAS_NUM_THREADS=8
+ OMP_NUM_THREADS=1
+ MKL_NUM_THREADS=1
+ /scratch/wg2381/.conda/envs/gmc-venv/bin/python -
node: cs614.hpc.nyu.edu | numpy 2.1.3
oracles: 14894

theta=2.1293: converged=59576 FAIL=0 raises=0
     2 iters:   30007 (50.37%)
     3 iters:   21053 (35.34%)
     4 iters:    6264 (10.51%)
     5 iters:    1525 ( 2.56%)
     6 iters:     429 ( 0.72%)
     7 iters:     155 ( 0.26%)
     8 iters:      61 ( 0.10%)
     9 iters:      30 ( 0.05%)
    10 iters:      21 ( 0.04%)
    11 iters:      15 ( 0.03%)
    12 iters:       4 ( 0.01%)
    13 iters:       8 ( 0.01%)
    14 iters:       1 ( 0.00%)
    15 iters:       2 ( 0.00%)
    16 iters:       1 ( 0.00%)
Traceback (most recent call last):
  File "<stdin>", line 34, in <module>
  File "/scratch/wg2381/splathjb/gmc/src/gmc/geometry/envelopes.py", line 719, in approximate_pair
    _prototype_outward_world_vertices(
    ~~~~~~~~~~~~~~~~~~~~~~~~~~~~~~~~~^
        oracle, theta, U, h,
        ^^^^^^^^^^^^^^^^^^^^
    )
    ^
  File "<stdin>", line 22, in counting
FloatingPointError: prototype outer world-coordinate bound did not converge

During handling of the above exception, another exception occurred:

Traceback (most recent call last):
  File "<stdin>", line 38, in <module>
AttributeError: 'PairOracle' object has no attribute 'scene_support'
+ echo '=== K2_REPRO_DONE ==='
=== K2_REPRO_DONE ===
