+ PY=/scratch/wg2381/.conda/envs/gmc-venv/bin/python
+ cd /scratch/wg2381/splathjb/gmc
+ export PYTHONPATH=src MPLBACKEND=Agg
+ PYTHONPATH=src
+ MPLBACKEND=Agg
+ export OPENBLAS_NUM_THREADS=1 OMP_NUM_THREADS=1 MKL_NUM_THREADS=1
+ OPENBLAS_NUM_THREADS=1
+ OMP_NUM_THREADS=1
+ MKL_NUM_THREADS=1
+ echo '=== VERSIONS ==='
=== VERSIONS ===
+ /scratch/wg2381/.conda/envs/gmc-venv/bin/python -c 'import sys,numpy,scipy,shapely,networkx;print(sys.version.split()[0],numpy.__version__,scipy.__version__,shapely.__version__,networkx.__version__)'
3.13.5 2.1.3 1.15.3 2.1.2 3.4.2
+ echo '=== PYTEST FULL SUITE ==='
=== PYTEST FULL SUITE ===
+ tail -40
+ /scratch/wg2381/.conda/envs/gmc-venv/bin/python -m pytest -q
........................................................................ [ 20%]
........................................................................ [ 40%]
........................................................................ [ 61%]
........................................................................ [ 81%]
.................................................................        [100%]
+ echo '=== BASELINE_SUITE_DONE rc=0 ==='
=== BASELINE_SUITE_DONE rc=0 ===
