+ PY=/scratch/wg2381/.conda/envs/gmc-venv/bin/python
+ cd /scratch/wg2381/splathjb/gmc
+ export PYTHONPATH=src:experiments MPLBACKEND=Agg
+ PYTHONPATH=src:experiments
+ MPLBACKEND=Agg
+ export OPENBLAS_NUM_THREADS=8 OMP_NUM_THREADS=1 MKL_NUM_THREADS=1
+ OPENBLAS_NUM_THREADS=8
+ OMP_NUM_THREADS=1
+ MKL_NUM_THREADS=1
+ /scratch/wg2381/.conda/envs/gmc-venv/bin/python -
node: cs606.hpc.nyu.edu numpy 2.1.3
half=1.5 theta=2.1293: n_oracles=4566 calls=18264 max_iters=14 over_16=0 FAIL=0
half=1.5 theta=0.6021: n_oracles=4566 calls=18264 max_iters=12 over_16=0 FAIL=0
half=1.5 theta=1.2086: n_oracles=4566 calls=18264 max_iters=25 over_16=3 FAIL=0
      needed  25 iters  mean=[21.9781, -14.8097] semi=(9.089e-05, 0.03236)
      needed  18 iters  mean=[20.6742, -14.2349] semi=(6.101e-04, 0.00250)
      needed  18 iters  mean=[20.6155, -14.0538] semi=(1.106e-02, 0.06076)
half=1.5 theta=1.789: n_oracles=4566 calls=18264 max_iters=16 over_16=0 FAIL=0
half=1.5 theta=0.0: n_oracles=4566 calls=18264 max_iters=11 over_16=0 FAIL=0
half=1.5 theta=0.7854: n_oracles=4566 calls=18264 max_iters=13 over_16=0 FAIL=0
half=3.0 theta=2.1293: n_oracles=14894 calls=59576 max_iters=16 over_16=0 FAIL=0
half=3.0 theta=0.6021: n_oracles=14894 calls=59577 max_iters=25 over_16=2 FAIL=0
      needed  25 iters  mean=[24.7488, -16.5994] semi=(9.138e-05, 0.00929)
      needed  20 iters  mean=[22.3984, -17.729] semi=(4.818e-03, 0.00888)
half=3.0 theta=1.2086: n_oracles=14894 calls=59576 max_iters=25 over_16=5 FAIL=0
      needed  25 iters  mean=[21.9781, -14.8097] semi=(9.089e-05, 0.03236)
      needed  18 iters  mean=[22.042, -18.423] semi=(7.974e-04, 0.00391)
      needed  18 iters  mean=[20.6742, -14.2349] semi=(6.101e-04, 0.00250)
half=3.0 theta=1.789: n_oracles=14894 calls=59578 max_iters=20 over_16=1 FAIL=0
      needed  20 iters  mean=[18.6805, -13.0865] semi=(3.085e-02, 0.04705)
half=3.0 theta=0.0: n_oracles=14894 calls=59576 max_iters=16 over_16=0 FAIL=0
half=3.0 theta=0.7854: n_oracles=14894 calls=59577 max_iters=19 over_16=2 FAIL=0
      needed  19 iters  mean=[25.7975, -17.211] semi=(5.542e-03, 0.02181)
      needed  17 iters  mean=[21.5812, -18.7214] semi=(1.069e-03, 0.01566)
+ echo '=== K2_CAP_DONE ==='
=== K2_CAP_DONE ===
