=== percase_search experiments/percase_search_cylinder.py  2026-09-14T10:09:06-04:00 host=cs733.hpc.nyu.edu job=17777663 ===
10:09:20 phase load 10.7 s
10:10:33 global projection {"n_input": 2674453, "tau": 0.3, "level": 2.0, "window": [-4.5, -1.0, 21.5, 38.0], "band_abs": [-1.2071749593107994, 0.5228250406892005], "dilate_radius": 0.3, "dropped_opacity": 0, "floored_3d": 0, "excluded_band": 363890, "outside_window": 2488, "deduplicated": 0, "kept": 2308075, "floored_2d": 149, "candidate2": 36669} 73s
10:11:16 global raster {"presubset_splats": 2674453, "n_supports": 2308075, "projection_seconds": 73.27250933647156, "raster_seconds": 40.05035662651062, "raster_shape": [1040, 1560], "occupied_frac": 0.25397867357001974, "disc_free_frac": 0.38125184911242604, "floor_cells_ge_min": 2119, "ceiling_cells_ge_min": 2410, "interior_cells": 2119, "cov_cells": 4056, "floor_count_percentiles": {"10": 0.0, "25": 0.0, "50": 8.0, "75": 51.0, "90": 128.0}, "ceiling_count_percentiles": {"10": 0.0, "25": 0.0, "50": 54.0, "75": 202.0, "90": 486.0}}
10:11:16 phase global_raster 116.4 s
10:11:16 windows 78144 after prefilter 16272
10:11:38 phase scan 22.0 s
10:11:40 phase tighten 2.1 s
10:11:41 precheck tight {"window": [0.5, 10.0, 3.5, 13.0], "n_supports": 3791, "start_clear": 0.48541219597369, "goal_clear": 0.47500000000000003, "same_component": true, "line_min_dist": 0.10606601717798213, "bottleneck": 0.35, "hard_pass": true} SW-hall bench at (2.1, 10.5)
10:11:41 precheck tight {"window": [1.5, 5.0, 3.5, 9.0], "n_supports": 5329, "start_clear": 0.4506939094329987, "goal_clear": 0.47500000000000003, "same_component": true, "line_min_dist": 0.05, "bottleneck": 0.375, "hard_pass": true} None
10:11:42 precheck tight {"window": [0.0, 13.0, 3.5, 15.0], "n_supports": 18932, "start_clear": 0.625, "goal_clear": 0.40311288741492746, "same_component": true, "line_min_dist": 0.17500000000000002, "bottleneck": 0.4, "hard_pass": true} None
10:11:44 precheck tight {"window": [-0.5, 10.5, 2.0, 13.75], "n_supports": 22439, "start_clear": 0.45, "goal_clear": 0.4366062299143245, "same_component": true, "line_min_dist": 0.16770509831248426, "bottleneck": 0.35, "hard_pass": true} table B
10:11:45 precheck tight {"window": [0.5, 7.5, 4.5, 10.25], "n_supports": 33096, "start_clear": 0.5, "goal_clear": 0.4609772228646444, "same_component": true, "line_min_dist": 0.0, "bottleneck": 0.375, "hard_pass": true} SW-hall bench at (2.1, 10.5)
10:11:47 precheck tight {"window": [-2.0, 11.25, 3.0, 13.75], "n_supports": 36037, "start_clear": 0.45, "goal_clear": 0.5836308764964376, "same_component": true, "line_min_dist": 0.1346291201783626, "bottleneck": 0.35, "hard_pass": true} table B
10:11:50 precheck tight {"window": [-1.5, 12.5, 4.0, 15.0], "n_supports": 55803, "start_clear": 0.5273755777432247, "goal_clear": 0.4808846015417836, "same_component": true, "line_min_dist": 0.1520690632574555, "bottleneck": 0.45, "hard_pass": true} None
10:11:52 phase precheck 12.1 s
10:11:54 phase figures 2.1 s
10:12:00 full scene check [{"refined_index": 0, "window": [0.5, 10.0, 3.5, 13.0], "n_full": 3791, "n_presubset": 3791, "ids_equal": true}]
10:12:05 full scene check [{"refined_index": 1, "window": [1.5, 5.0, 3.5, 9.0], "n_full": 5329, "n_presubset": 5329, "ids_equal": true}]
10:12:11 full scene check [{"refined_index": 3, "window": [-0.5, 10.5, 2.0, 13.75], "n_full": 22439, "n_presubset": 22439, "ids_equal": true}]
10:12:16 full scene check [{"refined_index": 7, "window": [1.0, 11.0, 4.0, 13.5], "n_full": 809, "n_presubset": 809, "ids_equal": true}]
10:12:16 phase full_scene_check 21.8 s
10:12:20 probe started {"label": "P1", "window": [0.5, 10.0, 3.5, 13.0], "n_supports_full": 3791, "probe_half": 1.0, "probe_window": [1.1124999999999998, 10.5125, 3.1125, 12.5125], "n_supports_probe": 1236}
10:12:23 probe started {"label": "P2", "window": [1.5, 5.0, 3.5, 9.0], "n_supports_full": 5329, "probe_half": 1.0, "probe_window": [1.7125000000000004, 6.1125, 3.7125000000000004, 8.1125], "n_supports_probe": 9112}
10:12:27 probe started {"label": "P3", "window": [-0.5, 10.5, 2.0, 13.75], "n_supports_full": 22439, "probe_half": 1.0, "probe_window": [-0.4374999999999999, 10.8625, 1.5625, 12.8625], "n_supports_probe": 17752}
10:12:30 probe started {"label": "P1_half_scaling", "window": [0.5, 10.0, 3.5, 13.0], "n_supports_full": 3791, "probe_half": 0.5, "probe_window": [1.6124999999999998, 11.0125, 2.6125, 12.0125], "n_supports_probe": 780}
10:12:30 probe done {"label": "P1", "window": [0.5, 10.0, 3.5, 13.0], "n_supports_full": 3791, "probe_half": 1.0, "probe_window": [1.1124999999999998, 10.5125, 3.1125, 12.5125], "n_supports_probe": 1236, "ok": true, "probe_compile_seconds": 7.102450609207153, "probe_status": "INVALID_GEOMETRY", "compile_seconds_inner": 6.317242383956909, "n_pairs": 1236, "n_slabs": 1, "initial_intervals": 1, "wall_seconds": 9.399060726165771, "ratio": 3.0671521035598706, "projected_hours": 0.0060511934240166125, "abort": false, "seconds_per_probe_support": 0.0057463192631125835}
10:12:36 probe done {"label": "P1_half_scaling", "window": [0.5, 10.0, 3.5, 13.0], "n_supports_full": 3791, "probe_half": 0.5, "probe_window": [1.6124999999999998, 11.0125, 2.6125, 12.0125], "n_supports_probe": 780, "ok": true, "probe_compile_seconds": 4.212676048278809, "probe_status": "INVALID_GEOMETRY", "compile_seconds_inner": 3.6966381072998047, "n_pairs": 780, "n_slabs": 1, "initial_intervals": 1, "wall_seconds": 6.01039981842041, "ratio": 4.86025641025641, "projected_hours": 0.005687412713327978, "abort": false, "seconds_per_probe_support": 0.0054008667285625755}
10:13:08 probe done {"label": "P2", "window": [1.5, 5.0, 3.5, 9.0], "n_supports_full": 5329, "probe_half": 1.0, "probe_window": [1.7125000000000004, 6.1125, 3.7125000000000004, 8.1125], "n_supports_probe": 9112, "ok": true, "probe_compile_seconds": 42.627867460250854, "probe_status": "INVALID_GEOMETRY", "compile_seconds_inner": 40.44939398765564, "n_pairs": 9112, "n_slabs": 1, "initial_intervals": 1, "wall_seconds": 44.33998680114746, "ratio": 0.5848331870061457, "projected_hours": 0.006925053217237245, "abort": false, "seconds_per_probe_support": 0.004678211968859839}
10:13:40 probe done {"label": "P3", "window": [-0.5, 10.5, 2.0, 13.75], "n_supports_full": 22439, "probe_half": 1.0, "probe_window": [-0.4374999999999999, 10.8625, 1.5625, 12.8625], "n_supports_probe": 17752, "ok": true, "probe_compile_seconds": 70.37330865859985, "probe_status": "INVALID_GEOMETRY", "compile_seconds_inner": 69.78175354003906, "n_pairs": 17752, "n_slabs": 1, "initial_intervals": 1, "wall_seconds": 72.87326574325562, "ratio": 1.2640265885534023, "projected_hours": 0.024709370352484883, "abort": false, "seconds_per_probe_support": 0.003964246769862542}
10:13:42 phase probes 85.5 s
10:13:42 suggestion {"label": "P1", "refined_index": 0, "behaviour": "around", "projected_hours_limit": 3.0} total 272.8 s; errors 0
=== PERCASE_SEARCH_DONE experiments/percase_search_cylinder.py ===
