=== planefloor_step survivors 2026-09-17T16:06:55-04:00 host=cs648.hpc.nyu.edu job=17927039 ===
before 7,247,831 splats, after 7,101,868 (variant phantom+centre) in 10.0s
[table_A] members 1 gate {'no_mass_lost_above_0.10m': True, 'member_cells_identical': True, 'no_member_sweeper_band_splat_lost': True, 'every_member_still_blocks_the_sweeper': True, 'pass': True} sweeper supports 30->30 in footprint, window 1137->918 in 5.8s
[table_B] members 6 gate {'no_mass_lost_above_0.10m': True, 'member_cells_identical': True, 'no_member_sweeper_band_splat_lost': True, 'every_member_still_blocks_the_sweeper': True, 'pass': True} sweeper supports 347->346 in footprint, window 1015->971 in 10.1s
[table_C] members 2 gate {'no_mass_lost_above_0.10m': True, 'member_cells_identical': True, 'no_member_sweeper_band_splat_lost': True, 'every_member_still_blocks_the_sweeper': True, 'pass': True} sweeper supports 347->347 in footprint, window 1250->784 in 6.1s
[table_G] members 4 gate {'no_mass_lost_above_0.10m': True, 'member_cells_identical': True, 'no_member_sweeper_band_splat_lost': True, 'every_member_still_blocks_the_sweeper': True, 'pass': True} sweeper supports 57->57 in footprint, window 792->754 in 8.5s
[SW_hall_bench] members 5 gate {'no_mass_lost_above_0.10m': True, 'member_cells_identical': True, 'no_member_sweeper_band_splat_lost': True, 'every_member_still_blocks_the_sweeper': True, 'pass': True} sweeper supports 163->151 in footprint, window 788->737 in 8.4s
[plinth_W] members 6 gate {'no_mass_lost_above_0.10m': True, 'member_cells_identical': True, 'no_member_sweeper_band_splat_lost': True, 'every_member_still_blocks_the_sweeper': True, 'pass': True} sweeper supports 406->406 in footprint, window 1343->1304 in 14.6s
[plinth_SW] members 7 gate {'no_mass_lost_above_0.10m': True, 'member_cells_identical': True, 'no_member_sweeper_band_splat_lost': True, 'every_member_still_blocks_the_sweeper': True, 'pass': True} sweeper supports 247->245 in footprint, window 1071->1041 in 8.3s
[plinth_S] members 5 gate {'no_mass_lost_above_0.10m': True, 'member_cells_identical': True, 'no_member_sweeper_band_splat_lost': True, 'every_member_still_blocks_the_sweeper': True, 'pass': True} sweeper supports 607->603 in footprint, window 1563->1386 in 7.0s
[plinth_E] members 5 gate {'no_mass_lost_above_0.10m': True, 'member_cells_identical': True, 'no_member_sweeper_band_splat_lost': True, 'every_member_still_blocks_the_sweeper': True, 'pass': True} sweeper supports 782->767 in footprint, window 2264->1881 in 7.7s
[plinth_NW] members 7 gate {'no_mass_lost_above_0.10m': True, 'member_cells_identical': True, 'no_member_sweeper_band_splat_lost': True, 'every_member_still_blocks_the_sweeper': True, 'pass': True} sweeper supports 318->317 in footprint, window 1406->1347 in 11.1s
[reception_counter] members 12 gate {'no_mass_lost_above_0.10m': True, 'member_cells_identical': True, 'no_member_sweeper_band_splat_lost': True, 'every_member_still_blocks_the_sweeper': True, 'pass': True} sweeper supports 789->760 in footprint, window 1374->1304 in 6.7s
wrote results/height/plane/p1c_survivors.json
{
  "all_objects_pass": true,
  "by_object": {
    "table_A": true,
    "table_B": true,
    "table_C": true,
    "table_G": true,
    "SW_hall_bench": true,
    "plinth_W": true,
    "plinth_SW": true,
    "plinth_S": true,
    "plinth_E": true,
    "plinth_NW": true,
    "reception_counter": true
  }
}
=== PLANEFLOOR_STEP_DONE survivors ===
