=== planefloor_timing 2026-09-18T17:52:05-04:00 host=cs616.hpc.nyu.edu job=17965980 cpus=4 ===
model name	: INTEL(R) XEON(R) PLATINUM 8592+
17:52:13 ROW {"kind": "lane_meta", "experiment": null, "mode": null, "robot": null, "n_supports": null, "ab_dist_m": null, "status": null, "success": null} null
17:52:15 ROW {"kind": "unit", "experiment": "prep", "mode": "per_scene", "robot": null, "n_supports": null, "ab_dist_m": null, "status": null, "success": null} {"floor_replace": 0.01102672197157517}
17:52:15 ROW {"kind": "unit", "experiment": "project", "mode": "hall", "robot": "sweeper", "n_supports": 53, "ab_dist_m": null, "status": null, "success": null} {"project": 0.0035147540038451552}
17:52:15 ROW {"kind": "unit", "experiment": "project", "mode": "hall", "robot": "uav", "n_supports": 71, "ab_dist_m": null, "status": null, "success": null} {"project": 0.003809393005212769}
17:52:15 ROW {"kind": "unit", "experiment": "project", "mode": "hall", "robot": "cylinder", "n_supports": 124, "ab_dist_m": null, "status": null, "success": null} {"project": 0.005880737997358665}
17:52:16 ROW {"kind": "unit", "experiment": "compile_only", "mode": "compile", "robot": "sweeper", "n_supports": 53, "ab_dist_m": null, "status": null, "success": null} {"project": 0.003145963011775166, "compile_pairs": 0.007432902988512069, "compile_slabs": 0.24891939098597504, "compile_mobility": 0.0046424660249613225}
17:52:16 ROW {"kind": "lane_done", "experiment": null, "mode": null, "robot": null, "n_supports": null, "ab_dist_m": null, "status": null, "success": null} null
17:52:16 LANE prep DONE in 2s -> results/height/timing/_selftest/prep.jsonl
17:52:16 ROW {"kind": "lane_meta", "experiment": null, "mode": null, "robot": null, "n_supports": null, "ab_dist_m": null, "status": null, "success": null} null
17:52:17 ROW {"kind": "unit", "experiment": "win", "mode": "cold", "robot": "cylinder", "n_supports": 92, "ab_dist_m": 1.4000000000000001, "status": "REACHABLE", "success": true} {"project": 0.004707440995844081, "compile_pairs": 0.007528585992986336, "compile_slabs": 0.4114707830012776, "compile_mobility": 0.008320568973431364, "query": 0.49961261500720866, "verify_curve": 0.2281303660129197, "replay3d": 0.014820906013483182}
17:52:18 ROW {"kind": "unit", "experiment": "win", "mode": "cold", "robot": "cylinder", "n_supports": 110, "ab_dist_m": 1.4000000000000001, "status": "REACHABLE", "success": true} {"project": 0.005615297995973378, "compile_pairs": 0.00873714400222525, "compile_slabs": 0.47916326401173137, "compile_mobility": 0.009069823019672185, "query": 0.5606050649948884, "verify_curve": 0.2717058720008936, "replay3d": 0.014165292988764122}
17:52:18 ROW {"kind": "lane_done", "experiment": null, "mode": null, "robot": null, "n_supports": null, "ab_dist_m": null, "status": null, "success": null} null
17:52:18 LANE cyl DONE in 3s -> results/height/timing/_selftest/cyl.jsonl
17:52:18 ROW {"kind": "lane_meta", "experiment": null, "mode": null, "robot": null, "n_supports": null, "ab_dist_m": null, "status": null, "success": null} null
17:52:18 ROW {"kind": "unit", "experiment": "dist", "mode": "project", "robot": "sweeper", "n_supports": 53, "ab_dist_m": null, "status": null, "success": null} {"project": 0.0034254849888384342}
17:52:19 ROW {"kind": "unit", "experiment": "dist", "mode": "warm_compile", "robot": "sweeper", "n_supports": 53, "ab_dist_m": null, "status": null, "success": null} {"compile_pairs": 0.004480486997636035, "compile_slabs": 0.23760349201620556, "compile_mobility": 0.0044877660111524165}
17:52:19 ROW {"kind": "unit", "experiment": "dist", "mode": "warm1", "robot": "sweeper", "n_supports": 53, "ab_dist_m": 1.4000000000000001, "status": "REACHABLE", "success": true} {"query": 0.08329720300389454, "verify_curve": 0.04027651800424792, "replay3d": 0.009070997999515384}
17:52:19 ROW {"kind": "unit", "experiment": "dist", "mode": "warm1", "robot": "sweeper", "n_supports": 53, "ab_dist_m": 4.4, "status": "REACHABLE", "success": true} {"query": 0.12487877300009131, "verify_curve": 0.0604834700061474, "replay3d": 0.02082697401056066}
17:52:19 ROW {"kind": "unit", "experiment": "dist", "mode": "warm2", "robot": "sweeper", "n_supports": 53, "ab_dist_m": 1.4000000000000001, "status": "REACHABLE", "success": true} {"query": 0.08277248800732195, "verify_curve": 0.03978570399340242, "replay3d": 0.009643408004194498}
17:52:19 ROW {"kind": "unit", "experiment": "dist", "mode": "warm2", "robot": "sweeper", "n_supports": 53, "ab_dist_m": 4.4, "status": "REACHABLE", "success": true} {"query": 0.1241162349760998, "verify_curve": 0.06111843400867656, "replay3d": 0.019791180005995557}
17:52:20 ROW {"kind": "unit", "experiment": "dist", "mode": "cold", "robot": "sweeper", "n_supports": 53, "ab_dist_m": 4.4, "status": "REACHABLE", "success": true} {"compile_pairs": 0.0049456450215075165, "compile_slabs": 0.238740989996586, "compile_mobility": 0.0047897869953885674, "query": 0.12448952000704594, "verify_curve": 0.06234128202777356, "replay3d": 0.019852705008815974}
17:52:20 ROW {"kind": "unit", "experiment": "dist", "mode": "cold", "robot": "sweeper", "n_supports": 53, "ab_dist_m": 1.4000000000000001, "status": "REACHABLE", "success": true} {"compile_pairs": 0.004619286977685988, "compile_slabs": 0.2361107360047754, "compile_mobility": 0.004956885997671634, "query": 0.08165018100407906, "verify_curve": 0.039898086979519576, "replay3d": 0.00916229301947169}
17:52:20 ROW {"kind": "unit", "experiment": "win", "mode": "cold", "robot": "sweeper", "n_supports": 15, "ab_dist_m": 1.4000000000000001, "status": "REACHABLE", "success": true} {"project": 0.002308504015672952, "compile_pairs": 0.0013277539983391762, "compile_slabs": 0.07112945301923901, "compile_mobility": 0.001628491998417303, "query": 0.02710318801109679, "verify_curve": 0.012283760996069759, "replay3d": 0.009614306996809319}
17:52:21 ROW {"kind": "unit", "experiment": "win", "mode": "cold", "robot": "sweeper", "n_supports": 39, "ab_dist_m": 1.4000000000000001, "status": "REACHABLE", "success": true} {"project": 0.002808552992064506, "compile_pairs": 0.0032597759854979813, "compile_slabs": 0.1758608449890744, "compile_mobility": 0.0038141240074764937, "query": 0.0638086490216665, "verify_curve": 0.029881442984333262, "replay3d": 0.00942253798712045}
17:52:21 ROW {"kind": "unit", "experiment": "cyl_warm", "mode": "warm_compile", "robot": "cylinder", "n_supports": 124, "ab_dist_m": null, "status": null, "success": null} {"project": 0.0063856679771561176, "compile_pairs": 0.009010266017867252, "compile_slabs": 0.5402412360126618, "compile_mobility": 0.009605541999917477}
17:52:22 ROW {"kind": "unit", "experiment": "cyl_warm", "mode": "warm1", "robot": "cylinder", "n_supports": 124, "ab_dist_m": 1.7204650534085255, "status": "REACHABLE", "success": true} {"query": 0.18748826600494795, "verify_curve": 0.0911715819966048, "replay3d": 0.012737376004224643}
17:52:26 ROW {"kind": "unit", "experiment": "cyl_warm", "mode": "warm1", "robot": "cylinder", "n_supports": 124, "ab_dist_m": 4.4, "status": "REACHABLE", "success": true} {"query": 0.7686788800056092, "verify_curve": 0.36983308801427484, "replay3d": 3.2184276030166075}
17:52:26 ROW {"kind": "unit", "experiment": "cyl_warm", "mode": "warm2", "robot": "cylinder", "n_supports": 124, "ab_dist_m": 1.7204650534085255, "status": "REACHABLE", "success": true} {"query": 0.19393796400981955, "verify_curve": 0.08816789701813832, "replay3d": 0.012832087988499552}
17:52:31 ROW {"kind": "unit", "experiment": "cyl_warm", "mode": "warm2", "robot": "cylinder", "n_supports": 124, "ab_dist_m": 4.4, "status": "REACHABLE", "success": true} {"query": 0.7539114929968491, "verify_curve": 0.36908618098823354, "replay3d": 3.217713404999813}
17:52:31 ROW {"kind": "lane_done", "experiment": null, "mode": null, "robot": null, "n_supports": null, "ab_dist_m": null, "status": null, "success": null} null
17:52:31 LANE sweeper DONE in 12s -> results/height/timing/_selftest/sweeper.jsonl
17:52:31 ROW {"kind": "lane_meta", "experiment": null, "mode": null, "robot": null, "n_supports": null, "ab_dist_m": null, "status": null, "success": null} null
17:52:31 ROW {"kind": "unit", "experiment": "dist", "mode": "project", "robot": "uav", "n_supports": 71, "ab_dist_m": null, "status": null, "success": null} {"project": 0.003912065003532916}
17:52:31 ROW {"kind": "unit", "experiment": "dist", "mode": "warm_compile", "robot": "uav", "n_supports": 71, "ab_dist_m": null, "status": null, "success": null} {"compile_pairs": 0.00620002398500219, "compile_slabs": 0.29730292299063876, "compile_mobility": 0.006534386979183182}
17:52:31 ROW {"kind": "unit", "experiment": "dist", "mode": "warm1", "robot": "uav", "n_supports": 71, "ab_dist_m": 1.4000000000000001, "status": "REACHABLE", "success": true} {"query": 0.10317715498968028, "verify_curve": 0.04926891598734073, "replay3d": 0.010368735005613416}
17:52:31 ROW {"kind": "unit", "experiment": "dist", "mode": "warm1", "robot": "uav", "n_supports": 71, "ab_dist_m": 4.4, "status": "REACHABLE", "success": true} {"query": 0.15373524601454847, "verify_curve": 0.07584317901637405, "replay3d": 0.021816380001837388}
17:52:32 ROW {"kind": "unit", "experiment": "dist", "mode": "warm2", "robot": "uav", "n_supports": 71, "ab_dist_m": 1.4000000000000001, "status": "REACHABLE", "success": true} {"query": 0.09968076899531297, "verify_curve": 0.04976037301821634, "replay3d": 0.010942588007310405}
17:52:32 ROW {"kind": "unit", "experiment": "dist", "mode": "warm2", "robot": "uav", "n_supports": 71, "ab_dist_m": 4.4, "status": "REACHABLE", "success": true} {"query": 0.15560086799087003, "verify_curve": 0.07670626800972968, "replay3d": 0.021525395015487447}
17:52:33 ROW {"kind": "unit", "experiment": "dist", "mode": "cold", "robot": "uav", "n_supports": 71, "ab_dist_m": 4.4, "status": "REACHABLE", "success": true} {"compile_pairs": 0.006524650001665577, "compile_slabs": 0.30377542998758145, "compile_mobility": 0.0064942879835143685, "query": 0.15866758101037703, "verify_curve": 0.07533205498475581, "replay3d": 0.02212526398943737}
17:52:33 ROW {"kind": "unit", "experiment": "dist", "mode": "cold", "robot": "uav", "n_supports": 71, "ab_dist_m": 1.4000000000000001, "status": "REACHABLE", "success": true} {"compile_pairs": 0.006513241998618469, "compile_slabs": 0.3083652419736609, "compile_mobility": 0.006377352023264393, "query": 0.10189779300708324, "verify_curve": 0.04977454099571332, "replay3d": 0.011084805999416858}
17:52:33 ROW {"kind": "unit", "experiment": "win", "mode": "cold", "robot": "uav", "n_supports": 16, "ab_dist_m": 1.4000000000000001, "status": "REACHABLE", "success": true} {"project": 0.0021715789916925132, "compile_pairs": 0.0013153109757695347, "compile_slabs": 0.07217256000149064, "compile_mobility": 0.0017074219940695912, "query": 0.0257020499848295, "verify_curve": 0.012124311993829906, "replay3d": 0.010842204006621614}
17:52:34 ROW {"kind": "unit", "experiment": "win", "mode": "cold", "robot": "uav", "n_supports": 48, "ab_dist_m": 1.4000000000000001, "status": "REACHABLE", "success": true} {"project": 0.0032159860129468143, "compile_pairs": 0.003845582017675042, "compile_slabs": 0.21047611700487323, "compile_mobility": 0.004242991009959951, "query": 0.06728605399257503, "verify_curve": 0.0338452770083677, "replay3d": 0.010718955018091947}
17:52:34 ROW {"kind": "lane_done", "experiment": null, "mode": null, "robot": null, "n_supports": null, "ab_dist_m": null, "status": null, "success": null} null
17:52:34 LANE uav DONE in 3s -> results/height/timing/_selftest/uav.jsonl
17:52:34 selftest rows in results/height/timing/_selftest
17:52:34 SELFTEST PASSED
lane prep pid 3452634
lane cyl pid 3452635
lane sweeper pid 3452636
lane uav pid 3452637
=== P4_SWEEP_DONE rc=0 2026-09-18T22:00:25-04:00 ===
