
=== worker start 2026-10-09T20:34:00 foci
Warp 1.17.0 initialized:
   CUDA Toolkit 12.9, Driver 13.3
   Devices:
     "cpu"      : "CPU"
     "cuda:0"   : "NVIDIA L40S" (44 GiB, sm_89, mempool enabled)
   Kernel cache:
     /scratch/wg2381/.cache/warp/1.17.0
m_t_to_s (1, 1)
CasADi - 2026-10-09 20:34:27 WARNING("CasADi was not compiled with WITH_OPENMP=ON. Falling back to serial evaluation.") [.../casadi/core/map.cpp:429]
CasADi - 2026-10-09 20:34:27 WARNING("CasADi was not compiled with WITH_OPENMP=ON. Falling back to serial evaluation.") [.../casadi/core/map.cpp:429]

******************************************************************************
This program contains Ipopt, a library for large-scale nonlinear optimization.
 Ipopt is released as open source code under the Eclipse Public License (EPL).
         For more information visit https://github.com/coin-or/Ipopt
******************************************************************************

This is Ipopt version 3.14.19, running with linear solver MUMPS 5.8.2.

Number of nonzeros in equality constraint Jacobian...:        0
Number of nonzeros in inequality constraint Jacobian.:      488
Number of nonzeros in Lagrangian Hessian.............:        0

Module foci.convolution.gaussian_robot_warp bcbe703 load on device 'cuda:0' took 47.74 ms  (cached)
Total number of variables............................:       40
                     variables with only lower bounds:        0
                variables with lower and upper bounds:        0
                     variables with only upper bounds:        0
Total number of equality constraints.................:        0
Total number of inequality constraints...............:       57
        inequality constraints with only lower bounds:        0
   inequality constraints with lower and upper bounds:       57
        inequality constraints with only upper bounds:        0

iter    objective    inf_pr   inf_du lg(mu)  ||d||  lg(rg) alpha_du alpha_pr  ls
   0  5.8894740e+03 9.08e+00 7.82e+01   0.0 0.00e+00    -  0.00e+00 0.00e+00   0
   1  3.1521933e+03 9.02e+00 1.77e+02   1.7 1.34e+02    -  2.33e-02 9.84e-04f  1
   2  3.0431810e+03 3.42e+00 5.75e+02   0.5 1.99e+00    -  3.60e-01 7.69e-01f  1
   3  1.8688242e+03 1.27e+00 1.70e+02   0.6 1.24e+00    -  9.84e-01 6.81e-01H  1
   4  2.8409277e+03 7.57e-01 3.32e+01   0.3 6.96e-01    -  9.86e-01 1.00e+00f  1
   5  2.0908349e+03 6.64e-02 1.44e+01   0.2 5.82e-01    -  1.00e+00 1.00e+00f  1
   6  1.6781674e+03 2.03e-01 9.94e+00  -0.8 2.64e-01    -  9.91e-01 1.00e+00f  1
   7  1.1965905e+03 0.00e+00 4.19e+00  -1.3 5.64e-01    -  1.00e+00 1.00e+00f  1
   8  8.4352954e+02 1.24e-02 2.65e+00  -1.5 5.90e-01    -  9.99e-01 6.62e-01f  1
   9  7.1307551e+02 7.56e-03 5.97e+00  -1.1 1.00e+00    -  1.00e+00 2.50e-01f  3
iter    objective    inf_pr   inf_du lg(mu)  ||d||  lg(rg) alpha_du alpha_pr  ls
  10  5.9840442e+02 3.32e-01 2.38e+00  -1.9 3.70e-01    -  9.97e-01 1.00e+00h  1
  11  5.3058704e+02 5.13e-01 2.09e+00  -2.1 2.82e-01    -  1.00e+00 4.98e-01h  2
  12  4.5088300e+02 3.23e-03 6.37e-01  -2.4 8.18e-01    -  1.00e+00 1.00e+00h  1
  13  4.2424454e+02 5.35e-04 9.23e-01  -2.6 2.01e-01    -  1.00e+00 1.00e+00h  1
  14  4.0130035e+02 4.09e-04 1.23e+00  -2.1 5.30e-01    -  1.00e+00 1.00e+00h  1
  15  3.8942571e+02 1.50e-03 8.14e-01  -1.9 4.84e-01    -  1.00e+00 5.00e-01h  2
  16  4.6689176e+02 2.83e-03 4.42e+00  -2.4 1.74e-01    -  9.97e-01 1.00e+00h  1
  17  3.6364050e+02 1.62e-03 4.52e-01  -2.5 4.54e-01    -  1.00e+00 1.00e+00h  1
  18  3.5571332e+02 0.00e+00 3.24e-01  -2.9 1.44e-01    -  1.00e+00 1.00e+00h  1
  19  3.4424055e+02 4.13e-03 6.87e-01  -2.6 5.81e-01    -  1.00e+00 6.14e-01h  1
iter    objective    inf_pr   inf_du lg(mu)  ||d||  lg(rg) alpha_du alpha_pr  ls
  20  3.5237816e+02 2.80e-01 1.14e+00  -2.3 5.70e-01    -  8.74e-01 4.33e-01h  2
  21  3.8334291e+02 8.48e-03 2.30e+00  -2.5 2.42e-01    -  9.59e-01 1.00e+00h  1
  22  3.2903299e+02 2.75e-03 8.07e-01  -2.5 3.63e-01    -  1.00e+00 7.54e-01h  1
  23  3.1569605e+02 1.88e-03 2.67e-01  -2.8 1.99e-01    -  1.00e+00 1.00e+00h  1
  24  3.2100035e+02 7.30e-04 1.50e+00  -2.9 3.90e-01    -  1.00e+00 9.96e-01h  1
  25  3.5071753e+02 3.62e-04 2.29e+00  -3.1 4.18e-01    -  8.29e-01 1.00e+00H  1
  26  3.1341041e+02 4.45e-03 7.31e-01  -2.7 7.24e-01    -  1.00e+00 1.00e+00f  1
  27  3.1820656e+02 2.44e-03 1.01e+00  -2.3 8.59e-01    -  1.00e+00 3.62e-01h  2
  28  3.0855418e+02 0.00e+00 8.55e-02  -2.5 2.42e-01    -  1.00e+00 1.00e+00h  1
  29  3.0123559e+02 3.10e-04 9.78e-02  -3.3 1.77e-01    -  1.00e+00 9.92e-01h  1
iter    objective    inf_pr   inf_du lg(mu)  ||d||  lg(rg) alpha_du alpha_pr  ls
  30  3.0157160e+02 0.00e+00 4.34e-01  -2.9 1.70e-01    -  1.00e+00 8.47e-01H  1
  31  2.9917554e+02 0.00e+00 2.22e-01  -3.1 1.80e-01    -  9.99e-01 5.00e-01h  2
  32  3.0362819e+02 0.00e+00 7.63e-01  -3.2 2.78e-01    -  1.00e+00 9.86e-01H  1
  33  2.9792632e+02 1.03e-04 7.19e-01  -3.8 2.88e-01    -  1.00e+00 1.00e+00h  1
  34  2.9359859e+02 5.70e-04 1.42e-01  -3.5 2.45e-01    -  1.00e+00 1.00e+00h  1
  35  2.9414820e+02 9.76e-05 1.68e-01  -3.0 9.21e-02    -  7.92e-01 1.00e+00h  1
  36  2.9651951e+02 0.00e+00 5.92e-01  -3.5 9.58e-02    -  1.00e+00 1.00e+00H  1
  37  2.8987479e+02 1.96e-04 1.36e-01  -3.9 7.82e-02    -  1.00e+00 1.00e+00h  1
  38  2.8940580e+02 0.00e+00 2.20e-01  -3.9 1.42e-01    -  1.00e+00 1.00e+00h  1
  39  2.9342877e+02 0.00e+00 7.95e-01  -3.5 1.08e-01    -  1.00e+00 1.00e+00H  1
iter    objective    inf_pr   inf_du lg(mu)  ||d||  lg(rg) alpha_du alpha_pr  ls
  40  2.8908634e+02 0.00e+00 3.32e-01  -3.9 1.54e-01    -  1.00e+00 1.00e+00h  1
  41  2.8856182e+02 5.20e-05 2.95e-01  -4.2 8.28e-02    -  1.00e+00 1.00e+00h  1
  42  2.8816600e+02 0.00e+00 3.30e-02  -3.9 5.09e-02    -  1.00e+00 1.00e+00h  1
  43  2.8783551e+02 9.86e-06 2.97e-02  -4.6 2.43e-02    -  1.00e+00 1.00e+00h  1
  44  2.8842986e+02 0.00e+00 2.30e-01  -4.6 1.03e-01    -  1.00e+00 9.67e-01H  1
  45  2.9497173e+02 0.00e+00 6.57e-01  -4.0 2.30e-01    -  1.00e+00 1.00e+00H  1
  46  2.8923643e+02 7.76e-04 2.73e-01  -4.4 3.88e-01    -  6.99e-01 6.87e-01f  1
  47  2.8749860e+02 1.17e-04 1.70e-01  -4.4 1.45e-01    -  6.66e-01 5.21e-01h  1
  48  2.8887256e+02 3.72e-04 6.50e-01  -3.6 2.32e-01    -  5.40e-01 3.97e-01f  1
  49  2.9099748e+02 1.05e-03 3.71e-01  -3.9 2.38e-01    -  9.50e-02 8.24e-01H  1
iter    objective    inf_pr   inf_du lg(mu)  ||d||  lg(rg) alpha_du alpha_pr  ls
  50  2.9007644e+02 2.87e-04 3.08e-01  -3.9 2.93e-01    -  8.65e-02 1.51e-01f  1
  51  2.8802534e+02 9.01e-04 1.50e-01  -3.9 1.15e-01    -  3.26e-01 1.00e+00f  1
  52  2.8752363e+02 8.51e-04 1.75e-01  -3.9 3.35e-01    -  6.62e-01 2.90e-01h  2
  53  2.8716491e+02 0.00e+00 1.36e-01  -3.9 7.77e-02    -  1.00e+00 1.00e+00h  1
  54  2.8681493e+02 0.00e+00 7.34e-02  -4.5 3.74e-02    -  1.00e+00 1.00e+00h  1
  55  2.8660226e+02 0.00e+00 5.24e-02  -4.9 2.16e-02    -  1.00e+00 9.92e-01h  1

Number of Iterations....: 55

                                   (scaled)                 (unscaled)
Objective...............:   1.0515552895480047e+00    2.8660225912982190e+02
Dual infeasibility......:   5.2425477272336408e-02    1.4288606953486138e+01
Constraint violation....:   0.0000000000000000e+00    0.0000000000000000e+00
Variable bound violation:   0.0000000000000000e+00    0.0000000000000000e+00
Complementarity.........:   1.8151167850185824e-05    4.9471157279270817e-03
Overall NLP error.......:   5.2425477272336408e-02    1.4288606953486138e+01


Number of objective function evaluations             = 91
Number of objective gradient evaluations             = 56
Number of equality constraint evaluations            = 0
Number of inequality constraint evaluations          = 91
Number of equality constraint Jacobian evaluations   = 0
Number of inequality constraint Jacobian evaluations = 56
Number of Lagrangian Hessian evaluations             = 0
Total seconds in IPOPT                               = 0.361

EXIT: Solved To Acceptable Level.
This is Ipopt version 3.14.19, running with linear solver MUMPS 5.8.2.

Number of nonzeros in equality constraint Jacobian...:        0
Number of nonzeros in inequality constraint Jacobian.:      488
Number of nonzeros in Lagrangian Hessian.............:        0

Total number of variables............................:       40
                     variables with only lower bounds:        0
                variables with lower and upper bounds:        0
                     variables with only upper bounds:        0
Total number of equality constraints.................:        0
Total number of inequality constraints...............:       57
        inequality constraints with only lower bounds:        0
   inequality constraints with lower and upper bounds:       57
        inequality constraints with only upper bounds:        0

iter    objective    inf_pr   inf_du lg(mu)  ||d||  lg(rg) alpha_du alpha_pr  ls
   0  1.6569497e+03 9.58e+00 1.00e+02   0.0 0.00e+00    -  0.00e+00 0.00e+00   0
   1  1.8039543e+03 1.29e+02 5.38e+02  -0.0 1.02e+02    -  8.61e-01 5.46e-02f  1
   2  1.8377264e+03 3.69e+01 1.85e+01  -0.1 2.48e+00    -  9.98e-01 1.00e+00f  1
   3  3.1433831e+03 2.37e+01 2.27e+01  -0.1 2.91e+00    -  9.95e-01 1.00e+00h  1
   4  8.1731287e+03 7.46e+00 2.45e+02  -0.1 2.33e+00    -  1.00e+00 1.00e+00h  1
   5  4.3865085e+03 9.65e+00 1.16e+02  -0.1 2.13e+00    -  4.08e-01 2.54e-01f  2
   6  1.3808533e+03 8.58e+00 1.15e+02  -0.1 2.33e+00    -  5.05e-01 6.74e-01f  1
   7  2.3859060e+03 1.07e+01 1.54e+02   0.4 5.58e+00    -  1.00e+00 4.14e-01f  2
   8  2.1282526e+03 1.03e+01 7.43e+01   0.3 1.62e+00    -  8.67e-01 1.25e-01f  4
   9  7.2131025e+02 4.42e+00 4.16e+01   0.3 1.97e+00    -  1.00e+00 1.00e+00f  1
iter    objective    inf_pr   inf_du lg(mu)  ||d||  lg(rg) alpha_du alpha_pr  ls
  10  8.7076721e+02 4.68e+00 3.16e+01   0.6 3.00e+00    -  7.78e-01 1.25e-01f  4
  11  4.3351030e+03 5.26e+00 2.22e+02   0.4 1.55e+00    -  3.74e-01 4.40e-01h  1
  12  7.2672859e+03 4.34e+00 2.48e+02   0.4 2.06e+00    -  1.00e+00 5.00e-01h  2
  13  7.3625427e+03 2.71e+00 1.78e+02   0.4 2.27e+00    -  1.00e+00 5.00e-01h  2
  14  7.3074143e+03 4.16e+00 1.55e+02   0.4 1.54e+00    -  6.51e-01 2.50e-01f  3
  15  2.1838261e+04 4.16e+00 2.01e+02   0.4 9.70e-01    -  6.54e-01 4.87e-01H  1
  16  1.8149821e+04 1.02e+00 5.98e+02   0.4 5.66e-01    -  1.00e+00 9.26e-01h  1
  17  1.7588653e+04 6.85e-01 3.19e+02   0.4 8.22e-01    -  5.43e-01 6.60e-01h  1
  18  1.7190531e+04 8.93e-01 1.84e+02  -0.2 3.57e-01    -  1.00e+00 4.70e-01f  2
  19  1.6278309e+04 3.35e-01 6.51e+01  -0.7 7.65e-01    -  1.00e+00 8.15e-01f  1
iter    objective    inf_pr   inf_du lg(mu)  ||d||  lg(rg) alpha_du alpha_pr  ls
  20  1.4882613e+04 3.28e-01 1.55e+02  -0.6 2.89e-01    -  9.99e-01 4.35e-01f  1
  21  1.4682099e+04 2.23e+00 4.24e+01  -0.1 7.11e-01    -  7.95e-01 1.00e+00f  1
  22  1.4016351e+04 3.32e+00 1.50e+02  -0.2 1.29e+00    -  9.36e-01 9.84e-01f  1
  23  1.3509332e+04 5.01e-01 4.90e+01  -0.3 3.31e-01    -  1.00e+00 1.00e+00f  1
  24  1.3591129e+04 4.56e-01 6.03e+01  -0.7 5.66e-01    -  1.00e+00 1.00e+00h  1
  25  1.2967444e+04 9.34e-01 3.82e+01  -0.7 6.50e-01    -  9.18e-01 1.00e+00f  1
  26  1.3331074e+04 1.18e-02 2.79e+01  -0.8 2.13e-01    -  8.14e-01 1.00e+00h  1
  27  1.3117760e+04 1.86e-01 1.45e+01  -1.0 9.13e-01    -  1.00e+00 7.97e-01f  1
  28  1.3216129e+04 4.18e-02 1.54e+01  -0.8 4.48e-01    -  1.00e+00 1.00e+00f  1
  29  1.3169676e+04 0.00e+00 5.37e+00  -0.9 3.12e-01    -  1.00e+00 1.00e+00h  1
iter    objective    inf_pr   inf_du lg(mu)  ||d||  lg(rg) alpha_du alpha_pr  ls
  30  1.3066713e+04 0.00e+00 3.38e+00  -1.5 1.47e-01    -  1.00e+00 9.48e-01f  1
  31  1.2996478e+04 8.85e-02 9.45e+00  -1.8 7.59e-01    -  9.98e-01 1.00e+00f  1
  32  1.2978462e+04 1.32e-01 9.84e+00  -2.0 1.64e-01    -  1.00e+00 9.06e-01h  1
  33  1.2973905e+04 3.02e-01 2.60e+01  -1.8 2.25e-01    -  1.00e+00 7.21e-01f  1
  34  1.2937422e+04 7.24e-02 1.44e+01  -1.4 7.35e-01    -  5.85e-01 1.00e+00f  1
  35  1.2937120e+04 2.09e-02 2.68e+00  -1.9 7.01e-01    -  1.00e+00 8.04e-01h  1
  36  1.2988103e+04 3.57e-02 1.61e+01  -1.9 2.55e-01    -  9.52e-01 7.62e-01H  1
  37  1.2933708e+04 0.00e+00 1.69e+01  -1.4 3.09e-01    -  7.34e-01 8.86e-01f  1
  38  1.2929376e+04 7.67e-01 1.79e+01  -1.7 1.25e-01    -  1.00e+00 1.00e+00f  1
  39  1.2860264e+04 2.29e-01 4.65e+00  -1.9 2.95e-01    -  1.00e+00 9.86e-01f  1
iter    objective    inf_pr   inf_du lg(mu)  ||d||  lg(rg) alpha_du alpha_pr  ls
  40  1.2869449e+04 1.13e-01 3.50e+00  -1.9 9.58e-02    -  1.00e+00 6.06e-01h  1
  41  1.2844047e+04 1.28e-01 7.02e+00  -2.4 3.07e-01    -  1.00e+00 8.99e-01f  1
  42  1.3146740e+04 2.73e+00 3.81e+01  -1.0 1.86e+00    -  5.70e-01 1.84e-01f  2
  43  1.2761017e+04 9.22e-01 1.98e+01  -1.4 3.08e-01    -  1.00e+00 1.00e+00f  1
  44  1.2886753e+04 6.99e-01 1.61e+01  -0.9 8.33e-01    -  7.32e-01 1.00e+00f  1
  45  1.2882011e+04 2.55e-01 5.21e+00  -1.1 4.89e-01    -  1.00e+00 1.00e+00h  1
  46  1.2960854e+04 7.39e-03 1.34e+01  -1.1 3.32e-01    -  1.00e+00 1.00e+00h  1
  47  1.2965454e+04 0.00e+00 9.23e+00  -1.1 2.26e-01    -  1.00e+00 1.00e+00f  1
  48  1.2893816e+04 0.00e+00 3.06e+00  -1.9 1.35e-01    -  1.00e+00 8.70e-01f  1
  49  1.2855919e+04 2.05e-02 3.52e+00  -2.7 5.49e-01    -  1.00e+00 7.30e-01f  1
iter    objective    inf_pr   inf_du lg(mu)  ||d||  lg(rg) alpha_du alpha_pr  ls
  50  1.2840871e+04 5.08e-02 3.27e+00  -2.5 1.37e-01    -  1.00e+00 5.58e-01h  1
  51  1.2890695e+04 3.51e-02 9.33e+00  -1.5 1.48e-01    -  1.00e+00 1.00e+00f  1
  52  1.2863631e+04 2.91e-02 6.04e+00  -1.6 1.33e-01    -  1.00e+00 1.00e+00h  1
  53  1.2867000e+04 0.00e+00 4.03e+00  -1.6 1.20e-01    -  1.00e+00 1.00e+00h  1
  54  1.2834448e+04 2.12e-02 2.37e+00  -2.4 1.74e-01    -  1.00e+00 9.66e-01f  1
  55  1.2831119e+04 1.85e-02 3.32e+00  -2.9 6.57e-02    -  1.00e+00 8.88e-01h  1
  56  1.2829506e+04 3.12e-02 1.40e+00  -3.0 5.04e-02    -  1.00e+00 9.22e-01h  1
  57  1.2831211e+04 1.41e-03 3.63e+00  -2.7 2.84e-02    -  1.00e+00 1.00e+00h  1
  58  1.2828118e+04 2.30e-03 1.91e+00  -3.3 6.32e-02    -  1.00e+00 4.15e-01h  1
  59  1.2825030e+04 1.83e-02 4.69e+00  -4.0 1.12e-01    -  1.00e+00 6.08e-01h  1
iter    objective    inf_pr   inf_du lg(mu)  ||d||  lg(rg) alpha_du alpha_pr  ls
  60  1.2820673e+04 2.01e-02 7.70e+00  -4.0 7.90e-02    -  1.00e+00 9.99e-01h  1
  61  1.2860997e+04 1.53e-01 1.43e+01  -2.0 3.90e-01    -  6.13e-01 7.30e-01f  1
  62  1.2800940e+04 1.62e-01 6.21e+00  -2.2 1.26e-01    -  9.28e-01 1.00e+00f  1
  63  1.2836391e+04 2.07e-02 5.45e+00  -1.8 1.12e-01    -  1.00e+00 1.00e+00h  1
  64  1.2838109e+04 0.00e+00 3.47e+00  -1.9 8.71e-02    -  1.00e+00 1.00e+00f  1
  65  1.2867055e+04 0.00e+00 1.21e+01  -1.9 8.27e-02    -  1.00e+00 1.00e+00H  1
  66  1.2834109e+04 4.97e-02 6.24e+00  -1.9 7.74e-02    -  1.00e+00 1.00e+00f  1
  67  1.2837178e+04 0.00e+00 3.20e+00  -1.9 4.91e-02    -  1.00e+00 1.00e+00h  1
  68  1.2836652e+04 0.00e+00 1.80e+00  -1.9 1.78e-02    -  1.00e+00 1.00e+00h  1
  69  1.2837515e+04 0.00e+00 6.98e-01  -1.9 1.19e-02    -  1.00e+00 1.00e+00h  1
iter    objective    inf_pr   inf_du lg(mu)  ||d||  lg(rg) alpha_du alpha_pr  ls
  70  1.2820570e+04 3.65e-04 1.55e+00  -2.9 1.25e-01    -  1.00e+00 1.00e+00f  1
  71  1.2817700e+04 2.31e-02 2.28e+00  -3.7 8.52e-02    -  1.00e+00 4.47e-01h  1
  72  1.2821138e+04 0.00e+00 1.25e+00  -2.4 3.64e-02    -  1.00e+00 1.00e+00f  1
  73  1.2821086e+04 0.00e+00 1.53e+00  -2.5 5.98e-03    -  1.00e+00 1.00e+00h  1
  74  1.2818147e+04 0.00e+00 7.87e-01  -3.8 3.24e-02    -  1.00e+00 6.40e-01h  1
  75  1.2817273e+04 0.00e+00 1.15e+00  -4.2 2.05e-02    -  1.00e+00 6.56e-01h  1
  76  1.2816674e+04 4.29e-03 1.36e+00  -5.0 3.86e-02    -  1.00e+00 8.92e-01h  1
  77  1.2817356e+04 6.07e-02 6.75e+00  -3.4 7.66e-02    -  1.00e+00 1.00e+00f  1
  78  1.2808921e+04 5.98e-02 1.09e+00  -3.5 6.19e-02    -  1.00e+00 1.00e+00h  1
  79  1.2816853e+04 3.75e-03 1.68e+00  -3.3 2.97e-02    -  1.00e+00 1.00e+00h  1
iter    objective    inf_pr   inf_du lg(mu)  ||d||  lg(rg) alpha_du alpha_pr  ls
  80  1.2816441e+04 1.18e-03 5.23e-01  -3.4 2.01e-02    -  1.00e+00 1.00e+00h  1
  81  1.2816231e+04 5.11e-05 1.16e-01  -4.6 7.35e-03    -  1.00e+00 9.16e-01h  1
  82  1.2816149e+04 3.26e-04 6.96e-01  -4.6 1.02e-01    -  1.00e+00 2.47e-01h  3
  83  1.2819640e+04 1.46e-05 3.66e+00  -5.3 6.51e-02    -  9.79e-01 1.00e+00H  1
  84  1.2818937e+04 1.67e-02 2.37e+00  -5.4 1.48e-01    -  4.38e-01 4.60e-01f  2
  85  1.2811478e+04 3.31e-02 4.72e+00  -5.4 1.59e-01    -  1.78e-01 9.84e-01h  1
  86  1.2805761e+04 7.96e-02 1.37e+01  -5.4 1.02e+00    -  4.25e-01 1.25e-01f  1
  87  1.2805762e+04 7.96e-02 1.11e+01  -5.8 1.08e-01    -  6.08e-01 1.90e-04h  1
  88  1.2807470e+04 6.84e-02 9.82e+00 -10.4 1.53e-01    -  1.19e-01 2.34e-01h  1
  89  1.2803533e+04 1.12e-01 4.47e+00  -4.5 2.85e-01    -  1.00e+00 3.66e-01f  1
iter    objective    inf_pr   inf_du lg(mu)  ||d||  lg(rg) alpha_du alpha_pr  ls
  90  1.2811252e+04 8.20e-02 5.78e+00  -3.3 1.97e-01    -  3.44e-01 2.50e-01h  3
  91  1.2813577e+04 2.96e-02 1.73e+00  -3.8 3.97e-02    -  1.00e+00 1.00e+00h  1
  92  1.2816744e+04 5.31e-03 3.42e+00  -4.0 1.55e-02    -  1.00e+00 1.00e+00h  1
  93  1.2815723e+04 6.89e-04 1.90e-01  -4.1 1.13e-02    -  1.00e+00 1.00e+00h  1
  94  1.2815817e+04 4.78e-04 8.46e-01  -4.6 1.05e-02    -  1.00e+00 1.00e+00h  1
  95  1.2815632e+04 1.73e-03 3.40e-01  -5.1 2.03e-02    -  1.00e+00 1.00e+00h  1
  96  1.2815832e+04 5.74e-08 5.53e-01  -5.6 8.19e-03    -  1.00e+00 1.00e+00H  1
  97  1.2815718e+04 7.03e-05 2.85e-01  -6.3 6.44e-03    -  1.00e+00 9.16e-01h  1
  98  1.2815704e+04 3.78e-04 6.20e-02  -7.1 4.11e-03    -  1.00e+00 1.00e+00h  1

Number of Iterations....: 98

                                   (scaled)                 (unscaled)
Objective...............:   1.9795396356844734e+02    1.2815703542009813e+04
Dual infeasibility......:   6.1983594518076002e-02    4.0128692423839061e+00
Constraint violation....:   3.7825214748465896e-04    3.7825214748465896e-04
Variable bound violation:   0.0000000000000000e+00    0.0000000000000000e+00
Complementarity.........:   1.0123550094226500e-07    6.5540701717463444e-06
Overall NLP error.......:   6.1983594518076002e-02    4.0128692423839061e+00


Number of objective function evaluations             = 147
Number of objective gradient evaluations             = 99
Number of equality constraint evaluations            = 0
Number of inequality constraint evaluations          = 147
Number of equality constraint Jacobian evaluations   = 0
Number of inequality constraint Jacobian evaluations = 99
Number of Lagrangian Hessian evaluations             = 0
Total seconds in IPOPT                               = 0.429

EXIT: Solved To Acceptable Level.
This is Ipopt version 3.14.19, running with linear solver MUMPS 5.8.2.

Number of nonzeros in equality constraint Jacobian...:        0
Number of nonzeros in inequality constraint Jacobian.:      488
Number of nonzeros in Lagrangian Hessian.............:        0

Total number of variables............................:       40
                     variables with only lower bounds:        0
                variables with lower and upper bounds:        0
                     variables with only upper bounds:        0
Total number of equality constraints.................:        0
Total number of inequality constraints...............:       57
        inequality constraints with only lower bounds:        0
   inequality constraints with lower and upper bounds:       57
        inequality constraints with only upper bounds:        0

iter    objective    inf_pr   inf_du lg(mu)  ||d||  lg(rg) alpha_du alpha_pr  ls
   0  1.0436724e+02 0.00e+00 9.97e+01   0.0 0.00e+00    -  0.00e+00 0.00e+00   0
   1  9.3779567e+01 0.00e+00 1.05e+02   0.5 8.72e+01    -  5.28e-02 7.58e-04f  6
   2  8.5493840e+01 0.00e+00 3.41e+01  -1.3 1.57e-01    -  7.81e-01 1.00e+00f  1
   3  8.2886617e+01 0.00e+00 1.52e+01  -1.4 3.70e-02    -  9.99e-01 1.00e+00f  1
   4  8.0740097e+01 0.00e+00 1.38e+01  -1.8 6.71e-02    -  9.99e-01 7.60e-01f  1
   5  7.9223645e+01 5.36e-03 1.67e+01  -1.2 1.90e-01    -  1.00e+00 7.98e-01f  1
   6  8.4355841e+01 0.00e+00 3.50e+01  -0.9 3.70e-01    -  9.59e-01 1.00e+00H  1
   7  7.8403263e+01 0.00e+00 1.09e+01  -1.0 4.12e-01    -  1.00e+00 1.00e+00f  1
   8  7.6816445e+01 0.00e+00 1.17e+01  -1.1 1.51e-01    -  9.95e-01 9.58e-01f  1
   9  7.6147694e+01 0.00e+00 2.63e+01  -1.4 8.14e-02    -  1.00e+00 1.00e+00f  1
iter    objective    inf_pr   inf_du lg(mu)  ||d||  lg(rg) alpha_du alpha_pr  ls
  10  7.4110496e+01 0.00e+00 2.31e+01  -1.8 1.17e-01    -  1.00e+00 9.95e-01f  1
  11  7.4574576e+01 1.65e-02 2.85e+01  -0.9 6.88e-01    -  7.85e-01 3.91e-01f  1
  12  7.3655701e+01 0.00e+00 3.92e+01  -1.1 2.82e-01    -  1.00e+00 1.00e+00F  1
  13  6.9365480e+01 0.00e+00 8.23e+00  -1.3 4.08e-01    -  1.00e+00 1.00e+00f  1
  14  6.8109747e+01 0.00e+00 9.15e+00  -1.4 4.57e-02    -  1.00e+00 1.00e+00f  1
  15  6.6916373e+01 2.28e-03 1.31e+01  -2.1 1.08e-01    -  1.00e+00 6.41e-01f  1
  16  6.5942432e+01 3.84e-03 1.19e+01  -1.6 5.29e-01    -  1.00e+00 1.24e-01f  3
  17  9.3845004e+01 5.19e-04 1.79e+02  -1.3 4.54e-01    -  4.23e-01 6.89e-01H  1
  18  6.8563946e+01 0.00e+00 1.96e+01  -1.6 3.25e-01    -  6.67e-01 8.24e-01f  1
  19  6.4943388e+01 1.39e-03 1.69e+01  -1.6 6.08e-01    -  6.85e-02 8.84e-01f  1
iter    objective    inf_pr   inf_du lg(mu)  ||d||  lg(rg) alpha_du alpha_pr  ls
  20  7.4543979e+01 0.00e+00 3.75e+01  -1.2 3.45e-01    -  4.42e-01 9.21e-01H  1
  21  6.4641053e+01 0.00e+00 4.42e+00  -1.4 6.98e-01    -  4.65e-01 9.35e-01f  1
  22  6.5227443e+01 0.00e+00 4.88e+00  -1.2 1.29e-01    -  1.00e+00 1.00e+00f  1
  23  6.4719457e+01 0.00e+00 7.67e+00  -1.7 6.61e-02    -  9.98e-01 5.00e-01f  2
  24  6.5311542e+01 0.00e+00 2.75e+01  -2.0 1.12e-01    -  6.39e-01 8.28e-01H  1
  25  6.3993437e+01 0.00e+00 1.84e+01  -2.0 3.00e-01    -  7.92e-01 4.08e-01f  2
  26  6.3756752e+01 0.00e+00 4.17e+01  -2.2 1.54e-01    -  1.00e+00 1.00e+00f  1
  27  6.2236252e+01 0.00e+00 5.53e+00  -2.5 7.33e-02    -  1.00e+00 9.45e-01f  1
  28  6.2081962e+01 0.00e+00 2.87e+00  -3.0 4.75e-02    -  1.00e+00 1.00e+00h  1
  29  6.1948722e+01 4.86e-05 2.35e+00  -4.0 2.74e-02    -  1.00e+00 4.14e-01h  1
iter    objective    inf_pr   inf_du lg(mu)  ||d||  lg(rg) alpha_du alpha_pr  ls
  30  6.1757779e+01 3.42e-04 3.40e+00  -3.5 1.27e-01    -  1.00e+00 2.83e-01f  1
  31  6.1607654e+01 1.81e-03 8.19e+00  -3.1 1.19e-01    -  1.00e+00 5.18e-01f  1
  32  6.1357603e+01 2.73e-03 7.05e+00  -2.6 1.05e+00    -  4.14e-01 1.55e-01f  1
  33  6.1308874e+01 2.93e-03 7.79e+00  -3.9 8.06e-01    -  1.39e-01 1.24e-01f  1
  34  6.1174261e+01 2.35e-03 7.76e+00  -4.4 1.90e-01    -  6.61e-01 1.87e-01h  1
  35  6.0990964e+01 1.43e-03 3.63e+00  -4.1 1.44e-01    -  7.33e-01 4.63e-01h  1
  36  6.1036717e+01 6.65e-04 7.67e+00  -3.0 1.39e-01    -  1.00e+00 3.66e-01h  1
  37  6.0989978e+01 7.11e-05 4.52e+00  -3.7 2.10e-02    -  1.00e+00 9.98e-01h  1
  38  6.0909095e+01 5.61e-05 1.66e+00  -3.7 4.64e-02    -  1.00e+00 5.49e-01h  1
  39  6.0903168e+01 7.00e-05 2.99e+00  -4.4 4.16e-02    -  1.00e+00 9.84e-01h  1
iter    objective    inf_pr   inf_du lg(mu)  ||d||  lg(rg) alpha_du alpha_pr  ls
  40  6.0874787e+01 4.66e-05 1.56e+00  -4.6 2.88e-02    -  7.97e-01 3.10e-01h  1
  41  6.0853479e+01 2.05e-04 2.53e+00  -5.4 4.37e-02    -  1.00e+00 1.00e+00h  1
  42  6.1011781e+01 0.00e+00 1.08e+01  -4.2 4.88e-02    -  6.75e-01 1.00e+00H  1
  43  6.0826126e+01 1.05e-04 1.01e+00  -4.6 2.68e-02    -  1.00e+00 1.00e+00f  1
  44  6.0820858e+01 2.07e-06 1.18e+00  -5.4 9.07e-03    -  1.00e+00 1.00e+00h  1
  45  6.0811172e+01 7.60e-06 6.15e-01  -5.8 1.49e-02    -  1.00e+00 8.47e-01h  1
  46  6.0806869e+01 7.14e-06 1.30e+00  -3.8 2.05e-01    -  4.40e-02 9.87e-02f  3
  47  6.0804021e+01 7.20e-06 1.67e+00  -4.5 8.26e-02    -  1.00e+00 7.19e-02h  4
  48  6.0809328e+01 7.94e-05 2.20e+00  -5.7 1.26e-02    -  1.00e+00 1.00e+00h  1
  49  6.0804463e+01 8.31e-05 2.01e+00  -4.4 4.06e-02    -  1.00e+00 5.01e-01h  1
iter    objective    inf_pr   inf_du lg(mu)  ||d||  lg(rg) alpha_du alpha_pr  ls
  50  6.0796163e+01 0.00e+00 2.38e+00  -4.1 1.30e-02    -  1.00e+00 1.00e+00h  1
  51  6.0793073e+01 0.00e+00 2.09e+00  -4.4 2.09e-02    -  1.00e+00 4.89e-01h  1
  52  6.0787292e+01 4.80e-06 2.22e+00  -5.5 9.16e-03    -  1.00e+00 9.91e-01h  1
  53  6.0795943e+01 0.00e+00 2.85e+00  -6.3 1.68e-02    -  1.00e+00 1.00e+00H  1
  54  6.0778862e+01 2.37e-05 4.67e-01  -5.9 1.52e-02    -  1.00e+00 1.00e+00f  1
  55  6.0777455e+01 1.37e-06 5.68e-01  -6.9 3.20e-03    -  1.00e+00 1.00e+00h  1
  56  6.0774865e+01 6.64e-07 2.63e-01  -7.7 1.75e-03    -  1.00e+00 1.00e+00h  1
  57  6.0777156e+01 3.22e-09 1.62e+00  -9.1 1.05e-02    -  1.00e+00 1.00e+00H  1
  58  6.0775670e+01 5.78e-05 1.89e+00  -9.8 4.88e-02    -  1.00e+00 3.21e-01f  2
In iteration 58, 1 Slack too small, adjusting variable bound
  59  6.1542851e+01 2.64e-08 1.30e+01  -9.7 9.98e-02    -  1.10e-01 9.75e-01H  1
iter    objective    inf_pr   inf_du lg(mu)  ||d||  lg(rg) alpha_du alpha_pr  ls
  60  6.2630329e+01 8.15e-07 1.73e+01  -9.7 1.44e-01    -  8.38e-01 1.00e+00H  1
  61  6.2504797e+01 2.77e-06 1.67e+01  -9.7 3.15e-01    -  1.17e-01 3.12e-02f  4
  62  6.2458649e+01 3.15e-06 1.69e+01  -9.7 3.17e-01    -  2.56e-01 9.55e-03f  7
  63  6.2402080e+01 3.72e-06 1.61e+01  -9.7 4.04e-01    -  9.04e-02 8.33e-03f  5
  64  6.2356568e+01 4.12e-06 1.63e+01  -9.7 7.07e-01    -  4.30e-01 5.85e-03f  5
  65  6.2336410e+01 4.18e-06 1.62e+01  -9.7 2.58e-01    -  1.45e-01 5.06e-03f  8
  66  6.2127646e+01 8.41e-04 2.85e+01  -9.7 8.04e-01    -  1.16e-01 1.86e-01f  2
  67  6.1494275e+01 7.32e-04 1.31e+01  -9.7 2.26e-01    -  5.91e-01 3.59e-01f  1
In iteration 67, 1 Slack too small, adjusting variable bound
  68  6.1165801e+01 6.05e-04 9.70e+00  -9.7 7.12e-02    -  1.97e-08 1.78e-01f  1
  69  6.0771801e+01 4.10e-04 2.45e+00  -9.7 7.70e-02    -  1.00e+00 8.17e-01f  1
iter    objective    inf_pr   inf_du lg(mu)  ||d||  lg(rg) alpha_du alpha_pr  ls
  70  6.0742980e+01 1.60e-04 6.44e-01 -10.5 2.23e-02    -  1.00e+00 6.22e-01h  1
  71  6.0743477e+01 0.00e+00 2.70e-01  -4.0 6.91e-03    -  6.56e-01 1.00e+00f  1
  72  6.0741380e+01 0.00e+00 2.74e-01  -5.7 2.76e-03    -  1.00e+00 7.84e-01h  1
  73  6.0739744e+01 5.85e-07 1.64e-01  -6.5 3.24e-03    -  1.00e+00 9.63e-01h  1
  74  6.0801052e+01 1.54e-06 4.52e+00  -6.6 3.05e-02    -  1.00e+00 1.00e+00H  1
  75  6.0765257e+01 1.81e-05 1.84e+00  -6.7 2.42e-02    -  1.00e+00 5.00e-01f  2
  76  6.0852426e+01 1.64e-07 6.61e+00  -6.7 4.57e-02    -  1.00e+00 1.00e+00H  1
  77  6.0788603e+01 7.99e-06 3.45e+00  -6.7 1.42e-02    -  1.00e+00 3.19e-01f  1
  78  6.0741581e+01 1.68e-05 1.54e+00  -6.7 1.94e-02    -  7.03e-04 6.28e-01f  1
  79  6.0736299e+01 1.85e-05 9.26e-01  -6.7 1.25e-02    -  6.17e-01 1.00e+00f  1
iter    objective    inf_pr   inf_du lg(mu)  ||d||  lg(rg) alpha_du alpha_pr  ls
  80  6.0734596e+01 1.96e-06 2.21e-01  -6.7 4.39e-03    -  1.00e+00 1.00e+00h  1
  81  6.0734441e+01 1.28e-07 7.98e-02  -8.1 1.23e-03    -  1.00e+00 1.00e+00h  1

Number of Iterations....: 81

                                   (scaled)                 (unscaled)
Objective...............:   2.5103827366991258e+01    6.0734441416216114e+01
Dual infeasibility......:   7.9847240334673025e-02    1.9317681999077363e-01
Constraint violation....:   1.2776187618968038e-07    1.2776187618968038e-07
Variable bound violation:   0.0000000000000000e+00    0.0000000000000000e+00
Complementarity.........:   4.3654577293370097e-08    1.0561482631369896e-07
Overall NLP error.......:   7.9847240334673025e-02    1.9317681999077363e-01


Number of objective function evaluations             = 177
Number of objective gradient evaluations             = 82
Number of equality constraint evaluations            = 0
Number of inequality constraint evaluations          = 177
Number of equality constraint Jacobian evaluations   = 0
Number of inequality constraint Jacobian evaluations = 82
Number of Lagrangian Hessian evaluations             = 0
Total seconds in IPOPT                               = 0.386

EXIT: Optimal Solution Found.
This is Ipopt version 3.14.19, running with linear solver MUMPS 5.8.2.

Number of nonzeros in equality constraint Jacobian...:        0
Number of nonzeros in inequality constraint Jacobian.:      488
Number of nonzeros in Lagrangian Hessian.............:        0

Total number of variables............................:       40
                     variables with only lower bounds:        0
                variables with lower and upper bounds:        0
                     variables with only upper bounds:        0
Total number of equality constraints.................:        0
Total number of inequality constraints...............:       57
        inequality constraints with only lower bounds:        0
   inequality constraints with lower and upper bounds:       57
        inequality constraints with only upper bounds:        0

iter    objective    inf_pr   inf_du lg(mu)  ||d||  lg(rg) alpha_du alpha_pr  ls
   0  3.6648295e+02 0.00e+00 1.00e+02   0.0 0.00e+00    -  0.00e+00 0.00e+00   0
   1  1.2853414e+02 0.00e+00 2.03e+02  -0.4 1.00e+02    -  2.45e-01 1.67e-03f 10
   2  1.0325019e+02 0.00e+00 3.25e+02  -1.2 1.66e-01    -  3.85e-01 1.00e+00f  1
   3  9.1006251e+01 0.00e+00 8.91e+00  -1.4 5.60e-02    -  9.68e-01 1.00e+00f  1
   4  8.6434217e+01 0.00e+00 1.65e+01  -1.3 1.13e-01    -  5.62e-01 1.00e+00f  1
   5  8.5319426e+01 0.00e+00 8.73e+00  -1.3 1.10e-01    -  9.77e-01 1.00e+00f  1
   6  8.7674774e+01 7.47e-02 9.04e+00  -1.0 5.54e-01    -  1.00e+00 1.00e+00f  1
   7  9.8104501e+01 0.00e+00 2.10e+01  -1.1 2.44e-01    -  1.00e+00 1.00e+00H  1
   8  8.3262641e+01 0.00e+00 3.82e+00  -1.1 1.23e-01    -  1.00e+00 1.00e+00f  1
   9  7.9561057e+01 0.00e+00 1.91e+00  -1.8 1.02e-01    -  9.96e-01 1.00e+00h  1
iter    objective    inf_pr   inf_du lg(mu)  ||d||  lg(rg) alpha_du alpha_pr  ls
  10  7.7541076e+01 0.00e+00 1.54e+00  -2.3 1.25e-01    -  1.00e+00 1.00e+00h  1
  11  7.6820552e+01 0.00e+00 3.30e+00  -2.7 1.42e-01    -  1.00e+00 1.00e+00h  1
  12  7.5547108e+01 0.00e+00 3.51e+00  -2.5 3.82e-01    -  1.00e+00 9.24e-01h  1
  13  7.7365328e+01 0.00e+00 6.90e+00  -2.8 1.10e-01    -  3.39e-01 1.00e+00H  1
  14  7.3387382e+01 1.31e-04 3.15e+00  -3.0 7.97e-02    -  1.00e+00 9.95e-01h  1
  15  7.2590759e+01 0.00e+00 1.25e+00  -3.0 6.35e-02    -  1.00e+00 1.00e+00h  1
  16  7.2009355e+01 1.18e-05 1.71e+00  -3.4 3.14e-02    -  1.00e+00 9.95e-01h  1
  17  7.0693429e+01 3.23e-04 2.99e+00  -3.6 2.63e-01    -  4.74e-01 3.93e-01f  1
  18  6.9703343e+01 2.59e-03 3.65e+00  -3.1 7.09e-01    -  1.92e-01 9.24e-02h  1
  19  6.9343555e+01 2.59e-03 3.25e+00  -3.9 1.24e+00    -  2.07e-01 2.71e-02h  1
iter    objective    inf_pr   inf_du lg(mu)  ||d||  lg(rg) alpha_du alpha_pr  ls
  20  6.7745044e+01 6.78e-03 3.73e+00  -3.5 1.09e+00    -  4.16e-01 1.49e-01f  1
  21  6.7799201e+01 1.92e-02 6.58e+00  -2.9 1.94e-01    -  1.08e-01 6.24e-01f  1
  22  6.6898795e+01 1.83e-02 5.32e+00  -3.4 9.92e-01    -  4.17e-01 1.17e-01f  1
  23  6.7462061e+01 1.14e-02 6.72e+00  -2.4 8.79e-01    -  2.01e-01 3.91e-01F  1
  24  6.3703105e+01 0.00e+00 1.37e+00  -2.6 4.48e-01    -  1.00e+00 1.00e+00h  1
  25  6.3976234e+01 0.00e+00 1.62e+00  -2.3 1.50e-01    -  1.00e+00 1.00e+00h  1
  26  6.3239887e+01 0.00e+00 1.20e+00  -2.5 8.92e-02    -  1.00e+00 1.00e+00h  1
  27  7.3301814e+01 0.00e+00 7.81e+00  -2.2 3.65e-01    -  7.69e-01 1.00e+00H  1
  28  6.2691627e+01 0.00e+00 2.49e+00  -2.4 4.50e-01    -  1.00e+00 8.47e-01f  1
  29  6.3878910e+01 0.00e+00 3.77e+00  -2.0 3.01e-01    -  1.00e+00 9.14e-01h  1
iter    objective    inf_pr   inf_du lg(mu)  ||d||  lg(rg) alpha_du alpha_pr  ls
  30  6.3758893e+01 0.00e+00 4.83e+00  -2.1 1.75e-01    -  1.00e+00 1.00e+00f  1
  31  6.2223030e+01 0.00e+00 4.20e-01  -2.1 7.14e-02    -  1.00e+00 1.00e+00h  1
  32  6.1613969e+01 0.00e+00 5.18e-01  -2.9 3.89e-02    -  9.98e-01 1.00e+00h  1
  33  6.1389261e+01 0.00e+00 1.69e+00  -3.1 1.43e-01    -  1.00e+00 1.18e-01h  3
  34  6.0411889e+01 0.00e+00 1.24e+00  -3.4 5.59e-02    -  1.00e+00 8.20e-01h  1
  35  6.0178512e+01 0.00e+00 2.07e+00  -3.1 6.81e-01    -  1.00e+00 1.66e-01h  2
  36  6.0104617e+01 0.00e+00 2.29e+00  -3.1 7.12e-01    -  1.00e+00 2.14e-01h  2
  37  6.0484254e+01 0.00e+00 2.75e+00  -3.0 1.34e-01    -  8.98e-01 1.00e+00h  1
  38  5.9525257e+01 0.00e+00 4.81e-01  -3.1 1.01e-01    -  1.00e+00 1.00e+00h  1
  39  5.9428640e+01 0.00e+00 8.42e-01  -3.8 4.27e-02    -  1.00e+00 1.00e+00h  1
iter    objective    inf_pr   inf_du lg(mu)  ||d||  lg(rg) alpha_du alpha_pr  ls
  40  5.9292126e+01 3.79e-04 7.77e-01  -3.9 1.03e-01    -  1.00e+00 8.93e-01h  1
  41  5.9177753e+01 5.73e-04 8.24e-01  -3.1 4.39e-01    -  6.03e-01 1.25e-01h  1
  42  6.1880684e+01 0.00e+00 3.91e+00  -3.3 2.03e-01    -  6.59e-01 1.00e+00H  1
  43  5.9149283e+01 1.37e-04 8.73e-01  -3.4 2.15e-01    -  1.00e+00 1.00e+00f  1
  44  5.9165575e+01 2.07e-04 1.35e+00  -4.4 1.23e-01    -  6.87e-01 5.03e-01h  1
  45  5.8988848e+01 0.00e+00 3.88e-01  -3.9 4.57e-02    -  1.00e+00 1.00e+00h  1
  46  5.8991655e+01 0.00e+00 5.89e-01  -4.3 1.48e-02    -  1.00e+00 9.99e-01h  1
  47  5.8967197e+01 2.01e-06 8.56e-02  -5.4 9.76e-03    -  1.00e+00 1.00e+00h  1

Number of Iterations....: 47

                                   (scaled)                 (unscaled)
Objective...............:   3.9680370517822983e+00    5.8967197311327041e+01
Dual infeasibility......:   8.5600714229712785e-02    1.2720733551887526e+00
Constraint violation....:   2.0066464809787021e-06    2.0066464809787021e-06
Variable bound violation:   0.0000000000000000e+00    0.0000000000000000e+00
Complementarity.........:   1.7354103760078200e-05    2.5789145797470167e-04
Overall NLP error.......:   8.5600714229712785e-02    1.2720733551887526e+00


Number of objective function evaluations             = 75
Number of objective gradient evaluations             = 48
Number of equality constraint evaluations            = 0
Number of inequality constraint evaluations          = 77
Number of equality constraint Jacobian evaluations   = 0
Number of inequality constraint Jacobian evaluations = 48
Number of Lagrangian Hessian evaluations             = 0
Total seconds in IPOPT                               = 0.211

EXIT: Solved To Acceptable Level.
