
=== worker start 2026-10-09T20:35:40 foci
Warp 1.17.0 initialized:
   CUDA Toolkit 12.9, Driver 13.3
   Devices:
     "cpu"      : "CPU"
     "cuda:0"   : "NVIDIA L40S" (44 GiB, sm_89, mempool enabled)
   Kernel cache:
     /scratch/wg2381/.cache/warp/1.17.0
m_t_to_s (1, 1)
CasADi - 2026-10-09 20:35:53 WARNING("CasADi was not compiled with WITH_OPENMP=ON. Falling back to serial evaluation.") [.../casadi/core/map.cpp:429]
CasADi - 2026-10-09 20:35:53 WARNING("CasADi was not compiled with WITH_OPENMP=ON. Falling back to serial evaluation.") [.../casadi/core/map.cpp:429]

******************************************************************************
This program contains Ipopt, a library for large-scale nonlinear optimization.
 Ipopt is released as open source code under the Eclipse Public License (EPL).
         For more information visit https://github.com/coin-or/Ipopt
******************************************************************************

This is Ipopt version 3.14.19, running with linear solver MUMPS 5.8.2.

Number of nonzeros in equality constraint Jacobian...:        0
Number of nonzeros in inequality constraint Jacobian.:      488
Number of nonzeros in Lagrangian Hessian.............:        0

Module foci.convolution.gaussian_robot_warp bcbe703 load on device 'cuda:0' took 27.47 ms  (cached)
Total number of variables............................:       40
                     variables with only lower bounds:        0
                variables with lower and upper bounds:        0
                     variables with only upper bounds:        0
Total number of equality constraints.................:        0
Total number of inequality constraints...............:       57
        inequality constraints with only lower bounds:        0
   inequality constraints with lower and upper bounds:       57
        inequality constraints with only upper bounds:        0

iter    objective    inf_pr   inf_du lg(mu)  ||d||  lg(rg) alpha_du alpha_pr  ls
   0  1.7320518e+04 9.52e-01 4.97e+01   0.0 0.00e+00    -  0.00e+00 0.00e+00   0
   1  9.5499315e+03 9.05e-01 1.43e+02   1.4 4.02e+01    -  1.89e-01 2.23e-03f  1
   2  5.4459143e+01 1.19e+00 2.67e+02  -1.4 2.95e+01    -  1.95e-01 1.99e-02f  4
   3  5.3361436e+01 1.73e-01 1.01e+01  -0.9 6.01e-01    -  8.87e-01 1.00e+00h  1
   4  6.7273605e+01 8.20e-02 5.36e+00  -1.3 4.39e-01    -  8.91e-01 5.00e-01h  2
   5  6.9493516e+01 3.40e-02 3.99e+00  -2.2 1.82e-01    -  8.34e-01 5.00e-01h  2
   6  4.6566059e+01 8.48e-01 5.11e-01  -2.0 3.62e-01    -  9.99e-01 1.00e+00h  1
   7  5.9498999e+01 1.72e-02 1.36e-01  -2.1 3.76e-01    -  1.00e+00 1.00e+00h  1
   8  3.8688103e+01 2.56e-01 1.39e-01  -2.2 2.12e-01    -  1.00e+00 1.00e+00h  1
   9  2.5438222e+01 0.00e+00 5.31e-02  -3.0 1.73e-01    -  9.97e-01 1.00e+00h  1
iter    objective    inf_pr   inf_du lg(mu)  ||d||  lg(rg) alpha_du alpha_pr  ls
  10  1.7623955e+01 0.00e+00 7.57e-02  -3.1 3.21e-01    -  1.00e+00 9.99e-01h  1
  11  1.3132515e+01 0.00e+00 5.13e-02  -3.3 1.86e-01    -  9.97e-01 1.00e+00h  1
  12  9.6396224e+00 0.00e+00 2.42e-02  -3.6 2.14e-01    -  1.00e+00 1.00e+00h  1
  13  7.2734678e+00 0.00e+00 1.76e-02  -4.0 1.05e-01    -  9.99e-01 1.00e+00h  1
  14  1.4036297e+01 0.00e+00 6.76e-02  -2.8 5.07e-01    -  3.68e-01 5.87e-01H  1
  15  8.3417484e+00 0.00e+00 2.45e-02  -3.2 6.94e-01    -  8.32e-01 9.07e-01h  1
  16  6.3212104e+00 0.00e+00 3.43e-02  -3.2 2.43e-01    -  1.00e+00 1.00e+00h  1
  17  5.3059862e+00 0.00e+00 1.58e-02  -4.0 1.97e-01    -  9.99e-01 2.50e-01h  3
  18  3.8740902e+00 0.00e+00 1.73e-02  -4.1 1.27e-01    -  1.00e+00 1.00e+00h  1
  19  3.9320766e+00 0.00e+00 5.59e-02  -4.1 8.44e-02    -  9.86e-01 1.00e+00h  1
iter    objective    inf_pr   inf_du lg(mu)  ||d||  lg(rg) alpha_du alpha_pr  ls
  20  3.2521835e+00 0.00e+00 3.21e-02  -4.2 9.10e-02    -  1.00e+00 1.00e+00h  1
  21  2.6306857e+00 0.00e+00 1.58e-02  -4.4 1.32e-01    -  1.00e+00 1.00e+00h  1
  22  2.4153392e+00 0.00e+00 6.81e-03  -4.4 7.93e-02    -  1.00e+00 1.00e+00h  1
  23  2.3958742e+00 0.00e+00 1.11e-02  -4.5 5.10e-02    -  9.99e-01 1.00e+00h  1
  24  2.1927278e+00 0.00e+00 7.31e-03  -4.8 2.57e-02    -  1.00e+00 1.00e+00h  1
  25  2.0451076e+00 0.00e+00 5.80e-03  -5.3 2.57e-02    -  1.00e+00 1.00e+00h  1

Number of Iterations....: 25

                                   (scaled)                 (unscaled)
Objective...............:   4.4588827160078684e-03    2.0451076301752606e+00
Dual infeasibility......:   5.7974758915865709e-03    2.6590657204493953e+00
Constraint violation....:   0.0000000000000000e+00    0.0000000000000000e+00
Variable bound violation:   0.0000000000000000e+00    0.0000000000000000e+00
Complementarity.........:   8.8020083118750172e-06    4.0371221909147647e-03
Overall NLP error.......:   5.7974758915865709e-03    2.6590657204493953e+00


Number of objective function evaluations             = 39
Number of objective gradient evaluations             = 26
Number of equality constraint evaluations            = 0
Number of inequality constraint evaluations          = 39
Number of equality constraint Jacobian evaluations   = 0
Number of inequality constraint Jacobian evaluations = 26
Number of Lagrangian Hessian evaluations             = 0
Total seconds in IPOPT                               = 0.174

EXIT: Solved To Acceptable Level.
This is Ipopt version 3.14.19, running with linear solver MUMPS 5.8.2.

Number of nonzeros in equality constraint Jacobian...:        0
Number of nonzeros in inequality constraint Jacobian.:      488
Number of nonzeros in Lagrangian Hessian.............:        0

Total number of variables............................:       40
                     variables with only lower bounds:        0
                variables with lower and upper bounds:        0
                     variables with only upper bounds:        0
Total number of equality constraints.................:        0
Total number of inequality constraints...............:       57
        inequality constraints with only lower bounds:        0
   inequality constraints with lower and upper bounds:       57
        inequality constraints with only upper bounds:        0

iter    objective    inf_pr   inf_du lg(mu)  ||d||  lg(rg) alpha_du alpha_pr  ls
   0  2.2208774e+04 8.88e+00 4.63e+01   0.0 0.00e+00    -  0.00e+00 0.00e+00   0
   1  1.0433335e+03 8.58e+00 7.41e+01  -0.3 3.42e+01    -  1.74e-02 3.66e-02f  1
   2  8.1344496e+02 7.39e+00 6.41e+01  -1.0 1.93e+00    -  5.33e-01 1.46e-01f  1
   3  6.6649160e+02 2.70e+00 1.66e+01  -2.0 1.82e+00    -  4.32e-01 7.93e-01h  1
   4  1.0355018e+02 1.56e+00 1.27e+01  -2.4 1.07e+00    -  5.82e-01 4.81e-01f  1
   5  1.4882514e+02 4.48e-01 2.57e+00  -1.1 8.78e-01    -  8.77e-01 1.00e+00f  1
   6  1.3607397e+02 1.87e-01 2.64e-01  -1.7 5.29e-01    -  9.11e-01 1.00e+00h  1
   7  1.2428143e+02 1.34e-01 2.18e-01  -2.5 4.18e-01    -  9.78e-01 1.00e+00h  1
   8  6.9014034e+02 3.46e-02 8.29e+00  -2.2 6.81e-01    -  1.00e+00 1.00e+00H  1
   9  9.4927102e+01 1.92e-03 1.42e-01  -2.3 6.14e-01    -  1.00e+00 1.00e+00f  1
iter    objective    inf_pr   inf_du lg(mu)  ||d||  lg(rg) alpha_du alpha_pr  ls
  10  8.9883432e+01 1.81e-02 2.24e-01  -2.4 2.53e-01    -  9.80e-01 1.00e+00h  1
  11  6.6515995e+01 0.00e+00 9.11e-02  -3.0 2.28e-01    -  9.97e-01 1.00e+00h  1
  12  3.9677254e+01 2.75e-02 5.34e-02  -3.6 8.78e-01    -  9.66e-01 8.13e-01h  1
  13  9.7751772e+01 1.01e+00 1.56e-01  -2.3 1.92e+00    -  8.94e-01 4.73e-01f  1
  14  7.8513941e+01 2.50e-01 9.52e-02  -2.4 6.62e-01    -  1.00e+00 1.00e+00h  1
  15  5.2522894e+01 1.31e-02 5.40e-02  -2.4 2.70e-01    -  1.00e+00 1.00e+00h  1
  16  4.1510032e+01 2.46e-02 9.98e-02  -3.0 3.14e-01    -  9.95e-01 1.00e+00h  1
  17  3.0860007e+01 6.11e-03 5.66e-02  -3.1 1.69e-01    -  1.00e+00 1.00e+00h  1
  18  2.8513333e+01 0.00e+00 3.24e-02  -3.6 8.38e-02    -  9.98e-01 1.00e+00h  1
  19  2.5630758e+01 1.57e-03 1.08e-02  -3.6 8.37e-02    -  1.00e+00 9.88e-01h  1
iter    objective    inf_pr   inf_du lg(mu)  ||d||  lg(rg) alpha_du alpha_pr  ls
  20  2.3429088e+01 1.19e-03 6.61e-03  -4.3 9.63e-02    -  1.00e+00 1.00e+00h  1
  21  2.2956544e+01 2.61e-03 2.79e-02  -4.0 1.38e-01    -  1.00e+00 9.67e-01h  1
  22  2.3219117e+01 1.39e-03 1.17e-02  -3.7 7.61e-02    -  9.73e-01 1.00e+00h  1
  23  2.2060285e+01 3.80e-04 6.03e-03  -4.5 4.19e-02    -  1.00e+00 1.00e+00h  1
  24  2.1720051e+01 1.48e-03 1.09e-02  -4.7 1.25e-01    -  1.00e+00 9.98e-01h  1
  25  2.1454721e+01 2.08e-03 1.33e-02  -5.1 1.77e-01    -  1.00e+00 1.00e+00h  1
  26  2.1399602e+01 2.51e-03 9.45e-03  -4.7 1.52e-01    -  1.00e+00 3.93e-01h  1
  27  2.1396861e+01 8.54e-04 4.53e-03  -4.8 8.26e-02    -  1.00e+00 1.00e+00h  1
  28  2.2091897e+01 0.00e+00 2.23e-02  -4.5 7.77e-02    -  1.00e+00 1.00e+00H  1
  29  2.1322705e+01 1.25e-03 1.12e-03  -4.7 4.38e-02    -  1.00e+00 1.00e+00h  1
iter    objective    inf_pr   inf_du lg(mu)  ||d||  lg(rg) alpha_du alpha_pr  ls
  30  2.1389134e+01 8.40e-05 1.80e-03  -5.3 1.89e-02    -  1.00e+00 1.00e+00h  1

Number of Iterations....: 30

                                   (scaled)                 (unscaled)
Objective...............:   3.7454440157741457e-02    2.1389133730491128e+01
Dual infeasibility......:   1.7979532048306955e-03    1.0267584130833751e+00
Constraint violation....:   8.3969046953992488e-05    8.3969046953992488e-05
Variable bound violation:   0.0000000000000000e+00    0.0000000000000000e+00
Complementarity.........:   8.0929873089855605e-06    4.6216680079058988e-03
Overall NLP error.......:   1.7979532048306955e-03    1.0267584130833751e+00


Number of objective function evaluations             = 33
Number of objective gradient evaluations             = 31
Number of equality constraint evaluations            = 0
Number of inequality constraint evaluations          = 33
Number of equality constraint Jacobian evaluations   = 0
Number of inequality constraint Jacobian evaluations = 31
Number of Lagrangian Hessian evaluations             = 0
Total seconds in IPOPT                               = 0.133

EXIT: Solved To Acceptable Level.
This is Ipopt version 3.14.19, running with linear solver MUMPS 5.8.2.

Number of nonzeros in equality constraint Jacobian...:        0
Number of nonzeros in inequality constraint Jacobian.:      488
Number of nonzeros in Lagrangian Hessian.............:        0

Total number of variables............................:       40
                     variables with only lower bounds:        0
                variables with lower and upper bounds:        0
                     variables with only upper bounds:        0
Total number of equality constraints.................:        0
Total number of inequality constraints...............:       57
        inequality constraints with only lower bounds:        0
   inequality constraints with lower and upper bounds:       57
        inequality constraints with only upper bounds:        0

iter    objective    inf_pr   inf_du lg(mu)  ||d||  lg(rg) alpha_du alpha_pr  ls
   0  8.3677172e+03 6.31e+00 3.17e+01   0.0 0.00e+00    -  0.00e+00 0.00e+00   0
   1  5.3752093e+03 6.25e+00 2.26e+01   1.4 3.65e+01    -  1.41e-01 1.86e-03f  1
   2  9.8473853e+02 1.69e+00 8.45e+01  -0.8 1.68e+00    -  6.34e-01 9.59e-01f  1
   3  7.8493658e+02 4.55e-01 2.10e+01  -0.0 8.85e-01    -  9.53e-01 1.00e+00f  1
   4  6.9375749e+02 9.61e-02 3.71e+00  -1.0 8.16e-01    -  9.98e-01 1.00e+00h  1
   5  4.9910424e+02 8.96e-03 1.88e+00  -1.2 3.85e-01    -  9.82e-01 1.00e+00f  1
   6  2.6852812e+02 0.00e+00 7.17e-01  -1.9 1.01e+00    -  9.96e-01 1.00e+00f  1
   7  1.4646708e+02 0.00e+00 3.50e-01  -2.2 5.21e-01    -  1.00e+00 1.00e+00h  1
   8  1.0047209e+02 1.35e-02 4.00e-01  -1.7 3.18e-01    -  1.00e+00 5.97e-01h  1
   9  7.9613595e+01 0.00e+00 1.71e-01  -2.4 3.60e-01    -  9.95e-01 1.00e+00h  1
iter    objective    inf_pr   inf_du lg(mu)  ||d||  lg(rg) alpha_du alpha_pr  ls
  10  6.7962018e+01 5.51e-03 4.19e-01  -2.5 1.03e+00    -  1.00e+00 4.67e-01h  2
  11  5.8528575e+01 4.86e-03 4.77e-01  -3.1 5.64e-01    -  9.99e-01 2.50e-01h  3
  12  2.8656562e+01 6.64e-04 1.40e-01  -3.3 2.96e-01    -  1.00e+00 9.99e-01h  1
  13  2.0408108e+01 0.00e+00 5.42e-02  -3.7 1.27e-01    -  1.00e+00 1.00e+00h  1
  14  1.5802031e+01 2.38e-03 7.25e-02  -3.3 1.12e-01    -  1.00e+00 1.00e+00h  1
  15  1.2587586e+01 1.21e-02 7.64e-02  -3.6 2.03e-01    -  1.00e+00 1.00e+00h  1
  16  1.1227177e+01 5.76e-03 4.65e-02  -3.6 1.33e-01    -  1.00e+00 5.00e-01h  2
  17  1.0762720e+01 0.00e+00 3.80e-02  -3.4 5.12e-01    -  1.00e+00 1.00e+00h  1
  18  9.8157753e+00 0.00e+00 1.98e-02  -3.6 1.57e-01    -  9.99e-01 1.00e+00h  1
  19  9.0851481e+00 0.00e+00 2.17e-02  -4.1 1.27e-01    -  1.00e+00 1.00e+00h  1
iter    objective    inf_pr   inf_du lg(mu)  ||d||  lg(rg) alpha_du alpha_pr  ls
  20  9.4539198e+00 0.00e+00 7.99e-02  -3.6 1.58e-01    -  1.00e+00 1.00e+00H  1
  21  9.0967719e+00 0.00e+00 5.96e-02  -3.6 2.10e-01    -  1.00e+00 8.98e-01h  1
  22  8.1186964e+00 0.00e+00 3.45e-02  -3.7 1.38e-01    -  1.00e+00 1.00e+00h  1
  23  7.7106295e+00 0.00e+00 1.70e-02  -3.8 9.80e-02    -  1.00e+00 1.00e+00h  1
  24  7.2078920e+00 1.67e-05 1.30e-02  -4.8 4.12e-02    -  1.00e+00 1.00e+00h  1
  25  7.3881608e+00 0.00e+00 5.08e-02  -4.1 1.14e-01    -  1.00e+00 1.00e+00H  1
  26  7.1483920e+00 6.09e-04 4.47e-02  -4.4 2.32e-01    -  1.00e+00 4.92e-01h  2
  27  9.0983739e+00 0.00e+00 6.31e-02  -3.7 4.13e-01    -  5.54e-01 1.00e+00H  1
  28  8.8316715e+00 0.00e+00 1.15e-01  -3.9 2.64e-01    -  5.75e-01 1.00e+00H  1
  29  7.4231671e+00 0.00e+00 6.23e-02  -3.9 8.54e-02    -  1.00e+00 1.00e+00h  1
iter    objective    inf_pr   inf_du lg(mu)  ||d||  lg(rg) alpha_du alpha_pr  ls
  30  6.9448780e+00 0.00e+00 1.75e-02  -3.9 7.15e-02    -  1.00e+00 1.00e+00h  1
  31  6.5763387e+00 0.00e+00 1.01e-02  -4.8 3.49e-02    -  1.00e+00 1.00e+00h  1
  32  7.4898504e+00 0.00e+00 6.87e-02  -4.4 8.22e-02    -  1.00e+00 9.50e-01H  1
  33  6.8424964e+00 0.00e+00 3.03e-02  -4.1 7.69e-02    -  1.00e+00 1.00e+00h  1
  34  6.8879962e+00 0.00e+00 4.15e-02  -4.2 1.38e-01    -  3.89e-01 6.76e-01H  1
  35  6.3579922e+00 0.00e+00 2.54e-02  -4.2 2.37e-02    -  1.00e+00 1.00e+00f  1
  36  6.4113304e+00 0.00e+00 3.55e-02  -4.4 1.47e-01    -  9.14e-01 1.00e+00H  1
  37  6.0828766e+00 0.00e+00 6.38e-03  -4.8 1.16e-01    -  1.00e+00 1.00e+00h  1

Number of Iterations....: 37

                                   (scaled)                 (unscaled)
Objective...............:   2.0325773016509611e-02    6.0828765759849439e+00
Dual infeasibility......:   6.3840483305568109e-03    1.9105486427678491e+00
Constraint violation....:   0.0000000000000000e+00    0.0000000000000000e+00
Variable bound violation:   0.0000000000000000e+00    0.0000000000000000e+00
Complementarity.........:   2.6242425017214406e-05    7.8535479218721851e-03
Overall NLP error.......:   6.3840483305568109e-03    1.9105486427678491e+00


Number of objective function evaluations             = 62
Number of objective gradient evaluations             = 38
Number of equality constraint evaluations            = 0
Number of inequality constraint evaluations          = 62
Number of equality constraint Jacobian evaluations   = 0
Number of inequality constraint Jacobian evaluations = 38
Number of Lagrangian Hessian evaluations             = 0
Total seconds in IPOPT                               = 0.174

EXIT: Solved To Acceptable Level.
This is Ipopt version 3.14.19, running with linear solver MUMPS 5.8.2.

Number of nonzeros in equality constraint Jacobian...:        0
Number of nonzeros in inequality constraint Jacobian.:      488
Number of nonzeros in Lagrangian Hessian.............:        0

Total number of variables............................:       40
                     variables with only lower bounds:        0
                variables with lower and upper bounds:        0
                     variables with only upper bounds:        0
Total number of equality constraints.................:        0
Total number of inequality constraints...............:       57
        inequality constraints with only lower bounds:        0
   inequality constraints with lower and upper bounds:       57
        inequality constraints with only upper bounds:        0

iter    objective    inf_pr   inf_du lg(mu)  ||d||  lg(rg) alpha_du alpha_pr  ls
   0  9.2734652e+04 8.16e+00 7.55e+01   0.0 0.00e+00    -  0.00e+00 0.00e+00   0
   1  2.7654206e+02 8.05e+00 3.73e+01   0.8 6.89e+01    -  9.14e-01 8.12e-03f  1
   2  5.6565176e+02 2.12e+00 1.16e+02  -1.1 1.90e+00    -  6.20e-01 9.65e-01h  1
   3  1.0698634e+03 8.82e-01 5.45e+01  -0.5 9.77e-01    -  7.80e-01 1.00e+00f  1
   4  1.2312066e+03 2.14e-01 5.21e+00  -1.5 4.73e-01    -  9.14e-01 1.00e+00h  1
   5  1.0667491e+03 3.80e-03 1.25e+00  -1.8 2.61e-01    -  8.43e-01 1.00e+00h  1
   6  8.7987433e+02 0.00e+00 3.05e-01  -2.4 2.67e-01    -  1.00e+00 1.00e+00h  1
   7  5.5008870e+02 0.00e+00 2.05e-01  -2.5 5.21e-01    -  9.53e-01 1.00e+00h  1
   8  2.7028956e+02 1.56e+00 7.57e-02  -2.0 7.23e-01    -  1.00e+00 1.00e+00h  1
   9  1.8335095e+02 1.36e-03 4.38e-02  -2.7 3.26e-01    -  9.98e-01 1.00e+00h  1
iter    objective    inf_pr   inf_du lg(mu)  ||d||  lg(rg) alpha_du alpha_pr  ls
  10  1.2313379e+02 0.00e+00 5.22e-02  -3.2 3.84e-01    -  9.95e-01 1.00e+00h  1
  11  1.7519895e+02 0.00e+00 9.74e-02  -3.0 1.11e+00    -  1.00e+00 9.19e-01H  1
  12  7.9108721e+01 0.00e+00 1.29e-02  -3.7 3.38e-01    -  1.00e+00 1.00e+00h  1
  13  6.5396197e+01 0.00e+00 1.29e-02  -4.6 1.91e-01    -  9.99e-01 1.00e+00h  1
  14  5.9420098e+01 0.00e+00 3.51e-02  -3.1 1.22e+00    -  1.48e-01 4.99e-01H  1
  15  4.1966783e+01 1.35e-02 3.21e-02  -4.9 1.63e+00    -  3.19e-01 5.88e-01h  1
  16  3.4639909e+01 1.16e-02 2.07e-02  -5.7 2.68e+00    -  2.77e-01 1.78e-01h  1
  17  2.9564307e+01 7.88e-03 1.20e-02 -10.2 2.88e-01    -  1.64e-02 4.63e-01h  1
  18  3.1938052e+01 1.07e-02 2.50e-02  -4.3 1.63e-01    -  1.00e+00 1.00e+00h  1
  19  2.5532306e+01 0.00e+00 9.67e-03  -4.6 9.35e-02    -  1.00e+00 1.00e+00h  1
iter    objective    inf_pr   inf_du lg(mu)  ||d||  lg(rg) alpha_du alpha_pr  ls
  20  2.4161943e+01 0.00e+00 6.99e-03  -4.7 1.56e-01    -  1.00e+00 1.00e+00h  1
  21  2.2997222e+01 0.00e+00 3.03e-03  -5.5 3.95e-02    -  1.00e+00 1.00e+00h  1
  22  2.2905004e+01 0.00e+00 1.24e-02  -4.4 4.03e-01    -  1.00e+00 1.00e+00H  1
  23  2.4425221e+01 0.00e+00 2.59e-02  -4.7 3.21e-01    -  4.06e-01 1.00e+00H  1
  24  2.1082768e+01 2.38e-03 1.04e-02  -4.6 1.59e-01    -  1.00e+00 8.57e-01h  1
  25  1.8693415e+01 1.40e-03 8.89e-03  -4.7 2.14e-01    -  1.00e+00 1.00e+00h  1
  26  1.7966024e+01 6.01e-04 4.78e-03  -4.5 4.20e-01    -  9.88e-01 4.63e-01h  2
  27  1.7738459e+01 0.00e+00 7.66e-03  -4.6 1.61e-01    -  1.00e+00 1.00e+00h  1
  28  1.7949379e+01 0.00e+00 1.49e-02  -5.4 1.21e-01    -  1.00e+00 1.00e+00H  1
  29  1.7541758e+01 0.00e+00 1.07e-02  -5.4 1.69e-01    -  1.00e+00 1.00e+00h  1
iter    objective    inf_pr   inf_du lg(mu)  ||d||  lg(rg) alpha_du alpha_pr  ls
  30  1.6589447e+01 2.27e-04 2.29e-03  -4.7 1.73e-01    -  1.00e+00 1.00e+00h  1
  31  1.6170173e+01 2.73e-04 2.84e-03  -5.4 4.48e-02    -  1.00e+00 1.00e+00h  1
  32  1.5966481e+01 0.00e+00 5.03e-03  -5.1 1.20e-01    -  1.00e+00 1.00e+00H  1
  33  1.6642542e+01 0.00e+00 6.91e-03  -4.7 1.37e-01    -  1.00e+00 1.00e+00H  1
  34  1.5943967e+01 0.00e+00 2.84e-03  -4.8 1.74e-01    -  1.00e+00 1.00e+00h  1
  35  1.5398339e+01 0.00e+00 1.04e-03  -5.3 1.00e-01    -  1.00e+00 1.00e+00h  1
  36  1.4975570e+01 2.43e-04 2.75e-03  -5.6 7.04e-02    -  1.00e+00 1.00e+00h  1

Number of Iterations....: 36

                                   (scaled)                 (unscaled)
Objective...............:   5.5211709178287606e-03    1.4975569826315880e+01
Dual infeasibility......:   2.7535143580461616e-03    7.4686053285413898e+00
Constraint violation....:   2.4298272052125647e-04    2.4298272052125647e-04
Variable bound violation:   0.0000000000000000e+00    0.0000000000000000e+00
Complementarity.........:   3.1901661389461660e-06    8.6529753348270760e-03
Overall NLP error.......:   2.7535143580461616e-03    7.4686053285413898e+00


Number of objective function evaluations             = 47
Number of objective gradient evaluations             = 37
Number of equality constraint evaluations            = 0
Number of inequality constraint evaluations          = 47
Number of equality constraint Jacobian evaluations   = 0
Number of inequality constraint Jacobian evaluations = 37
Number of Lagrangian Hessian evaluations             = 0
Total seconds in IPOPT                               = 0.162

EXIT: Solved To Acceptable Level.
